
> aapr-client@1.0.0 test
> vitest run src/features/practices/pages/PracticeCatalog.test.tsx


[7m[1m[36m RUN [39m[22m[27m [36mv0.34.6[39m [90mC:/Users/nmatton/OneDrive - Universit├® de Namur/PhD_Nicolas_Matton/AgilePractices/APR_proto/bmad_version/client[39m

 [33mÔØ»[39m src/features/practices/pages/PracticeCatalog.test.tsx [2m ([22m[2m11 tests[22m [2m|[22m [31m9 failed[39m[2m)[22m[90m 205[2mms[22m[39m
[31m   [33mÔØ»[31m src/features/practices/pages/PracticeCatalog.test.tsx[2m > [22mPracticeCatalog[2m > [22mrenders practices list[39m
[31m     ÔåÆ Cannot read properties of undefined (reading 'includes')[39m
[31m   [33mÔØ»[31m src/features/practices/pages/PracticeCatalog.test.tsx[2m > [22mPracticeCatalog[2m > [22mshows empty state when no practices[39m
[31m     ÔåÆ Cannot read properties of undefined (reading 'includes')[39m
[31m   [33mÔØ»[31m src/features/practices/pages/PracticeCatalog.test.tsx[2m > [22mPracticeCatalog[2m > [22mshows search empty state message with query[39m
[31m     ÔåÆ Cannot read properties of undefined (reading 'includes')[39m
[31m   [33mÔØ»[31m src/features/practices/pages/PracticeCatalog.test.tsx[2m > [22mPracticeCatalog[2m > [22mdebounces search input and updates query[39m
[31m     ÔåÆ Cannot read properties of undefined (reading 'includes')[39m
[31m   [33mÔØ»[31m src/features/practices/pages/PracticeCatalog.test.tsx[2m > [22mPracticeCatalog[2m > [22mclears search input when clicking the clear button[39m
[31m     ÔåÆ Cannot read properties of undefined (reading 'includes')[39m
[31m   [33mÔØ»[31m src/features/practices/pages/PracticeCatalog.test.tsx[2m > [22mPracticeCatalog[2m > [22mshows pillar dropdown options and toggles selection[39m
[31m     ÔåÆ Cannot read properties of undefined (reading 'includes')[39m
[31m   [33mÔØ»[31m src/features/practices/pages/PracticeCatalog.test.tsx[2m > [22mPracticeCatalog[2m > [22mallows multiple pillar selection[39m
[31m     ÔåÆ Cannot read properties of undefined (reading 'includes')[39m
[31m   [33mÔØ»[31m src/features/practices/pages/PracticeCatalog.test.tsx[2m > [22mPracticeCatalog[2m > [22mclears filters from the active filters section[39m
[31m     ÔåÆ Cannot read properties of undefined (reading 'includes')[39m
[31m   [33mÔØ»[31m src/features/practices/pages/PracticeCatalog.test.tsx[2m > [22mPracticeCatalog[2m > [22mshows toast when results update under active filters[39m
[31m     ÔåÆ Cannot read properties of undefined (reading 'includes')[39m
node.exe : [90mstderr[2m | 
src/features/practices/pages/PracticeCatalog.test.tsx[2m > 
[22m[2mPracticeCatalog[2m > [22m[2mrenders practices 
list[22m[39m
Au caractère C:\Users\nmatton\AppData\Roaming\npm\npm.ps1:24 : 5
+     & "node$exe"  "$basedir/node_modules/npm/bin/npm-cli.js" 
$args
+     
~~~~~~~~~~~~~~~~~~~~~~~~~~~~~~~~~~~~~~~~~~~~~~~~~~~~~~~~~~~~~~
    + CategoryInfo          : NotSpecified: ([90mstderr[2m... li 
   st[22m[39m:String) [], RemoteException
    + FullyQualifiedErrorId : NativeCommandError
 
Error: Uncaught [TypeError: Cannot read properties of undefined 
(reading 'includes')]
    at reportException (C:\Users\nmatton\OneDrive - Universit├® de 
Namur\PhD_Nicolas_Matton\AgilePractices\APR_proto\bmad_version\clie
nt\node_modules\jsdom\lib\jsdom\living\helpers\runtime-script-error
s.js:66:24)
    at innerInvokeEventListeners (C:\Users\nmatton\OneDrive - 
Universit├® de Namur\PhD_Nicolas_Matton\AgilePractices\APR_proto\bm
ad_version\client\node_modules\jsdom\lib\jsdom\living\events\EventT
arget-impl.js:353:9)
    at invokeEventListeners (C:\Users\nmatton\OneDrive - 
Universit├® de Namur\PhD_Nicolas_Matton\AgilePractices\APR_proto\bm
ad_version\client\node_modules\jsdom\lib\jsdom\living\events\EventT
arget-impl.js:286:3)
    at HTMLUnknownElementImpl._dispatch (C:\Users\nmatton\OneDrive 
- Universit├® de Namur\PhD_Nicolas_Matton\AgilePractices\APR_proto\
bmad_version\client\node_modules\jsdom\lib\jsdom\living\events\Even
tTarget-impl.js:233:9)
    at HTMLUnknownElementImpl.dispatchEvent 
(C:\Users\nmatton\OneDrive - Universit├® de Namur\PhD_Nicolas_Matto
n\AgilePractices\APR_proto\bmad_version\client\node_modules\jsdom\l
ib\jsdom\living\events\EventTarget-impl.js:104:17)
    at HTMLUnknownElement.dispatchEvent (C:\Users\nmatton\OneDrive 
- Universit├® de Namur\PhD_Nicolas_Matton\AgilePractices\APR_proto\
bmad_version\client\node_modules\jsdom\lib\jsdom\living\generated\E
ventTarget.js:241:34)
    at Object.invokeGuardedCallbackDev (C:\Users\nmatton\OneDrive 
- Universit├® de Namur\PhD_Nicolas_Matton\AgilePractices\APR_proto\
bmad_version\client\node_modules\react-dom\cjs\react-dom.developmen
t.js:4213:16)
    at invokeGuardedCallback (C:\Users\nmatton\OneDrive - 
Universit├® de Namur\PhD_Nicolas_Matton\AgilePractices\APR_proto\bm
ad_version\client\node_modules\react-dom\cjs\react-dom.development.
js:4277:31)
    at beginWork$1 (C:\Users\nmatton\OneDrive - Universit├® de Namu
r\PhD_Nicolas_Matton\AgilePractices\APR_proto\bmad_version\client\n
ode_modules\react-dom\cjs\react-dom.development.js:27451:7)
    at performUnitOfWork (C:\Users\nmatton\OneDrive - Universit├® 
de Namur\PhD_Nicolas_Matton\AgilePractices\APR_proto\bmad_version\c
lient\node_modules\react-dom\cjs\react-dom.development.js:26560:12)
 TypeError: Cannot read properties of undefined (reading 
'includes')
    at [90mC:\Users\nmatton\OneDrive - Universit├® de Namur\PhD_Ni
colas_Matton\AgilePractices\APR_proto\bmad_version\client\[39msrc\
features\practices\components\CategoryFilter.tsx:23:57
    at Array.map (<anonymous>)
    at CategoryFilter [90m(C:\Users\nmatton\OneDrive - 
Universit├® de Namur\PhD_Nicolas_Matton\AgilePractices\APR_proto\bm
ad_version\client\[39msrc\features\practices\components\CategoryFi
lter.tsx:19:29[90m)[39m
    at renderWithHooks [90m(C:\Users\nmatton\OneDrive - 
Universit├® de Namur\PhD_Nicolas_Matton\AgilePractices\APR_proto\bm
ad_version\client\[39mnode_modules\[4mreact-dom[24m\cjs\react-do
m.development.js:16305:18[90m)[39m
    at mountIndeterminateComponent [90m(C:\Users\nmatton\OneDrive 
- Universit├® de Namur\PhD_Nicolas_Matton\AgilePractices\APR_proto\
bmad_version\client\[39mnode_modules\[4mreact-dom[24m\cjs\react-
dom.development.js:20074:13[90m)[39m
    at beginWork [90m(C:\Users\nmatton\OneDrive - Universit├® de N
amur\PhD_Nicolas_Matton\AgilePractices\APR_proto\bmad_version\clien
t\[39mnode_modules\[4mreact-dom[24m\cjs\react-dom.development.js
:21587:16[90m)[39m
    at HTMLUnknownElement.callCallback 
[90m(C:\Users\nmatton\OneDrive - Universit├® de Namur\PhD_Nicolas_
Matton\AgilePractices\APR_proto\bmad_version\client\[39mnode_modul
es\[4mreact-dom[24m\cjs\react-dom.development.js:4164:14[90m)[3
9m
    at HTMLUnknownElement.callTheUserObjectsOperation 
[90m(C:\Users\nmatton\OneDrive - Universit├® de Namur\PhD_Nicolas_
Matton\AgilePractices\APR_proto\bmad_version\client\[39mnode_modul
es\[4mjsdom[24m\lib\jsdom\living\generated\EventListener.js:26:30
[90m)[39m
    at innerInvokeEventListeners [90m(C:\Users\nmatton\OneDrive - 
Universit├® de Namur\PhD_Nicolas_Matton\AgilePractices\APR_proto\bm
ad_version\client\[39mnode_modules\[4mjsdom[24m\lib\jsdom\living
\events\EventTarget-impl.js:350:25[90m)[39m
    at invokeEventListeners [90m(C:\Users\nmatton\OneDrive - 
Universit├® de Namur\PhD_Nicolas_Matton\AgilePractices\APR_proto\bm
ad_version\client\[39mnode_modules\[4mjsdom[24m\lib\jsdom\living
\events\EventTarget-impl.js:286:3[90m)[39m
Error: Uncaught [TypeError: Cannot read properties of undefined 
(reading 'includes')]
    at reportException (C:\Users\nmatton\OneDrive - Universit├® de 
Namur\PhD_Nicolas_Matton\AgilePractices\APR_proto\bmad_version\clie
nt\node_modules\jsdom\lib\jsdom\living\helpers\runtime-script-error
s.js:66:24)
    at innerInvokeEventListeners (C:\Users\nmatton\OneDrive - 
Universit├® de Namur\PhD_Nicolas_Matton\AgilePractices\APR_proto\bm
ad_version\client\node_modules\jsdom\lib\jsdom\living\events\EventT
arget-impl.js:353:9)
    at invokeEventListeners (C:\Users\nmatton\OneDrive - 
Universit├® de Namur\PhD_Nicolas_Matton\AgilePractices\APR_proto\bm
ad_version\client\node_modules\jsdom\lib\jsdom\living\events\EventT
arget-impl.js:286:3)
    at HTMLUnknownElementImpl._dispatch (C:\Users\nmatton\OneDrive 
- Universit├® de Namur\PhD_Nicolas_Matton\AgilePractices\APR_proto\
bmad_version\client\node_modules\jsdom\lib\jsdom\living\events\Even
tTarget-impl.js:233:9)
    at HTMLUnknownElementImpl.dispatchEvent 
(C:\Users\nmatton\OneDrive - Universit├® de Namur\PhD_Nicolas_Matto
n\AgilePractices\APR_proto\bmad_version\client\node_modules\jsdom\l
ib\jsdom\living\events\EventTarget-impl.js:104:17)
    at HTMLUnknownElement.dispatchEvent (C:\Users\nmatton\OneDrive 
- Universit├® de Namur\PhD_Nicolas_Matton\AgilePractices\APR_proto\
bmad_version\client\node_modules\jsdom\lib\jsdom\living\generated\E
ventTarget.js:241:34)
    at Object.invokeGuardedCallbackDev (C:\Users\nmatton\OneDrive 
- Universit├® de Namur\PhD_Nicolas_Matton\AgilePractices\APR_proto\
bmad_version\client\node_modules\react-dom\cjs\react-dom.developmen
t.js:4213:16)
    at invokeGuardedCallback (C:\Users\nmatton\OneDrive - 
Universit├® de Namur\PhD_Nicolas_Matton\AgilePractices\APR_proto\bm
ad_version\client\node_modules\react-dom\cjs\react-dom.development.
js:4277:31)
    at beginWork$1 (C:\Users\nmatton\OneDrive - Universit├® de Namu
r\PhD_Nicolas_Matton\AgilePractices\APR_proto\bmad_version\client\n
ode_modules\react-dom\cjs\react-dom.development.js:27451:7)
    at performUnitOfWork (C:\Users\nmatton\OneDrive - Universit├® 
de Namur\PhD_Nicolas_Matton\AgilePractices\APR_proto\bmad_version\c
lient\node_modules\react-dom\cjs\react-dom.development.js:26560:12)
 TypeError: Cannot read properties of undefined (reading 
'includes')
    at [90mC:\Users\nmatton\OneDrive - Universit├® de Namur\PhD_Ni
colas_Matton\AgilePractices\APR_proto\bmad_version\client\[39msrc\
features\practices\components\MethodFilter.tsx:24:54
    at Array.map (<anonymous>)
    at MethodFilter [90m(C:\Users\nmatton\OneDrive - Universit├® 
de Namur\PhD_Nicolas_Matton\AgilePractices\APR_proto\bmad_version\c
lient\[39msrc\features\practices\components\MethodFilter.tsx:20:26
[90m)[39m
    at renderWithHooks [90m(C:\Users\nmatton\OneDrive - 
Universit├® de Namur\PhD_Nicolas_Matton\AgilePractices\APR_proto\bm
ad_version\client\[39mnode_modules\[4mreact-dom[24m\cjs\react-do
m.development.js:16305:18[90m)[39m
    at mountIndeterminateComponent [90m(C:\Users\nmatton\OneDrive 
- Universit├® de Namur\PhD_Nicolas_Matton\AgilePractices\APR_proto\
bmad_version\client\[39mnode_modules\[4mreact-dom[24m\cjs\react-
dom.development.js:20074:13[90m)[39m
    at beginWork [90m(C:\Users\nmatton\OneDrive - Universit├® de N
amur\PhD_Nicolas_Matton\AgilePractices\APR_proto\bmad_version\clien
t\[39mnode_modules\[4mreact-dom[24m\cjs\react-dom.development.js
:21587:16[90m)[39m
    at HTMLUnknownElement.callCallback 
[90m(C:\Users\nmatton\OneDrive - Universit├® de Namur\PhD_Nicolas_
Matton\AgilePractices\APR_proto\bmad_version\client\[39mnode_modul
es\[4mreact-dom[24m\cjs\react-dom.development.js:4164:14[90m)[3
9m
    at HTMLUnknownElement.callTheUserObjectsOperation 
[90m(C:\Users\nmatton\OneDrive - Universit├® de Namur\PhD_Nicolas_
Matton\AgilePractices\APR_proto\bmad_version\client\[39mnode_modul
es\[4mjsdom[24m\lib\jsdom\living\generated\EventListener.js:26:30
[90m)[39m
    at innerInvokeEventListeners [90m(C:\Users\nmatton\OneDrive - 
Universit├® de Namur\PhD_Nicolas_Matton\AgilePractices\APR_proto\bm
ad_version\client\[39mnode_modules\[4mjsdom[24m\lib\jsdom\living
\events\EventTarget-impl.js:350:25[90m)[39m
    at invokeEventListeners [90m(C:\Users\nmatton\OneDrive - 
Universit├® de Namur\PhD_Nicolas_Matton\AgilePractices\APR_proto\bm
ad_version\client\[39mnode_modules\[4mjsdom[24m\lib\jsdom\living
\events\EventTarget-impl.js:286:3[90m)[39m
Error: Uncaught [TypeError: Cannot read properties of undefined 
(reading 'length')]
    at reportException (C:\Users\nmatton\OneDrive - Universit├® de 
Namur\PhD_Nicolas_Matton\AgilePractices\APR_proto\bmad_version\clie
nt\node_modules\jsdom\lib\jsdom\living\helpers\runtime-script-error
s.js:66:24)
    at innerInvokeEventListeners (C:\Users\nmatton\OneDrive - 
Universit├® de Namur\PhD_Nicolas_Matton\AgilePractices\APR_proto\bm
ad_version\client\node_modules\jsdom\lib\jsdom\living\events\EventT
arget-impl.js:353:9)
    at invokeEventListeners (C:\Users\nmatton\OneDrive - 
Universit├® de Namur\PhD_Nicolas_Matton\AgilePractices\APR_proto\bm
ad_version\client\node_modules\jsdom\lib\jsdom\living\events\EventT
arget-impl.js:286:3)
    at HTMLUnknownElementImpl._dispatch (C:\Users\nmatton\OneDrive 
- Universit├® de Namur\PhD_Nicolas_Matton\AgilePractices\APR_proto\
bmad_version\client\node_modules\jsdom\lib\jsdom\living\events\Even
tTarget-impl.js:233:9)
    at HTMLUnknownElementImpl.dispatchEvent 
(C:\Users\nmatton\OneDrive - Universit├® de Namur\PhD_Nicolas_Matto
n\AgilePractices\APR_proto\bmad_version\client\node_modules\jsdom\l
ib\jsdom\living\events\EventTarget-impl.js:104:17)
    at HTMLUnknownElement.dispatchEvent (C:\Users\nmatton\OneDrive 
- Universit├® de Namur\PhD_Nicolas_Matton\AgilePractices\APR_proto\
bmad_version\client\node_modules\jsdom\lib\jsdom\living\generated\E
ventTarget.js:241:34)
    at Object.invokeGuardedCallbackDev (C:\Users\nmatton\OneDrive 
- Universit├® de Namur\PhD_Nicolas_Matton\AgilePractices\APR_proto\
bmad_version\client\node_modules\react-dom\cjs\react-dom.developmen
t.js:4213:16)
    at invokeGuardedCallback (C:\Users\nmatton\OneDrive - 
Universit├® de Namur\PhD_Nicolas_Matton\AgilePractices\APR_proto\bm
ad_version\client\node_modules\react-dom\cjs\react-dom.development.
js:4277:31)
    at beginWork$1 (C:\Users\nmatton\OneDrive - Universit├® de Namu
r\PhD_Nicolas_Matton\AgilePractices\APR_proto\bmad_version\client\n
ode_modules\react-dom\cjs\react-dom.development.js:27451:7)
    at performUnitOfWork (C:\Users\nmatton\OneDrive - Universit├® 
de Namur\PhD_Nicolas_Matton\AgilePractices\APR_proto\bmad_version\c
lient\node_modules\react-dom\cjs\react-dom.development.js:26560:12)
 TypeError: Cannot read properties of undefined (reading 'length')
    at ActiveFilters [90m(C:\Users\nmatton\OneDrive - Universit├® 
de Namur\PhD_Nicolas_Matton\AgilePractices\APR_proto\bmad_version\c
lient\[39msrc\features\practices\components\ActiveFilters.tsx:15:4
3[90m)[39m
    at renderWithHooks [90m(C:\Users\nmatton\OneDrive - 
Universit├® de Namur\PhD_Nicolas_Matton\AgilePractices\APR_proto\bm
ad_version\client\[39mnode_modules\[4mreact-dom[24m\cjs\react-do
m.development.js:16305:18[90m)[39m
    at mountIndeterminateComponent [90m(C:\Users\nmatton\OneDrive 
- Universit├® de Namur\PhD_Nicolas_Matton\AgilePractices\APR_proto\
bmad_version\client\[39mnode_modules\[4mreact-dom[24m\cjs\react-
dom.development.js:20074:13[90m)[39m
    at beginWork [90m(C:\Users\nmatton\OneDrive - Universit├® de N
amur\PhD_Nicolas_Matton\AgilePractices\APR_proto\bmad_version\clien
t\[39mnode_modules\[4mreact-dom[24m\cjs\react-dom.development.js
:21587:16[90m)[39m
    at HTMLUnknownElement.callCallback 
[90m(C:\Users\nmatton\OneDrive - Universit├® de Namur\PhD_Nicolas_
Matton\AgilePractices\APR_proto\bmad_version\client\[39mnode_modul
es\[4mreact-dom[24m\cjs\react-dom.development.js:4164:14[90m)[3
9m
    at HTMLUnknownElement.callTheUserObjectsOperation 
[90m(C:\Users\nmatton\OneDrive - Universit├® de Namur\PhD_Nicolas_
Matton\AgilePractices\APR_proto\bmad_version\client\[39mnode_modul
es\[4mjsdom[24m\lib\jsdom\living\generated\EventListener.js:26:30
[90m)[39m
    at innerInvokeEventListeners [90m(C:\Users\nmatton\OneDrive - 
Universit├® de Namur\PhD_Nicolas_Matton\AgilePractices\APR_proto\bm
ad_version\client\[39mnode_modules\[4mjsdom[24m\lib\jsdom\living
\events\EventTarget-impl.js:350:25[90m)[39m
    at invokeEventListeners [90m(C:\Users\nmatton\OneDrive - 
Universit├® de Namur\PhD_Nicolas_Matton\AgilePractices\APR_proto\bm
ad_version\client\[39mnode_modules\[4mjsdom[24m\lib\jsdom\living
\events\EventTarget-impl.js:286:3[90m)[39m
    at HTMLUnknownElementImpl._dispatch 
[90m(C:\Users\nmatton\OneDrive - Universit├® de Namur\PhD_Nicolas_
Matton\AgilePractices\APR_proto\bmad_version\client\[39mnode_modul
es\[4mjsdom[24m\lib\jsdom\living\events\EventTarget-impl.js:233:9
[90m)[39m
    at HTMLUnknownElementImpl.dispatchEvent 
[90m(C:\Users\nmatton\OneDrive - Universit├® de Namur\PhD_Nicolas_
Matton\AgilePractices\APR_proto\bmad_version\client\[39mnode_modul
es\[4mjsdom[24m\lib\jsdom\living\events\EventTarget-impl.js:104:1
7[90m)[39m
Error: Uncaught [TypeError: Cannot read properties of undefined 
(reading 'includes')]
    at reportException (C:\Users\nmatton\OneDrive - Universit├® de 
Namur\PhD_Nicolas_Matton\AgilePractices\APR_proto\bmad_version\clie
nt\node_modules\jsdom\lib\jsdom\living\helpers\runtime-script-error
s.js:66:24)
    at innerInvokeEventListeners (C:\Users\nmatton\OneDrive - 
Universit├® de Namur\PhD_Nicolas_Matton\AgilePractices\APR_proto\bm
ad_version\client\node_modules\jsdom\lib\jsdom\living\events\EventT
arget-impl.js:353:9)
    at invokeEventListeners (C:\Users\nmatton\OneDrive - 
Universit├® de Namur\PhD_Nicolas_Matton\AgilePractices\APR_proto\bm
ad_version\client\node_modules\jsdom\lib\jsdom\living\events\EventT
arget-impl.js:286:3)
    at HTMLUnknownElementImpl._dispatch (C:\Users\nmatton\OneDrive 
- Universit├® de Namur\PhD_Nicolas_Matton\AgilePractices\APR_proto\
bmad_version\client\node_modules\jsdom\lib\jsdom\living\events\Even
tTarget-impl.js:233:9)
    at HTMLUnknownElementImpl.dispatchEvent 
(C:\Users\nmatton\OneDrive - Universit├® de Namur\PhD_Nicolas_Matto
n\AgilePractices\APR_proto\bmad_version\client\node_modules\jsdom\l
ib\jsdom\living\events\EventTarget-impl.js:104:17)
    at HTMLUnknownElement.dispatchEvent (C:\Users\nmatton\OneDrive 
- Universit├® de Namur\PhD_Nicolas_Matton\AgilePractices\APR_proto\
bmad_version\client\node_modules\jsdom\lib\jsdom\living\generated\E
ventTarget.js:241:34)
    at Object.invokeGuardedCallbackDev (C:\Users\nmatton\OneDrive 
- Universit├® de Namur\PhD_Nicolas_Matton\AgilePractices\APR_proto\
bmad_version\client\node_modules\react-dom\cjs\react-dom.developmen
t.js:4213:16)
    at invokeGuardedCallback (C:\Users\nmatton\OneDrive - 
Universit├® de Namur\PhD_Nicolas_Matton\AgilePractices\APR_proto\bm
ad_version\client\node_modules\react-dom\cjs\react-dom.development.
js:4277:31)
    at beginWork$1 (C:\Users\nmatton\OneDrive - Universit├® de Namu
r\PhD_Nicolas_Matton\AgilePractices\APR_proto\bmad_version\client\n
ode_modules\react-dom\cjs\react-dom.development.js:27451:7)
    at performUnitOfWork (C:\Users\nmatton\OneDrive - Universit├® 
de Namur\PhD_Nicolas_Matton\AgilePractices\APR_proto\bmad_version\c
lient\node_modules\react-dom\cjs\react-dom.development.js:26560:12)
 TypeError: Cannot read properties of undefined (reading 
'includes')
    at [90mC:\Users\nmatton\OneDrive - Universit├® de Namur\PhD_Ni
colas_Matton\AgilePractices\APR_proto\bmad_version\client\[39msrc\
features\practices\components\CategoryFilter.tsx:23:57
    at Array.map (<anonymous>)
    at CategoryFilter [90m(C:\Users\nmatton\OneDrive - 
Universit├® de Namur\PhD_Nicolas_Matton\AgilePractices\APR_proto\bm
ad_version\client\[39msrc\features\practices\components\CategoryFi
lter.tsx:19:29[90m)[39m
    at renderWithHooks [90m(C:\Users\nmatton\OneDrive - 
Universit├® de Namur\PhD_Nicolas_Matton\AgilePractices\APR_proto\bm
ad_version\client\[39mnode_modules\[4mreact-dom[24m\cjs\react-do
m.development.js:16305:18[90m)[39m
    at mountIndeterminateComponent [90m(C:\Users\nmatton\OneDrive 
- Universit├® de Namur\PhD_Nicolas_Matton\AgilePractices\APR_proto\
bmad_version\client\[39mnode_modules\[4mreact-dom[24m\cjs\react-
dom.development.js:20074:13[90m)[39m
    at beginWork [90m(C:\Users\nmatton\OneDrive - Universit├® de N
amur\PhD_Nicolas_Matton\AgilePractices\APR_proto\bmad_version\clien
t\[39mnode_modules\[4mreact-dom[24m\cjs\react-dom.development.js
:21587:16[90m)[39m
    at HTMLUnknownElement.callCallback 
[90m(C:\Users\nmatton\OneDrive - Universit├® de Namur\PhD_Nicolas_
Matton\AgilePractices\APR_proto\bmad_version\client\[39mnode_modul
es\[4mreact-dom[24m\cjs\react-dom.development.js:4164:14[90m)[3
9m
    at HTMLUnknownElement.callTheUserObjectsOperation 
[90m(C:\Users\nmatton\OneDrive - Universit├® de Namur\PhD_Nicolas_
Matton\AgilePractices\APR_proto\bmad_version\client\[39mnode_modul
es\[4mjsdom[24m\lib\jsdom\living\generated\EventListener.js:26:30
[90m)[39m
    at innerInvokeEventListeners [90m(C:\Users\nmatton\OneDrive - 
Universit├® de Namur\PhD_Nicolas_Matton\AgilePractices\APR_proto\bm
ad_version\client\[39mnode_modules\[4mjsdom[24m\lib\jsdom\living
\events\EventTarget-impl.js:350:25[90m)[39m
    at invokeEventListeners [90m(C:\Users\nmatton\OneDrive - 
Universit├® de Namur\PhD_Nicolas_Matton\AgilePractices\APR_proto\bm
ad_version\client\[39mnode_modules\[4mjsdom[24m\lib\jsdom\living
\events\EventTarget-impl.js:286:3[90m)[39m
Error: Uncaught [TypeError: Cannot read properties of undefined 
(reading 'includes')]
    at reportException (C:\Users\nmatton\OneDrive - Universit├® de 
Namur\PhD_Nicolas_Matton\AgilePractices\APR_proto\bmad_version\clie
nt\node_modules\jsdom\lib\jsdom\living\helpers\runtime-script-error
s.js:66:24)
    at innerInvokeEventListeners (C:\Users\nmatton\OneDrive - 
Universit├® de Namur\PhD_Nicolas_Matton\AgilePractices\APR_proto\bm
ad_version\client\node_modules\jsdom\lib\jsdom\living\events\EventT
arget-impl.js:353:9)
    at invokeEventListeners (C:\Users\nmatton\OneDrive - 
Universit├® de Namur\PhD_Nicolas_Matton\AgilePractices\APR_proto\bm
ad_version\client\node_modules\jsdom\lib\jsdom\living\events\EventT
arget-impl.js:286:3)
    at HTMLUnknownElementImpl._dispatch (C:\Users\nmatton\OneDrive 
- Universit├® de Namur\PhD_Nicolas_Matton\AgilePractices\APR_proto\
bmad_version\client\node_modules\jsdom\lib\jsdom\living\events\Even
tTarget-impl.js:233:9)
    at HTMLUnknownElementImpl.dispatchEvent 
(C:\Users\nmatton\OneDrive - Universit├® de Namur\PhD_Nicolas_Matto
n\AgilePractices\APR_proto\bmad_version\client\node_modules\jsdom\l
ib\jsdom\living\events\EventTarget-impl.js:104:17)
    at HTMLUnknownElement.dispatchEvent (C:\Users\nmatton\OneDrive 
- Universit├® de Namur\PhD_Nicolas_Matton\AgilePractices\APR_proto\
bmad_version\client\node_modules\jsdom\lib\jsdom\living\generated\E
ventTarget.js:241:34)
    at Object.invokeGuardedCallbackDev (C:\Users\nmatton\OneDrive 
- Universit├® de Namur\PhD_Nicolas_Matton\AgilePractices\APR_proto\
bmad_version\client\node_modules\react-dom\cjs\react-dom.developmen
t.js:4213:16)
    at invokeGuardedCallback (C:\Users\nmatton\OneDrive - 
Universit├® de Namur\PhD_Nicolas_Matton\AgilePractices\APR_proto\bm
ad_version\client\node_modules\react-dom\cjs\react-dom.development.
js:4277:31)
    at beginWork$1 (C:\Users\nmatton\OneDrive - Universit├® de Namu
r\PhD_Nicolas_Matton\AgilePractices\APR_proto\bmad_version\client\n
ode_modules\react-dom\cjs\react-dom.development.js:27451:7)
    at performUnitOfWork (C:\Users\nmatton\OneDrive - Universit├® 
de Namur\PhD_Nicolas_Matton\AgilePractices\APR_proto\bmad_version\c
lient\node_modules\react-dom\cjs\react-dom.development.js:26560:12)
 TypeError: Cannot read properties of undefined (reading 
'includes')
    at [90mC:\Users\nmatton\OneDrive - Universit├® de Namur\PhD_Ni
colas_Matton\AgilePractices\APR_proto\bmad_version\client\[39msrc\
features\practices\components\MethodFilter.tsx:24:54
    at Array.map (<anonymous>)
    at MethodFilter [90m(C:\Users\nmatton\OneDrive - Universit├® 
de Namur\PhD_Nicolas_Matton\AgilePractices\APR_proto\bmad_version\c
lient\[39msrc\features\practices\components\MethodFilter.tsx:20:26
[90m)[39m
    at renderWithHooks [90m(C:\Users\nmatton\OneDrive - 
Universit├® de Namur\PhD_Nicolas_Matton\AgilePractices\APR_proto\bm
ad_version\client\[39mnode_modules\[4mreact-dom[24m\cjs\react-do
m.development.js:16305:18[90m)[39m
    at mountIndeterminateComponent [90m(C:\Users\nmatton\OneDrive 
- Universit├® de Namur\PhD_Nicolas_Matton\AgilePractices\APR_proto\
bmad_version\client\[39mnode_modules\[4mreact-dom[24m\cjs\react-
dom.development.js:20074:13[90m)[39m
    at beginWork [90m(C:\Users\nmatton\OneDrive - Universit├® de N
amur\PhD_Nicolas_Matton\AgilePractices\APR_proto\bmad_version\clien
t\[39mnode_modules\[4mreact-dom[24m\cjs\react-dom.development.js
:21587:16[90m)[39m
    at HTMLUnknownElement.callCallback 
[90m(C:\Users\nmatton\OneDrive - Universit├® de Namur\PhD_Nicolas_
Matton\AgilePractices\APR_proto\bmad_version\client\[39mnode_modul
es\[4mreact-dom[24m\cjs\react-dom.development.js:4164:14[90m)[3
9m
    at HTMLUnknownElement.callTheUserObjectsOperation 
[90m(C:\Users\nmatton\OneDrive - Universit├® de Namur\PhD_Nicolas_
Matton\AgilePractices\APR_proto\bmad_version\client\[39mnode_modul
es\[4mjsdom[24m\lib\jsdom\living\generated\EventListener.js:26:30
[90m)[39m
    at innerInvokeEventListeners [90m(C:\Users\nmatton\OneDrive - 
Universit├® de Namur\PhD_Nicolas_Matton\AgilePractices\APR_proto\bm
ad_version\client\[39mnode_modules\[4mjsdom[24m\lib\jsdom\living
\events\EventTarget-impl.js:350:25[90m)[39m
    at invokeEventListeners [90m(C:\Users\nmatton\OneDrive - 
Universit├® de Namur\PhD_Nicolas_Matton\AgilePractices\APR_proto\bm
ad_version\client\[39mnode_modules\[4mjsdom[24m\lib\jsdom\living
\events\EventTarget-impl.js:286:3[90m)[39m
Error: Uncaught [TypeError: Cannot read properties of undefined 
(reading 'length')]
    at reportException (C:\Users\nmatton\OneDrive - Universit├® de 
Namur\PhD_Nicolas_Matton\AgilePractices\APR_proto\bmad_version\clie
nt\node_modules\jsdom\lib\jsdom\living\helpers\runtime-script-error
s.js:66:24)
    at innerInvokeEventListeners (C:\Users\nmatton\OneDrive - 
Universit├® de Namur\PhD_Nicolas_Matton\AgilePractices\APR_proto\bm
ad_version\client\node_modules\jsdom\lib\jsdom\living\events\EventT
arget-impl.js:353:9)
    at invokeEventListeners (C:\Users\nmatton\OneDrive - 
Universit├® de Namur\PhD_Nicolas_Matton\AgilePractices\APR_proto\bm
ad_version\client\node_modules\jsdom\lib\jsdom\living\events\EventT
arget-impl.js:286:3)
    at HTMLUnknownElementImpl._dispatch (C:\Users\nmatton\OneDrive 
- Universit├® de Namur\PhD_Nicolas_Matton\AgilePractices\APR_proto\
bmad_version\client\node_modules\jsdom\lib\jsdom\living\events\Even
tTarget-impl.js:233:9)
    at HTMLUnknownElementImpl.dispatchEvent 
(C:\Users\nmatton\OneDrive - Universit├® de Namur\PhD_Nicolas_Matto
n\AgilePractices\APR_proto\bmad_version\client\node_modules\jsdom\l
ib\jsdom\living\events\EventTarget-impl.js:104:17)
    at HTMLUnknownElement.dispatchEvent (C:\Users\nmatton\OneDrive 
- Universit├® de Namur\PhD_Nicolas_Matton\AgilePractices\APR_proto\
bmad_version\client\node_modules\jsdom\lib\jsdom\living\generated\E
ventTarget.js:241:34)
    at Object.invokeGuardedCallbackDev (C:\Users\nmatton\OneDrive 
- Universit├® de Namur\PhD_Nicolas_Matton\AgilePractices\APR_proto\
bmad_version\client\node_modules\react-dom\cjs\react-dom.developmen
t.js:4213:16)
    at invokeGuardedCallback (C:\Users\nmatton\OneDrive - 
Universit├® de Namur\PhD_Nicolas_Matton\AgilePractices\APR_proto\bm
ad_version\client\node_modules\react-dom\cjs\react-dom.development.
js:4277:31)
    at beginWork$1 (C:\Users\nmatton\OneDrive - Universit├® de Namu
r\PhD_Nicolas_Matton\AgilePractices\APR_proto\bmad_version\client\n
ode_modules\react-dom\cjs\react-dom.development.js:27451:7)
    at performUnitOfWork (C:\Users\nmatton\OneDrive - Universit├® 
de Namur\PhD_Nicolas_Matton\AgilePractices\APR_proto\bmad_version\c
lient\node_modules\react-dom\cjs\react-dom.development.js:26560:12)
 TypeError: Cannot read properties of undefined (reading 'length')
    at ActiveFilters [90m(C:\Users\nmatton\OneDrive - Universit├® 
de Namur\PhD_Nicolas_Matton\AgilePractices\APR_proto\bmad_version\c
lient\[39msrc\features\practices\components\ActiveFilters.tsx:15:4
3[90m)[39m
    at renderWithHooks [90m(C:\Users\nmatton\OneDrive - 
Universit├® de Namur\PhD_Nicolas_Matton\AgilePractices\APR_proto\bm
ad_version\client\[39mnode_modules\[4mreact-dom[24m\cjs\react-do
m.development.js:16305:18[90m)[39m
    at mountIndeterminateComponent [90m(C:\Users\nmatton\OneDrive 
- Universit├® de Namur\PhD_Nicolas_Matton\AgilePractices\APR_proto\
bmad_version\client\[39mnode_modules\[4mreact-dom[24m\cjs\react-
dom.development.js:20074:13[90m)[39m
    at beginWork [90m(C:\Users\nmatton\OneDrive - Universit├® de N
amur\PhD_Nicolas_Matton\AgilePractices\APR_proto\bmad_version\clien
t\[39mnode_modules\[4mreact-dom[24m\cjs\react-dom.development.js
:21587:16[90m)[39m
    at HTMLUnknownElement.callCallback 
[90m(C:\Users\nmatton\OneDrive - Universit├® de Namur\PhD_Nicolas_
Matton\AgilePractices\APR_proto\bmad_version\client\[39mnode_modul
es\[4mreact-dom[24m\cjs\react-dom.development.js:4164:14[90m)[3
9m
    at HTMLUnknownElement.callTheUserObjectsOperation 
[90m(C:\Users\nmatton\OneDrive - Universit├® de Namur\PhD_Nicolas_
Matton\AgilePractices\APR_proto\bmad_version\client\[39mnode_modul
es\[4mjsdom[24m\lib\jsdom\living\generated\EventListener.js:26:30
[90m)[39m
    at innerInvokeEventListeners [90m(C:\Users\nmatton\OneDrive - 
Universit├® de Namur\PhD_Nicolas_Matton\AgilePractices\APR_proto\bm
ad_version\client\[39mnode_modules\[4mjsdom[24m\lib\jsdom\living
\events\EventTarget-impl.js:350:25[90m)[39m
    at invokeEventListeners [90m(C:\Users\nmatton\OneDrive - 
Universit├® de Namur\PhD_Nicolas_Matton\AgilePractices\APR_proto\bm
ad_version\client\[39mnode_modules\[4mjsdom[24m\lib\jsdom\living
\events\EventTarget-impl.js:286:3[90m)[39m
    at HTMLUnknownElementImpl._dispatch 
[90m(C:\Users\nmatton\OneDrive - Universit├® de Namur\PhD_Nicolas_
Matton\AgilePractices\APR_proto\bmad_version\client\[39mnode_modul
es\[4mjsdom[24m\lib\jsdom\living\events\EventTarget-impl.js:233:9
[90m)[39m
    at HTMLUnknownElementImpl.dispatchEvent 
[90m(C:\Users\nmatton\OneDrive - Universit├® de Namur\PhD_Nicolas_
Matton\AgilePractices\APR_proto\bmad_version\client\[39mnode_modul
es\[4mjsdom[24m\lib\jsdom\living\events\EventTarget-impl.js:104:1
7[90m)[39m
The above error occurred in the <CategoryFilter> component:

    at CategoryFilter (C:\Users\nmatton\OneDrive - Universit├® de N
amur\PhD_Nicolas_Matton\AgilePractices\APR_proto\bmad_version\clien
t\src\features\practices\components\CategoryFilter.tsx:20:104)
    at div
    at div
    at div
    at div
    at main
    at div
    at PracticeCatalog (C:\Users\nmatton\OneDrive - Universit├® de 
Namur\PhD_Nicolas_Matton\AgilePractices\APR_proto\bmad_version\clie
nt\src\features\practices\pages\PracticeCatalog.tsx:59:73)
    at Router (file:///C:/Users/nmatton/OneDrive%20-%20Universit%C3
%A9%20de%20Namur/PhD_Nicolas_Matton/AgilePractices/APR_proto/bmad_v
ersion/client/node_modules/react-router/dist/development/chunk-EPOL
DU6W.mjs:6605:13)
    at MemoryRouter (file:///C:/Users/nmatton/OneDrive%20-%20Univer
sit%C3%A9%20de%20Namur/PhD_Nicolas_Matton/AgilePractices/APR_proto/
bmad_version/client/node_modules/react-router/dist/development/chun
k-EPOLDU6W.mjs:6521:3)

Consider adding an error boundary to your tree to customize error 
handling behavior.
Visit https://reactjs.org/link/error-boundaries to learn more 
about error boundaries.
The above error occurred in the <MethodFilter> component:

    at MethodFilter (C:\Users\nmatton\OneDrive - Universit├® de Nam
ur\PhD_Nicolas_Matton\AgilePractices\APR_proto\bmad_version\client\
src\features\practices\components\MethodFilter.tsx:21:101)
    at div
    at div
    at div
    at div
    at main
    at div
    at PracticeCatalog (C:\Users\nmatton\OneDrive - Universit├® de 
Namur\PhD_Nicolas_Matton\AgilePractices\APR_proto\bmad_version\clie
nt\src\features\practices\pages\PracticeCatalog.tsx:59:73)
    at Router (file:///C:/Users/nmatton/OneDrive%20-%20Universit%C3
%A9%20de%20Namur/PhD_Nicolas_Matton/AgilePractices/APR_proto/bmad_v
ersion/client/node_modules/react-router/dist/development/chunk-EPOL
DU6W.mjs:6605:13)
    at MemoryRouter (file:///C:/Users/nmatton/OneDrive%20-%20Univer
sit%C3%A9%20de%20Namur/PhD_Nicolas_Matton/AgilePractices/APR_proto/
bmad_version/client/node_modules/react-router/dist/development/chun
k-EPOLDU6W.mjs:6521:3)

Consider adding an error boundary to your tree to customize error 
handling behavior.
Visit https://reactjs.org/link/error-boundaries to learn more 
about error boundaries.
The above error occurred in the <ActiveFilters> component:

    at ActiveFilters (C:\Users\nmatton\OneDrive - Universit├® de Na
mur\PhD_Nicolas_Matton\AgilePractices\APR_proto\bmad_version\client
\src\features\practices\components\ActiveFilters.tsx:15:41)
    at div
    at div
    at div
    at main
    at div
    at PracticeCatalog (C:\Users\nmatton\OneDrive - Universit├® de 
Namur\PhD_Nicolas_Matton\AgilePractices\APR_proto\bmad_version\clie
nt\src\features\practices\pages\PracticeCatalog.tsx:59:73)
    at Router (file:///C:/Users/nmatton/OneDrive%20-%20Universit%C3
%A9%20de%20Namur/PhD_Nicolas_Matton/AgilePractices/APR_proto/bmad_v
ersion/client/node_modules/react-router/dist/development/chunk-EPOL
DU6W.mjs:6605:13)
    at MemoryRouter (file:///C:/Users/nmatton/OneDrive%20-%20Univer
sit%C3%A9%20de%20Namur/PhD_Nicolas_Matton/AgilePractices/APR_proto/
bmad_version/client/node_modules/react-router/dist/development/chun
k-EPOLDU6W.mjs:6521:3)

Consider adding an error boundary to your tree to customize error 
handling behavior.
Visit https://reactjs.org/link/error-boundaries to learn more 
about error boundaries.

[90mstderr[2m | 
src/features/practices/pages/PracticeCatalog.test.tsx[2m > 
[22m[2mPracticeCatalog[2m > [22m[2mshows empty state when no 
practices[22m[39m
Error: Uncaught [TypeError: Cannot read properties of undefined 
(reading 'includes')]
    at reportException (C:\Users\nmatton\OneDrive - Universit├® de 
Namur\PhD_Nicolas_Matton\AgilePractices\APR_proto\bmad_version\clie
nt\node_modules\jsdom\lib\jsdom\living\helpers\runtime-script-error
s.js:66:24)
    at innerInvokeEventListeners (C:\Users\nmatton\OneDrive - 
Universit├® de Namur\PhD_Nicolas_Matton\AgilePractices\APR_proto\bm
ad_version\client\node_modules\jsdom\lib\jsdom\living\events\EventT
arget-impl.js:353:9)
    at invokeEventListeners (C:\Users\nmatton\OneDrive - 
Universit├® de Namur\PhD_Nicolas_Matton\AgilePractices\APR_proto\bm
ad_version\client\node_modules\jsdom\lib\jsdom\living\events\EventT
arget-impl.js:286:3)
    at HTMLUnknownElementImpl._dispatch (C:\Users\nmatton\OneDrive 
- Universit├® de Namur\PhD_Nicolas_Matton\AgilePractices\APR_proto\
bmad_version\client\node_modules\jsdom\lib\jsdom\living\events\Even
tTarget-impl.js:233:9)
    at HTMLUnknownElementImpl.dispatchEvent 
(C:\Users\nmatton\OneDrive - Universit├® de Namur\PhD_Nicolas_Matto
n\AgilePractices\APR_proto\bmad_version\client\node_modules\jsdom\l
ib\jsdom\living\events\EventTarget-impl.js:104:17)
    at HTMLUnknownElement.dispatchEvent (C:\Users\nmatton\OneDrive 
- Universit├® de Namur\PhD_Nicolas_Matton\AgilePractices\APR_proto\
bmad_version\client\node_modules\jsdom\lib\jsdom\living\generated\E
ventTarget.js:241:34)
    at Object.invokeGuardedCallbackDev (C:\Users\nmatton\OneDrive 
- Universit├® de Namur\PhD_Nicolas_Matton\AgilePractices\APR_proto\
bmad_version\client\node_modules\react-dom\cjs\react-dom.developmen
t.js:4213:16)
    at invokeGuardedCallback (C:\Users\nmatton\OneDrive - 
Universit├® de Namur\PhD_Nicolas_Matton\AgilePractices\APR_proto\bm
ad_version\client\node_modules\react-dom\cjs\react-dom.development.
js:4277:31)
    at beginWork$1 (C:\Users\nmatton\OneDrive - Universit├® de Namu
r\PhD_Nicolas_Matton\AgilePractices\APR_proto\bmad_version\client\n
ode_modules\react-dom\cjs\react-dom.development.js:27451:7)
    at performUnitOfWork (C:\Users\nmatton\OneDrive - Universit├® 
de Namur\PhD_Nicolas_Matton\AgilePractices\APR_proto\bmad_version\c
lient\node_modules\react-dom\cjs\react-dom.development.js:26560:12)
 TypeError: Cannot read properties of undefined (reading 
'includes')
    at [90mC:\Users\nmatton\OneDrive - Universit├® de Namur\PhD_Ni
colas_Matton\AgilePractices\APR_proto\bmad_version\client\[39msrc\
features\practices\components\CategoryFilter.tsx:23:57
    at Array.map (<anonymous>)
    at CategoryFilter [90m(C:\Users\nmatton\OneDrive - 
Universit├® de Namur\PhD_Nicolas_Matton\AgilePractices\APR_proto\bm
ad_version\client\[39msrc\features\practices\components\CategoryFi
lter.tsx:19:29[90m)[39m
    at renderWithHooks [90m(C:\Users\nmatton\OneDrive - 
Universit├® de Namur\PhD_Nicolas_Matton\AgilePractices\APR_proto\bm
ad_version\client\[39mnode_modules\[4mreact-dom[24m\cjs\react-do
m.development.js:16305:18[90m)[39m
    at mountIndeterminateComponent [90m(C:\Users\nmatton\OneDrive 
- Universit├® de Namur\PhD_Nicolas_Matton\AgilePractices\APR_proto\
bmad_version\client\[39mnode_modules\[4mreact-dom[24m\cjs\react-
dom.development.js:20074:13[90m)[39m
    at beginWork [90m(C:\Users\nmatton\OneDrive - Universit├® de N
amur\PhD_Nicolas_Matton\AgilePractices\APR_proto\bmad_version\clien
t\[39mnode_modules\[4mreact-dom[24m\cjs\react-dom.development.js
:21587:16[90m)[39m
    at HTMLUnknownElement.callCallback 
[90m(C:\Users\nmatton\OneDrive - Universit├® de Namur\PhD_Nicolas_
Matton\AgilePractices\APR_proto\bmad_version\client\[39mnode_modul
es\[4mreact-dom[24m\cjs\react-dom.development.js:4164:14[90m)[3
9m
    at HTMLUnknownElement.callTheUserObjectsOperation 
[90m(C:\Users\nmatton\OneDrive - Universit├® de Namur\PhD_Nicolas_
Matton\AgilePractices\APR_proto\bmad_version\client\[39mnode_modul
es\[4mjsdom[24m\lib\jsdom\living\generated\EventListener.js:26:30
[90m)[39m
    at innerInvokeEventListeners [90m(C:\Users\nmatton\OneDrive - 
Universit├® de Namur\PhD_Nicolas_Matton\AgilePractices\APR_proto\bm
ad_version\client\[39mnode_modules\[4mjsdom[24m\lib\jsdom\living
\events\EventTarget-impl.js:350:25[90m)[39m
    at invokeEventListeners [90m(C:\Users\nmatton\OneDrive - 
Universit├® de Namur\PhD_Nicolas_Matton\AgilePractices\APR_proto\bm
ad_version\client\[39mnode_modules\[4mjsdom[24m\lib\jsdom\living
\events\EventTarget-impl.js:286:3[90m)[39m
Error: Uncaught [TypeError: Cannot read properties of undefined 
(reading 'includes')]
    at reportException (C:\Users\nmatton\OneDrive - Universit├® de 
Namur\PhD_Nicolas_Matton\AgilePractices\APR_proto\bmad_version\clie
nt\node_modules\jsdom\lib\jsdom\living\helpers\runtime-script-error
s.js:66:24)
    at innerInvokeEventListeners (C:\Users\nmatton\OneDrive - 
Universit├® de Namur\PhD_Nicolas_Matton\AgilePractices\APR_proto\bm
ad_version\client\node_modules\jsdom\lib\jsdom\living\events\EventT
arget-impl.js:353:9)
    at invokeEventListeners (C:\Users\nmatton\OneDrive - 
Universit├® de Namur\PhD_Nicolas_Matton\AgilePractices\APR_proto\bm
ad_version\client\node_modules\jsdom\lib\jsdom\living\events\EventT
arget-impl.js:286:3)
    at HTMLUnknownElementImpl._dispatch (C:\Users\nmatton\OneDrive 
- Universit├® de Namur\PhD_Nicolas_Matton\AgilePractices\APR_proto\
bmad_version\client\node_modules\jsdom\lib\jsdom\living\events\Even
tTarget-impl.js:233:9)
    at HTMLUnknownElementImpl.dispatchEvent 
(C:\Users\nmatton\OneDrive - Universit├® de Namur\PhD_Nicolas_Matto
n\AgilePractices\APR_proto\bmad_version\client\node_modules\jsdom\l
ib\jsdom\living\events\EventTarget-impl.js:104:17)
    at HTMLUnknownElement.dispatchEvent (C:\Users\nmatton\OneDrive 
- Universit├® de Namur\PhD_Nicolas_Matton\AgilePractices\APR_proto\
bmad_version\client\node_modules\jsdom\lib\jsdom\living\generated\E
ventTarget.js:241:34)
    at Object.invokeGuardedCallbackDev (C:\Users\nmatton\OneDrive 
- Universit├® de Namur\PhD_Nicolas_Matton\AgilePractices\APR_proto\
bmad_version\client\node_modules\react-dom\cjs\react-dom.developmen
t.js:4213:16)
    at invokeGuardedCallback (C:\Users\nmatton\OneDrive - 
Universit├® de Namur\PhD_Nicolas_Matton\AgilePractices\APR_proto\bm
ad_version\client\node_modules\react-dom\cjs\react-dom.development.
js:4277:31)
    at beginWork$1 (C:\Users\nmatton\OneDrive - Universit├® de Namu
r\PhD_Nicolas_Matton\AgilePractices\APR_proto\bmad_version\client\n
ode_modules\react-dom\cjs\react-dom.development.js:27451:7)
    at performUnitOfWork (C:\Users\nmatton\OneDrive - Universit├® 
de Namur\PhD_Nicolas_Matton\AgilePractices\APR_proto\bmad_version\c
lient\node_modules\react-dom\cjs\react-dom.development.js:26560:12)
 TypeError: Cannot read properties of undefined (reading 
'includes')
    at [90mC:\Users\nmatton\OneDrive - Universit├® de Namur\PhD_Ni
colas_Matton\AgilePractices\APR_proto\bmad_version\client\[39msrc\
features\practices\components\MethodFilter.tsx:24:54
    at Array.map (<anonymous>)
    at MethodFilter [90m(C:\Users\nmatton\OneDrive - Universit├® 
de Namur\PhD_Nicolas_Matton\AgilePractices\APR_proto\bmad_version\c
lient\[39msrc\features\practices\components\MethodFilter.tsx:20:26
[90m)[39m
    at renderWithHooks [90m(C:\Users\nmatton\OneDrive - 
Universit├® de Namur\PhD_Nicolas_Matton\AgilePractices\APR_proto\bm
ad_version\client\[39mnode_modules\[4mreact-dom[24m\cjs\react-do
m.development.js:16305:18[90m)[39m
    at mountIndeterminateComponent [90m(C:\Users\nmatton\OneDrive 
- Universit├® de Namur\PhD_Nicolas_Matton\AgilePractices\APR_proto\
bmad_version\client\[39mnode_modules\[4mreact-dom[24m\cjs\react-
dom.development.js:20074:13[90m)[39m
    at beginWork [90m(C:\Users\nmatton\OneDrive - Universit├® de N
amur\PhD_Nicolas_Matton\AgilePractices\APR_proto\bmad_version\clien
t\[39mnode_modules\[4mreact-dom[24m\cjs\react-dom.development.js
:21587:16[90m)[39m
    at HTMLUnknownElement.callCallback 
[90m(C:\Users\nmatton\OneDrive - Universit├® de Namur\PhD_Nicolas_
Matton\AgilePractices\APR_proto\bmad_version\client\[39mnode_modul
es\[4mreact-dom[24m\cjs\react-dom.development.js:4164:14[90m)[3
9m
    at HTMLUnknownElement.callTheUserObjectsOperation 
[90m(C:\Users\nmatton\OneDrive - Universit├® de Namur\PhD_Nicolas_
Matton\AgilePractices\APR_proto\bmad_version\client\[39mnode_modul
es\[4mjsdom[24m\lib\jsdom\living\generated\EventListener.js:26:30
[90m)[39m
    at innerInvokeEventListeners [90m(C:\Users\nmatton\OneDrive - 
Universit├® de Namur\PhD_Nicolas_Matton\AgilePractices\APR_proto\bm
ad_version\client\[39mnode_modules\[4mjsdom[24m\lib\jsdom\living
\events\EventTarget-impl.js:350:25[90m)[39m
    at invokeEventListeners [90m(C:\Users\nmatton\OneDrive - 
Universit├® de Namur\PhD_Nicolas_Matton\AgilePractices\APR_proto\bm
ad_version\client\[39mnode_modules\[4mjsdom[24m\lib\jsdom\living
\events\EventTarget-impl.js:286:3[90m)[39m
Error: Uncaught [TypeError: Cannot read properties of undefined 
(reading 'length')]
    at reportException (C:\Users\nmatton\OneDrive - Universit├® de 
Namur\PhD_Nicolas_Matton\AgilePractices\APR_proto\bmad_version\clie
nt\node_modules\jsdom\lib\jsdom\living\helpers\runtime-script-error
s.js:66:24)
    at innerInvokeEventListeners (C:\Users\nmatton\OneDrive - 
Universit├® de Namur\PhD_Nicolas_Matton\AgilePractices\APR_proto\bm
ad_version\client\node_modules\jsdom\lib\jsdom\living\events\EventT
arget-impl.js:353:9)
    at invokeEventListeners (C:\Users\nmatton\OneDrive - 
Universit├® de Namur\PhD_Nicolas_Matton\AgilePractices\APR_proto\bm
ad_version\client\node_modules\jsdom\lib\jsdom\living\events\EventT
arget-impl.js:286:3)
    at HTMLUnknownElementImpl._dispatch (C:\Users\nmatton\OneDrive 
- Universit├® de Namur\PhD_Nicolas_Matton\AgilePractices\APR_proto\
bmad_version\client\node_modules\jsdom\lib\jsdom\living\events\Even
tTarget-impl.js:233:9)
    at HTMLUnknownElementImpl.dispatchEvent 
(C:\Users\nmatton\OneDrive - Universit├® de Namur\PhD_Nicolas_Matto
n\AgilePractices\APR_proto\bmad_version\client\node_modules\jsdom\l
ib\jsdom\living\events\EventTarget-impl.js:104:17)
    at HTMLUnknownElement.dispatchEvent (C:\Users\nmatton\OneDrive 
- Universit├® de Namur\PhD_Nicolas_Matton\AgilePractices\APR_proto\
bmad_version\client\node_modules\jsdom\lib\jsdom\living\generated\E
ventTarget.js:241:34)
    at Object.invokeGuardedCallbackDev (C:\Users\nmatton\OneDrive 
- Universit├® de Namur\PhD_Nicolas_Matton\AgilePractices\APR_proto\
bmad_version\client\node_modules\react-dom\cjs\react-dom.developmen
t.js:4213:16)
    at invokeGuardedCallback (C:\Users\nmatton\OneDrive - 
Universit├® de Namur\PhD_Nicolas_Matton\AgilePractices\APR_proto\bm
ad_version\client\node_modules\react-dom\cjs\react-dom.development.
js:4277:31)
    at beginWork$1 (C:\Users\nmatton\OneDrive - Universit├® de Namu
r\PhD_Nicolas_Matton\AgilePractices\APR_proto\bmad_version\client\n
ode_modules\react-dom\cjs\react-dom.development.js:27451:7)
    at performUnitOfWork (C:\Users\nmatton\OneDrive - Universit├® 
de Namur\PhD_Nicolas_Matton\AgilePractices\APR_proto\bmad_version\c
lient\node_modules\react-dom\cjs\react-dom.development.js:26560:12)
 TypeError: Cannot read properties of undefined (reading 'length')
    at ActiveFilters [90m(C:\Users\nmatton\OneDrive - Universit├® 
de Namur\PhD_Nicolas_Matton\AgilePractices\APR_proto\bmad_version\c
lient\[39msrc\features\practices\components\ActiveFilters.tsx:15:4
3[90m)[39m
    at renderWithHooks [90m(C:\Users\nmatton\OneDrive - 
Universit├® de Namur\PhD_Nicolas_Matton\AgilePractices\APR_proto\bm
ad_version\client\[39mnode_modules\[4mreact-dom[24m\cjs\react-do
m.development.js:16305:18[90m)[39m
    at mountIndeterminateComponent [90m(C:\Users\nmatton\OneDrive 
- Universit├® de Namur\PhD_Nicolas_Matton\AgilePractices\APR_proto\
bmad_version\client\[39mnode_modules\[4mreact-dom[24m\cjs\react-
dom.development.js:20074:13[90m)[39m
    at beginWork [90m(C:\Users\nmatton\OneDrive - Universit├® de N
amur\PhD_Nicolas_Matton\AgilePractices\APR_proto\bmad_version\clien
t\[39mnode_modules\[4mreact-dom[24m\cjs\react-dom.development.js
:21587:16[90m)[39m
    at HTMLUnknownElement.callCallback 
[90m(C:\Users\nmatton\OneDrive - Universit├® de Namur\PhD_Nicolas_
Matton\AgilePractices\APR_proto\bmad_version\client\[39mnode_modul
es\[4mreact-dom[24m\cjs\react-dom.development.js:4164:14[90m)[3
9m
    at HTMLUnknownElement.callTheUserObjectsOperation 
[90m(C:\Users\nmatton\OneDrive - Universit├® de Namur\PhD_Nicolas_
Matton\AgilePractices\APR_proto\bmad_version\client\[39mnode_modul
es\[4mjsdom[24m\lib\jsdom\living\generated\EventListener.js:26:30
[90m)[39m
    at innerInvokeEventListeners [90m(C:\Users\nmatton\OneDrive - 
Universit├® de Namur\PhD_Nicolas_Matton\AgilePractices\APR_proto\bm
ad_version\client\[39mnode_modules\[4mjsdom[24m\lib\jsdom\living
\events\EventTarget-impl.js:350:25[90m)[39m
    at invokeEventListeners [90m(C:\Users\nmatton\OneDrive - 
Universit├® de Namur\PhD_Nicolas_Matton\AgilePractices\APR_proto\bm
ad_version\client\[39mnode_modules\[4mjsdom[24m\lib\jsdom\living
\events\EventTarget-impl.js:286:3[90m)[39m
    at HTMLUnknownElementImpl._dispatch 
[90m(C:\Users\nmatton\OneDrive - Universit├® de Namur\PhD_Nicolas_
Matton\AgilePractices\APR_proto\bmad_version\client\[39mnode_modul
es\[4mjsdom[24m\lib\jsdom\living\events\EventTarget-impl.js:233:9
[90m)[39m
    at HTMLUnknownElementImpl.dispatchEvent 
[90m(C:\Users\nmatton\OneDrive - Universit├® de Namur\PhD_Nicolas_
Matton\AgilePractices\APR_proto\bmad_version\client\[39mnode_modul
es\[4mjsdom[24m\lib\jsdom\living\events\EventTarget-impl.js:104:1
7[90m)[39m
Error: Uncaught [TypeError: Cannot read properties of undefined 
(reading 'includes')]
    at reportException (C:\Users\nmatton\OneDrive - Universit├® de 
Namur\PhD_Nicolas_Matton\AgilePractices\APR_proto\bmad_version\clie
nt\node_modules\jsdom\lib\jsdom\living\helpers\runtime-script-error
s.js:66:24)
    at innerInvokeEventListeners (C:\Users\nmatton\OneDrive - 
Universit├® de Namur\PhD_Nicolas_Matton\AgilePractices\APR_proto\bm
ad_version\client\node_modules\jsdom\lib\jsdom\living\events\EventT
arget-impl.js:353:9)
    at invokeEventListeners (C:\Users\nmatton\OneDrive - 
Universit├® de Namur\PhD_Nicolas_Matton\AgilePractices\APR_proto\bm
ad_version\client\node_modules\jsdom\lib\jsdom\living\events\EventT
arget-impl.js:286:3)
    at HTMLUnknownElementImpl._dispatch (C:\Users\nmatton\OneDrive 
- Universit├® de Namur\PhD_Nicolas_Matton\AgilePractices\APR_proto\
bmad_version\client\node_modules\jsdom\lib\jsdom\living\events\Even
tTarget-impl.js:233:9)
    at HTMLUnknownElementImpl.dispatchEvent 
(C:\Users\nmatton\OneDrive - Universit├® de Namur\PhD_Nicolas_Matto
n\AgilePractices\APR_proto\bmad_version\client\node_modules\jsdom\l
ib\jsdom\living\events\EventTarget-impl.js:104:17)
    at HTMLUnknownElement.dispatchEvent (C:\Users\nmatton\OneDrive 
- Universit├® de Namur\PhD_Nicolas_Matton\AgilePractices\APR_proto\
bmad_version\client\node_modules\jsdom\lib\jsdom\living\generated\E
ventTarget.js:241:34)
    at Object.invokeGuardedCallbackDev (C:\Users\nmatton\OneDrive 
- Universit├® de Namur\PhD_Nicolas_Matton\AgilePractices\APR_proto\
bmad_version\client\node_modules\react-dom\cjs\react-dom.developmen
t.js:4213:16)
    at invokeGuardedCallback (C:\Users\nmatton\OneDrive - 
Universit├® de Namur\PhD_Nicolas_Matton\AgilePractices\APR_proto\bm
ad_version\client\node_modules\react-dom\cjs\react-dom.development.
js:4277:31)
    at beginWork$1 (C:\Users\nmatton\OneDrive - Universit├® de Namu
r\PhD_Nicolas_Matton\AgilePractices\APR_proto\bmad_version\client\n
ode_modules\react-dom\cjs\react-dom.development.js:27451:7)
    at performUnitOfWork (C:\Users\nmatton\OneDrive - Universit├® 
de Namur\PhD_Nicolas_Matton\AgilePractices\APR_proto\bmad_version\c
lient\node_modules\react-dom\cjs\react-dom.development.js:26560:12)
 TypeError: Cannot read properties of undefined (reading 
'includes')
    at [90mC:\Users\nmatton\OneDrive - Universit├® de Namur\PhD_Ni
colas_Matton\AgilePractices\APR_proto\bmad_version\client\[39msrc\
features\practices\components\CategoryFilter.tsx:23:57
    at Array.map (<anonymous>)
    at CategoryFilter [90m(C:\Users\nmatton\OneDrive - 
Universit├® de Namur\PhD_Nicolas_Matton\AgilePractices\APR_proto\bm
ad_version\client\[39msrc\features\practices\components\CategoryFi
lter.tsx:19:29[90m)[39m
    at renderWithHooks [90m(C:\Users\nmatton\OneDrive - 
Universit├® de Namur\PhD_Nicolas_Matton\AgilePractices\APR_proto\bm
ad_version\client\[39mnode_modules\[4mreact-dom[24m\cjs\react-do
m.development.js:16305:18[90m)[39m
    at mountIndeterminateComponent [90m(C:\Users\nmatton\OneDrive 
- Universit├® de Namur\PhD_Nicolas_Matton\AgilePractices\APR_proto\
bmad_version\client\[39mnode_modules\[4mreact-dom[24m\cjs\react-
dom.development.js:20074:13[90m)[39m
    at beginWork [90m(C:\Users\nmatton\OneDrive - Universit├® de N
amur\PhD_Nicolas_Matton\AgilePractices\APR_proto\bmad_version\clien
t\[39mnode_modules\[4mreact-dom[24m\cjs\react-dom.development.js
:21587:16[90m)[39m
    at HTMLUnknownElement.callCallback 
[90m(C:\Users\nmatton\OneDrive - Universit├® de Namur\PhD_Nicolas_
Matton\AgilePractices\APR_proto\bmad_version\client\[39mnode_modul
es\[4mreact-dom[24m\cjs\react-dom.development.js:4164:14[90m)[3
9m
    at HTMLUnknownElement.callTheUserObjectsOperation 
[90m(C:\Users\nmatton\OneDrive - Universit├® de Namur\PhD_Nicolas_
Matton\AgilePractices\APR_proto\bmad_version\client\[39mnode_modul
es\[4mjsdom[24m\lib\jsdom\living\generated\EventListener.js:26:30
[90m)[39m
    at innerInvokeEventListeners [90m(C:\Users\nmatton\OneDrive - 
Universit├® de Namur\PhD_Nicolas_Matton\AgilePractices\APR_proto\bm
ad_version\client\[39mnode_modules\[4mjsdom[24m\lib\jsdom\living
\events\EventTarget-impl.js:350:25[90m)[39m
    at invokeEventListeners [90m(C:\Users\nmatton\OneDrive - 
Universit├® de Namur\PhD_Nicolas_Matton\AgilePractices\APR_proto\bm
ad_version\client\[39mnode_modules\[4mjsdom[24m\lib\jsdom\living
\events\EventTarget-impl.js:286:3[90m)[39m
Error: Uncaught [TypeError: Cannot read properties of undefined 
(reading 'includes')]
    at reportException (C:\Users\nmatton\OneDrive - Universit├® de 
Namur\PhD_Nicolas_Matton\AgilePractices\APR_proto\bmad_version\clie
nt\node_modules\jsdom\lib\jsdom\living\helpers\runtime-script-error
s.js:66:24)
    at innerInvokeEventListeners (C:\Users\nmatton\OneDrive - 
Universit├® de Namur\PhD_Nicolas_Matton\AgilePractices\APR_proto\bm
ad_version\client\node_modules\jsdom\lib\jsdom\living\events\EventT
arget-impl.js:353:9)
    at invokeEventListeners (C:\Users\nmatton\OneDrive - 
Universit├® de Namur\PhD_Nicolas_Matton\AgilePractices\APR_proto\bm
ad_version\client\node_modules\jsdom\lib\jsdom\living\events\EventT
arget-impl.js:286:3)
    at HTMLUnknownElementImpl._dispatch (C:\Users\nmatton\OneDrive 
- Universit├® de Namur\PhD_Nicolas_Matton\AgilePractices\APR_proto\
bmad_version\client\node_modules\jsdom\lib\jsdom\living\events\Even
tTarget-impl.js:233:9)
    at HTMLUnknownElementImpl.dispatchEvent 
(C:\Users\nmatton\OneDrive - Universit├® de Namur\PhD_Nicolas_Matto
n\AgilePractices\APR_proto\bmad_version\client\node_modules\jsdom\l
ib\jsdom\living\events\EventTarget-impl.js:104:17)
    at HTMLUnknownElement.dispatchEvent (C:\Users\nmatton\OneDrive 
- Universit├® de Namur\PhD_Nicolas_Matton\AgilePractices\APR_proto\
bmad_version\client\node_modules\jsdom\lib\jsdom\living\generated\E
ventTarget.js:241:34)
    at Object.invokeGuardedCallbackDev (C:\Users\nmatton\OneDrive 
- Universit├® de Namur\PhD_Nicolas_Matton\AgilePractices\APR_proto\
bmad_version\client\node_modules\react-dom\cjs\react-dom.developmen
t.js:4213:16)
    at invokeGuardedCallback (C:\Users\nmatton\OneDrive - 
Universit├® de Namur\PhD_Nicolas_Matton\AgilePractices\APR_proto\bm
ad_version\client\node_modules\react-dom\cjs\react-dom.development.
js:4277:31)
    at beginWork$1 (C:\Users\nmatton\OneDrive - Universit├® de Namu
r\PhD_Nicolas_Matton\AgilePractices\APR_proto\bmad_version\client\n
ode_modules\react-dom\cjs\react-dom.development.js:27451:7)
    at performUnitOfWork (C:\Users\nmatton\OneDrive - Universit├® 
de Namur\PhD_Nicolas_Matton\AgilePractices\APR_proto\bmad_version\c
lient\node_modules\react-dom\cjs\react-dom.development.js:26560:12)
 TypeError: Cannot read properties of undefined (reading 
'includes')
    at [90mC:\Users\nmatton\OneDrive - Universit├® de Namur\PhD_Ni
colas_Matton\AgilePractices\APR_proto\bmad_version\client\[39msrc\
features\practices\components\MethodFilter.tsx:24:54
    at Array.map (<anonymous>)
    at MethodFilter [90m(C:\Users\nmatton\OneDrive - Universit├® 
de Namur\PhD_Nicolas_Matton\AgilePractices\APR_proto\bmad_version\c
lient\[39msrc\features\practices\components\MethodFilter.tsx:20:26
[90m)[39m
    at renderWithHooks [90m(C:\Users\nmatton\OneDrive - 
Universit├® de Namur\PhD_Nicolas_Matton\AgilePractices\APR_proto\bm
ad_version\client\[39mnode_modules\[4mreact-dom[24m\cjs\react-do
m.development.js:16305:18[90m)[39m
    at mountIndeterminateComponent [90m(C:\Users\nmatton\OneDrive 
- Universit├® de Namur\PhD_Nicolas_Matton\AgilePractices\APR_proto\
bmad_version\client\[39mnode_modules\[4mreact-dom[24m\cjs\react-
dom.development.js:20074:13[90m)[39m
    at beginWork [90m(C:\Users\nmatton\OneDrive - Universit├® de N
amur\PhD_Nicolas_Matton\AgilePractices\APR_proto\bmad_version\clien
t\[39mnode_modules\[4mreact-dom[24m\cjs\react-dom.development.js
:21587:16[90m)[39m
    at HTMLUnknownElement.callCallback 
[90m(C:\Users\nmatton\OneDrive - Universit├® de Namur\PhD_Nicolas_
Matton\AgilePractices\APR_proto\bmad_version\client\[39mnode_modul
es\[4mreact-dom[24m\cjs\react-dom.development.js:4164:14[90m)[3
9m
    at HTMLUnknownElement.callTheUserObjectsOperation 
[90m(C:\Users\nmatton\OneDrive - Universit├® de Namur\PhD_Nicolas_
Matton\AgilePractices\APR_proto\bmad_version\client\[39mnode_modul
es\[4mjsdom[24m\lib\jsdom\living\generated\EventListener.js:26:30
[90m)[39m
    at innerInvokeEventListeners [90m(C:\Users\nmatton\OneDrive - 
Universit├® de Namur\PhD_Nicolas_Matton\AgilePractices\APR_proto\bm
ad_version\client\[39mnode_modules\[4mjsdom[24m\lib\jsdom\living
\events\EventTarget-impl.js:350:25[90m)[39m
    at invokeEventListeners [90m(C:\Users\nmatton\OneDrive - 
Universit├® de Namur\PhD_Nicolas_Matton\AgilePractices\APR_proto\bm
ad_version\client\[39mnode_modules\[4mjsdom[24m\lib\jsdom\living
\events\EventTarget-impl.js:286:3[90m)[39m
Error: Uncaught [TypeError: Cannot read properties of undefined 
(reading 'length')]
    at reportException (C:\Users\nmatton\OneDrive - Universit├® de 
Namur\PhD_Nicolas_Matton\AgilePractices\APR_proto\bmad_version\clie
nt\node_modules\jsdom\lib\jsdom\living\helpers\runtime-script-error
s.js:66:24)
    at innerInvokeEventListeners (C:\Users\nmatton\OneDrive - 
Universit├® de Namur\PhD_Nicolas_Matton\AgilePractices\APR_proto\bm
ad_version\client\node_modules\jsdom\lib\jsdom\living\events\EventT
arget-impl.js:353:9)
    at invokeEventListeners (C:\Users\nmatton\OneDrive - 
Universit├® de Namur\PhD_Nicolas_Matton\AgilePractices\APR_proto\bm
ad_version\client\node_modules\jsdom\lib\jsdom\living\events\EventT
arget-impl.js:286:3)
    at HTMLUnknownElementImpl._dispatch (C:\Users\nmatton\OneDrive 
- Universit├® de Namur\PhD_Nicolas_Matton\AgilePractices\APR_proto\
bmad_version\client\node_modules\jsdom\lib\jsdom\living\events\Even
tTarget-impl.js:233:9)
    at HTMLUnknownElementImpl.dispatchEvent 
(C:\Users\nmatton\OneDrive - Universit├® de Namur\PhD_Nicolas_Matto
n\AgilePractices\APR_proto\bmad_version\client\node_modules\jsdom\l
ib\jsdom\living\events\EventTarget-impl.js:104:17)
    at HTMLUnknownElement.dispatchEvent (C:\Users\nmatton\OneDrive 
- Universit├® de Namur\PhD_Nicolas_Matton\AgilePractices\APR_proto\
bmad_version\client\node_modules\jsdom\lib\jsdom\living\generated\E
ventTarget.js:241:34)
    at Object.invokeGuardedCallbackDev (C:\Users\nmatton\OneDrive 
- Universit├® de Namur\PhD_Nicolas_Matton\AgilePractices\APR_proto\
bmad_version\client\node_modules\react-dom\cjs\react-dom.developmen
t.js:4213:16)
    at invokeGuardedCallback (C:\Users\nmatton\OneDrive - 
Universit├® de Namur\PhD_Nicolas_Matton\AgilePractices\APR_proto\bm
ad_version\client\node_modules\react-dom\cjs\react-dom.development.
js:4277:31)
    at beginWork$1 (C:\Users\nmatton\OneDrive - Universit├® de Namu
r\PhD_Nicolas_Matton\AgilePractices\APR_proto\bmad_version\client\n
ode_modules\react-dom\cjs\react-dom.development.js:27451:7)
    at performUnitOfWork (C:\Users\nmatton\OneDrive - Universit├® 
de Namur\PhD_Nicolas_Matton\AgilePractices\APR_proto\bmad_version\c
lient\node_modules\react-dom\cjs\react-dom.development.js:26560:12)
 TypeError: Cannot read properties of undefined (reading 'length')
    at ActiveFilters [90m(C:\Users\nmatton\OneDrive - Universit├® 
de Namur\PhD_Nicolas_Matton\AgilePractices\APR_proto\bmad_version\c
lient\[39msrc\features\practices\components\ActiveFilters.tsx:15:4
3[90m)[39m
    at renderWithHooks [90m(C:\Users\nmatton\OneDrive - 
Universit├® de Namur\PhD_Nicolas_Matton\AgilePractices\APR_proto\bm
ad_version\client\[39mnode_modules\[4mreact-dom[24m\cjs\react-do
m.development.js:16305:18[90m)[39m
    at mountIndeterminateComponent [90m(C:\Users\nmatton\OneDrive 
- Universit├® de Namur\PhD_Nicolas_Matton\AgilePractices\APR_proto\
bmad_version\client\[39mnode_modules\[4mreact-dom[24m\cjs\react-
dom.development.js:20074:13[90m)[39m
    at beginWork [90m(C:\Users\nmatton\OneDrive - Universit├® de N
amur\PhD_Nicolas_Matton\AgilePractices\APR_proto\bmad_version\clien
t\[39mnode_modules\[4mreact-dom[24m\cjs\react-dom.development.js
:21587:16[90m)[39m
    at HTMLUnknownElement.callCallback 
[90m(C:\Users\nmatton\OneDrive - Universit├® de Namur\PhD_Nicolas_
Matton\AgilePractices\APR_proto\bmad_version\client\[39mnode_modul
es\[4mreact-dom[24m\cjs\react-dom.development.js:4164:14[90m)[3
9m
    at HTMLUnknownElement.callTheUserObjectsOperation 
[90m(C:\Users\nmatton\OneDrive - Universit├® de Namur\PhD_Nicolas_
Matton\AgilePractices\APR_proto\bmad_version\client\[39mnode_modul
es\[4mjsdom[24m\lib\jsdom\living\generated\EventListener.js:26:30
[90m)[39m
    at innerInvokeEventListeners [90m(C:\Users\nmatton\OneDrive - 
Universit├® de Namur\PhD_Nicolas_Matton\AgilePractices\APR_proto\bm
ad_version\client\[39mnode_modules\[4mjsdom[24m\lib\jsdom\living
\events\EventTarget-impl.js:350:25[90m)[39m
    at invokeEventListeners [90m(C:\Users\nmatton\OneDrive - 
Universit├® de Namur\PhD_Nicolas_Matton\AgilePractices\APR_proto\bm
ad_version\client\[39mnode_modules\[4mjsdom[24m\lib\jsdom\living
\events\EventTarget-impl.js:286:3[90m)[39m
    at HTMLUnknownElementImpl._dispatch 
[90m(C:\Users\nmatton\OneDrive - Universit├® de Namur\PhD_Nicolas_
Matton\AgilePractices\APR_proto\bmad_version\client\[39mnode_modul
es\[4mjsdom[24m\lib\jsdom\living\events\EventTarget-impl.js:233:9
[90m)[39m
    at HTMLUnknownElementImpl.dispatchEvent 
[90m(C:\Users\nmatton\OneDrive - Universit├® de Namur\PhD_Nicolas_
Matton\AgilePractices\APR_proto\bmad_version\client\[39mnode_modul
es\[4mjsdom[24m\lib\jsdom\living\events\EventTarget-impl.js:104:1
7[90m)[39m
The above error occurred in the <CategoryFilter> component:

    at CategoryFilter (C:\Users\nmatton\OneDrive - Universit├® de N
amur\PhD_Nicolas_Matton\AgilePractices\APR_proto\bmad_version\clien
t\src\features\practices\components\CategoryFilter.tsx:20:104)
    at div
    at div
    at div
    at div
    at main
    at div
    at PracticeCatalog (C:\Users\nmatton\OneDrive - Universit├® de 
Namur\PhD_Nicolas_Matton\AgilePractices\APR_proto\bmad_version\clie
nt\src\features\practices\pages\PracticeCatalog.tsx:59:73)
    at Router (file:///C:/Users/nmatton/OneDrive%20-%20Universit%C3
%A9%20de%20Namur/PhD_Nicolas_Matton/AgilePractices/APR_proto/bmad_v
ersion/client/node_modules/react-router/dist/development/chunk-EPOL
DU6W.mjs:6605:13)
    at MemoryRouter (file:///C:/Users/nmatton/OneDrive%20-%20Univer
sit%C3%A9%20de%20Namur/PhD_Nicolas_Matton/AgilePractices/APR_proto/
bmad_version/client/node_modules/react-router/dist/development/chun
k-EPOLDU6W.mjs:6521:3)

Consider adding an error boundary to your tree to customize error 
handling behavior.
Visit https://reactjs.org/link/error-boundaries to learn more 
about error boundaries.
The above error occurred in the <MethodFilter> component:

    at MethodFilter (C:\Users\nmatton\OneDrive - Universit├® de Nam
ur\PhD_Nicolas_Matton\AgilePractices\APR_proto\bmad_version\client\
src\features\practices\components\MethodFilter.tsx:21:101)
    at div
    at div
    at div
    at div
    at main
    at div
    at PracticeCatalog (C:\Users\nmatton\OneDrive - Universit├® de 
Namur\PhD_Nicolas_Matton\AgilePractices\APR_proto\bmad_version\clie
nt\src\features\practices\pages\PracticeCatalog.tsx:59:73)
    at Router (file:///C:/Users/nmatton/OneDrive%20-%20Universit%C3
%A9%20de%20Namur/PhD_Nicolas_Matton/AgilePractices/APR_proto/bmad_v
ersion/client/node_modules/react-router/dist/development/chunk-EPOL
DU6W.mjs:6605:13)
    at MemoryRouter (file:///C:/Users/nmatton/OneDrive%20-%20Univer
sit%C3%A9%20de%20Namur/PhD_Nicolas_Matton/AgilePractices/APR_proto/
bmad_version/client/node_modules/react-router/dist/development/chun
k-EPOLDU6W.mjs:6521:3)

Consider adding an error boundary to your tree to customize error 
handling behavior.
Visit https://reactjs.org/link/error-boundaries to learn more 
about error boundaries.
The above error occurred in the <ActiveFilters> component:

    at ActiveFilters (C:\Users\nmatton\OneDrive - Universit├® de Na
mur\PhD_Nicolas_Matton\AgilePractices\APR_proto\bmad_version\client
\src\features\practices\components\ActiveFilters.tsx:15:41)
    at div
    at div
    at div
    at main
    at div
    at PracticeCatalog (C:\Users\nmatton\OneDrive - Universit├® de 
Namur\PhD_Nicolas_Matton\AgilePractices\APR_proto\bmad_version\clie
nt\src\features\practices\pages\PracticeCatalog.tsx:59:73)
    at Router (file:///C:/Users/nmatton/OneDrive%20-%20Universit%C3
%A9%20de%20Namur/PhD_Nicolas_Matton/AgilePractices/APR_proto/bmad_v
ersion/client/node_modules/react-router/dist/development/chunk-EPOL
DU6W.mjs:6605:13)
    at MemoryRouter (file:///C:/Users/nmatton/OneDrive%20-%20Univer
sit%C3%A9%20de%20Namur/PhD_Nicolas_Matton/AgilePractices/APR_proto/
bmad_version/client/node_modules/react-router/dist/development/chun
k-EPOLDU6W.mjs:6521:3)

Consider adding an error boundary to your tree to customize error 
handling behavior.
Visit https://reactjs.org/link/error-boundaries to learn more 
about error boundaries.

[90mstderr[2m | 
src/features/practices/pages/PracticeCatalog.test.tsx[2m > 
[22m[2mPracticeCatalog[2m > [22m[2mshows search empty state 
message with query[22m[39m
Error: Uncaught [TypeError: Cannot read properties of undefined 
(reading 'includes')]
    at reportException (C:\Users\nmatton\OneDrive - Universit├® de 
Namur\PhD_Nicolas_Matton\AgilePractices\APR_proto\bmad_version\clie
nt\node_modules\jsdom\lib\jsdom\living\helpers\runtime-script-error
s.js:66:24)
    at innerInvokeEventListeners (C:\Users\nmatton\OneDrive - 
Universit├® de Namur\PhD_Nicolas_Matton\AgilePractices\APR_proto\bm
ad_version\client\node_modules\jsdom\lib\jsdom\living\events\EventT
arget-impl.js:353:9)
    at invokeEventListeners (C:\Users\nmatton\OneDrive - 
Universit├® de Namur\PhD_Nicolas_Matton\AgilePractices\APR_proto\bm
ad_version\client\node_modules\jsdom\lib\jsdom\living\events\EventT
arget-impl.js:286:3)
    at HTMLUnknownElementImpl._dispatch (C:\Users\nmatton\OneDrive 
- Universit├® de Namur\PhD_Nicolas_Matton\AgilePractices\APR_proto\
bmad_version\client\node_modules\jsdom\lib\jsdom\living\events\Even
tTarget-impl.js:233:9)
    at HTMLUnknownElementImpl.dispatchEvent 
(C:\Users\nmatton\OneDrive - Universit├® de Namur\PhD_Nicolas_Matto
n\AgilePractices\APR_proto\bmad_version\client\node_modules\jsdom\l
ib\jsdom\living\events\EventTarget-impl.js:104:17)
    at HTMLUnknownElement.dispatchEvent (C:\Users\nmatton\OneDrive 
- Universit├® de Namur\PhD_Nicolas_Matton\AgilePractices\APR_proto\
bmad_version\client\node_modules\jsdom\lib\jsdom\living\generated\E
ventTarget.js:241:34)
    at Object.invokeGuardedCallbackDev (C:\Users\nmatton\OneDrive 
- Universit├® de Namur\PhD_Nicolas_Matton\AgilePractices\APR_proto\
bmad_version\client\node_modules\react-dom\cjs\react-dom.developmen
t.js:4213:16)
    at invokeGuardedCallback (C:\Users\nmatton\OneDrive - 
Universit├® de Namur\PhD_Nicolas_Matton\AgilePractices\APR_proto\bm
ad_version\client\node_modules\react-dom\cjs\react-dom.development.
js:4277:31)
    at beginWork$1 (C:\Users\nmatton\OneDrive - Universit├® de Namu
r\PhD_Nicolas_Matton\AgilePractices\APR_proto\bmad_version\client\n
ode_modules\react-dom\cjs\react-dom.development.js:27451:7)
    at performUnitOfWork (C:\Users\nmatton\OneDrive - Universit├® 
de Namur\PhD_Nicolas_Matton\AgilePractices\APR_proto\bmad_version\c
lient\node_modules\react-dom\cjs\react-dom.development.js:26560:12)
 TypeError: Cannot read properties of undefined (reading 
'includes')
    at [90mC:\Users\nmatton\OneDrive - Universit├® de Namur\PhD_Ni
colas_Matton\AgilePractices\APR_proto\bmad_version\client\[39msrc\
features\practices\components\CategoryFilter.tsx:23:57
    at Array.map (<anonymous>)
    at CategoryFilter [90m(C:\Users\nmatton\OneDrive - 
Universit├® de Namur\PhD_Nicolas_Matton\AgilePractices\APR_proto\bm
ad_version\client\[39msrc\features\practices\components\CategoryFi
lter.tsx:19:29[90m)[39m
    at renderWithHooks [90m(C:\Users\nmatton\OneDrive - 
Universit├® de Namur\PhD_Nicolas_Matton\AgilePractices\APR_proto\bm
ad_version\client\[39mnode_modules\[4mreact-dom[24m\cjs\react-do
m.development.js:16305:18[90m)[39m
    at mountIndeterminateComponent [90m(C:\Users\nmatton\OneDrive 
- Universit├® de Namur\PhD_Nicolas_Matton\AgilePractices\APR_proto\
bmad_version\client\[39mnode_modules\[4mreact-dom[24m\cjs\react-
dom.development.js:20074:13[90m)[39m
    at beginWork [90m(C:\Users\nmatton\OneDrive - Universit├® de N
amur\PhD_Nicolas_Matton\AgilePractices\APR_proto\bmad_version\clien
t\[39mnode_modules\[4mreact-dom[24m\cjs\react-dom.development.js
:21587:16[90m)[39m
    at HTMLUnknownElement.callCallback 
[90m(C:\Users\nmatton\OneDrive - Universit├® de Namur\PhD_Nicolas_
Matton\AgilePractices\APR_proto\bmad_version\client\[39mnode_modul
es\[4mreact-dom[24m\cjs\react-dom.development.js:4164:14[90m)[3
9m
    at HTMLUnknownElement.callTheUserObjectsOperation 
[90m(C:\Users\nmatton\OneDrive - Universit├® de Namur\PhD_Nicolas_
Matton\AgilePractices\APR_proto\bmad_version\client\[39mnode_modul
es\[4mjsdom[24m\lib\jsdom\living\generated\EventListener.js:26:30
[90m)[39m
    at innerInvokeEventListeners [90m(C:\Users\nmatton\OneDrive - 
Universit├® de Namur\PhD_Nicolas_Matton\AgilePractices\APR_proto\bm
ad_version\client\[39mnode_modules\[4mjsdom[24m\lib\jsdom\living
\events\EventTarget-impl.js:350:25[90m)[39m
    at invokeEventListeners [90m(C:\Users\nmatton\OneDrive - 
Universit├® de Namur\PhD_Nicolas_Matton\AgilePractices\APR_proto\bm
ad_version\client\[39mnode_modules\[4mjsdom[24m\lib\jsdom\living
\events\EventTarget-impl.js:286:3[90m)[39m
Error: Uncaught [TypeError: Cannot read properties of undefined 
(reading 'includes')]
    at reportException (C:\Users\nmatton\OneDrive - Universit├® de 
Namur\PhD_Nicolas_Matton\AgilePractices\APR_proto\bmad_version\clie
nt\node_modules\jsdom\lib\jsdom\living\helpers\runtime-script-error
s.js:66:24)
    at innerInvokeEventListeners (C:\Users\nmatton\OneDrive - 
Universit├® de Namur\PhD_Nicolas_Matton\AgilePractices\APR_proto\bm
ad_version\client\node_modules\jsdom\lib\jsdom\living\events\EventT
arget-impl.js:353:9)
    at invokeEventListeners (C:\Users\nmatton\OneDrive - 
Universit├® de Namur\PhD_Nicolas_Matton\AgilePractices\APR_proto\bm
ad_version\client\node_modules\jsdom\lib\jsdom\living\events\EventT
arget-impl.js:286:3)
    at HTMLUnknownElementImpl._dispatch (C:\Users\nmatton\OneDrive 
- Universit├® de Namur\PhD_Nicolas_Matton\AgilePractices\APR_proto\
bmad_version\client\node_modules\jsdom\lib\jsdom\living\events\Even
tTarget-impl.js:233:9)
    at HTMLUnknownElementImpl.dispatchEvent 
(C:\Users\nmatton\OneDrive - Universit├® de Namur\PhD_Nicolas_Matto
n\AgilePractices\APR_proto\bmad_version\client\node_modules\jsdom\l
ib\jsdom\living\events\EventTarget-impl.js:104:17)
    at HTMLUnknownElement.dispatchEvent (C:\Users\nmatton\OneDrive 
- Universit├® de Namur\PhD_Nicolas_Matton\AgilePractices\APR_proto\
bmad_version\client\node_modules\jsdom\lib\jsdom\living\generated\E
ventTarget.js:241:34)
    at Object.invokeGuardedCallbackDev (C:\Users\nmatton\OneDrive 
- Universit├® de Namur\PhD_Nicolas_Matton\AgilePractices\APR_proto\
bmad_version\client\node_modules\react-dom\cjs\react-dom.developmen
t.js:4213:16)
    at invokeGuardedCallback (C:\Users\nmatton\OneDrive - 
Universit├® de Namur\PhD_Nicolas_Matton\AgilePractices\APR_proto\bm
ad_version\client\node_modules\react-dom\cjs\react-dom.development.
js:4277:31)
    at beginWork$1 (C:\Users\nmatton\OneDrive - Universit├® de Namu
r\PhD_Nicolas_Matton\AgilePractices\APR_proto\bmad_version\client\n
ode_modules\react-dom\cjs\react-dom.development.js:27451:7)
    at performUnitOfWork (C:\Users\nmatton\OneDrive - Universit├® 
de Namur\PhD_Nicolas_Matton\AgilePractices\APR_proto\bmad_version\c
lient\node_modules\react-dom\cjs\react-dom.development.js:26560:12)
 TypeError: Cannot read properties of undefined (reading 
'includes')
    at [90mC:\Users\nmatton\OneDrive - Universit├® de Namur\PhD_Ni
colas_Matton\AgilePractices\APR_proto\bmad_version\client\[39msrc\
features\practices\components\MethodFilter.tsx:24:54
    at Array.map (<anonymous>)
    at MethodFilter [90m(C:\Users\nmatton\OneDrive - Universit├® 
de Namur\PhD_Nicolas_Matton\AgilePractices\APR_proto\bmad_version\c
lient\[39msrc\features\practices\components\MethodFilter.tsx:20:26
[90m)[39m
    at renderWithHooks [90m(C:\Users\nmatton\OneDrive - 
Universit├® de Namur\PhD_Nicolas_Matton\AgilePractices\APR_proto\bm
ad_version\client\[39mnode_modules\[4mreact-dom[24m\cjs\react-do
m.development.js:16305:18[90m)[39m
    at mountIndeterminateComponent [90m(C:\Users\nmatton\OneDrive 
- Universit├® de Namur\PhD_Nicolas_Matton\AgilePractices\APR_proto\
bmad_version\client\[39mnode_modules\[4mreact-dom[24m\cjs\react-
dom.development.js:20074:13[90m)[39m
    at beginWork [90m(C:\Users\nmatton\OneDrive - Universit├® de N
amur\PhD_Nicolas_Matton\AgilePractices\APR_proto\bmad_version\clien
t\[39mnode_modules\[4mreact-dom[24m\cjs\react-dom.development.js
:21587:16[90m)[39m
    at HTMLUnknownElement.callCallback 
[90m(C:\Users\nmatton\OneDrive - Universit├® de Namur\PhD_Nicolas_
Matton\AgilePractices\APR_proto\bmad_version\client\[39mnode_modul
es\[4mreact-dom[24m\cjs\react-dom.development.js:4164:14[90m)[3
9m
    at HTMLUnknownElement.callTheUserObjectsOperation 
[90m(C:\Users\nmatton\OneDrive - Universit├® de Namur\PhD_Nicolas_
Matton\AgilePractices\APR_proto\bmad_version\client\[39mnode_modul
es\[4mjsdom[24m\lib\jsdom\living\generated\EventListener.js:26:30
[90m)[39m
    at innerInvokeEventListeners [90m(C:\Users\nmatton\OneDrive - 
Universit├® de Namur\PhD_Nicolas_Matton\AgilePractices\APR_proto\bm
ad_version\client\[39mnode_modules\[4mjsdom[24m\lib\jsdom\living
\events\EventTarget-impl.js:350:25[90m)[39m
    at invokeEventListeners [90m(C:\Users\nmatton\OneDrive - 
Universit├® de Namur\PhD_Nicolas_Matton\AgilePractices\APR_proto\bm
ad_version\client\[39mnode_modules\[4mjsdom[24m\lib\jsdom\living
\events\EventTarget-impl.js:286:3[90m)[39m
Error: Uncaught [TypeError: Cannot read properties of undefined 
(reading 'length')]
    at reportException (C:\Users\nmatton\OneDrive - Universit├® de 
Namur\PhD_Nicolas_Matton\AgilePractices\APR_proto\bmad_version\clie
nt\node_modules\jsdom\lib\jsdom\living\helpers\runtime-script-error
s.js:66:24)
    at innerInvokeEventListeners (C:\Users\nmatton\OneDrive - 
Universit├® de Namur\PhD_Nicolas_Matton\AgilePractices\APR_proto\bm
ad_version\client\node_modules\jsdom\lib\jsdom\living\events\EventT
arget-impl.js:353:9)
    at invokeEventListeners (C:\Users\nmatton\OneDrive - 
Universit├® de Namur\PhD_Nicolas_Matton\AgilePractices\APR_proto\bm
ad_version\client\node_modules\jsdom\lib\jsdom\living\events\EventT
arget-impl.js:286:3)
    at HTMLUnknownElementImpl._dispatch (C:\Users\nmatton\OneDrive 
- Universit├® de Namur\PhD_Nicolas_Matton\AgilePractices\APR_proto\
bmad_version\client\node_modules\jsdom\lib\jsdom\living\events\Even
tTarget-impl.js:233:9)
    at HTMLUnknownElementImpl.dispatchEvent 
(C:\Users\nmatton\OneDrive - Universit├® de Namur\PhD_Nicolas_Matto
n\AgilePractices\APR_proto\bmad_version\client\node_modules\jsdom\l
ib\jsdom\living\events\EventTarget-impl.js:104:17)
    at HTMLUnknownElement.dispatchEvent (C:\Users\nmatton\OneDrive 
- Universit├® de Namur\PhD_Nicolas_Matton\AgilePractices\APR_proto\
bmad_version\client\node_modules\jsdom\lib\jsdom\living\generated\E
ventTarget.js:241:34)
    at Object.invokeGuardedCallbackDev (C:\Users\nmatton\OneDrive 
- Universit├® de Namur\PhD_Nicolas_Matton\AgilePractices\APR_proto\
bmad_version\client\node_modules\react-dom\cjs\react-dom.developmen
t.js:4213:16)
    at invokeGuardedCallback (C:\Users\nmatton\OneDrive - 
Universit├® de Namur\PhD_Nicolas_Matton\AgilePractices\APR_proto\bm
ad_version\client\node_modules\react-dom\cjs\react-dom.development.
js:4277:31)
    at beginWork$1 (C:\Users\nmatton\OneDrive - Universit├® de Namu
r\PhD_Nicolas_Matton\AgilePractices\APR_proto\bmad_version\client\n
ode_modules\react-dom\cjs\react-dom.development.js:27451:7)
    at performUnitOfWork (C:\Users\nmatton\OneDrive - Universit├® 
de Namur\PhD_Nicolas_Matton\AgilePractices\APR_proto\bmad_version\c
lient\node_modules\react-dom\cjs\react-dom.development.js:26560:12)
 TypeError: Cannot read properties of undefined (reading 'length')
    at ActiveFilters [90m(C:\Users\nmatton\OneDrive - Universit├® 
de Namur\PhD_Nicolas_Matton\AgilePractices\APR_proto\bmad_version\c
lient\[39msrc\features\practices\components\ActiveFilters.tsx:15:4
3[90m)[39m
    at renderWithHooks [90m(C:\Users\nmatton\OneDrive - 
Universit├® de Namur\PhD_Nicolas_Matton\AgilePractices\APR_proto\bm
ad_version\client\[39mnode_modules\[4mreact-dom[24m\cjs\react-do
m.development.js:16305:18[90m)[39m
    at mountIndeterminateComponent [90m(C:\Users\nmatton\OneDrive 
- Universit├® de Namur\PhD_Nicolas_Matton\AgilePractices\APR_proto\
bmad_version\client\[39mnode_modules\[4mreact-dom[24m\cjs\react-
dom.development.js:20074:13[90m)[39m
    at beginWork [90m(C:\Users\nmatton\OneDrive - Universit├® de N
amur\PhD_Nicolas_Matton\AgilePractices\APR_proto\bmad_version\clien
t\[39mnode_modules\[4mreact-dom[24m\cjs\react-dom.development.js
:21587:16[90m)[39m
    at HTMLUnknownElement.callCallback 
[90m(C:\Users\nmatton\OneDrive - Universit├® de Namur\PhD_Nicolas_
Matton\AgilePractices\APR_proto\bmad_version\client\[39mnode_modul
es\[4mreact-dom[24m\cjs\react-dom.development.js:4164:14[90m)[3
9m
    at HTMLUnknownElement.callTheUserObjectsOperation 
[90m(C:\Users\nmatton\OneDrive - Universit├® de Namur\PhD_Nicolas_
Matton\AgilePractices\APR_proto\bmad_version\client\[39mnode_modul
es\[4mjsdom[24m\lib\jsdom\living\generated\EventListener.js:26:30
[90m)[39m
    at innerInvokeEventListeners [90m(C:\Users\nmatton\OneDrive - 
Universit├® de Namur\PhD_Nicolas_Matton\AgilePractices\APR_proto\bm
ad_version\client\[39mnode_modules\[4mjsdom[24m\lib\jsdom\living
\events\EventTarget-impl.js:350:25[90m)[39m
    at invokeEventListeners [90m(C:\Users\nmatton\OneDrive - 
Universit├® de Namur\PhD_Nicolas_Matton\AgilePractices\APR_proto\bm
ad_version\client\[39mnode_modules\[4mjsdom[24m\lib\jsdom\living
\events\EventTarget-impl.js:286:3[90m)[39m
    at HTMLUnknownElementImpl._dispatch 
[90m(C:\Users\nmatton\OneDrive - Universit├® de Namur\PhD_Nicolas_
Matton\AgilePractices\APR_proto\bmad_version\client\[39mnode_modul
es\[4mjsdom[24m\lib\jsdom\living\events\EventTarget-impl.js:233:9
[90m)[39m
    at HTMLUnknownElementImpl.dispatchEvent 
[90m(C:\Users\nmatton\OneDrive - Universit├® de Namur\PhD_Nicolas_
Matton\AgilePractices\APR_proto\bmad_version\client\[39mnode_modul
es\[4mjsdom[24m\lib\jsdom\living\events\EventTarget-impl.js:104:1
7[90m)[39m
Error: Uncaught [TypeError: Cannot read properties of undefined 
(reading 'includes')]
    at reportException (C:\Users\nmatton\OneDrive - Universit├® de 
Namur\PhD_Nicolas_Matton\AgilePractices\APR_proto\bmad_version\clie
nt\node_modules\jsdom\lib\jsdom\living\helpers\runtime-script-error
s.js:66:24)
    at innerInvokeEventListeners (C:\Users\nmatton\OneDrive - 
Universit├® de Namur\PhD_Nicolas_Matton\AgilePractices\APR_proto\bm
ad_version\client\node_modules\jsdom\lib\jsdom\living\events\EventT
arget-impl.js:353:9)
    at invokeEventListeners (C:\Users\nmatton\OneDrive - 
Universit├® de Namur\PhD_Nicolas_Matton\AgilePractices\APR_proto\bm
ad_version\client\node_modules\jsdom\lib\jsdom\living\events\EventT
arget-impl.js:286:3)
    at HTMLUnknownElementImpl._dispatch (C:\Users\nmatton\OneDrive 
- Universit├® de Namur\PhD_Nicolas_Matton\AgilePractices\APR_proto\
bmad_version\client\node_modules\jsdom\lib\jsdom\living\events\Even
tTarget-impl.js:233:9)
    at HTMLUnknownElementImpl.dispatchEvent 
(C:\Users\nmatton\OneDrive - Universit├® de Namur\PhD_Nicolas_Matto
n\AgilePractices\APR_proto\bmad_version\client\node_modules\jsdom\l
ib\jsdom\living\events\EventTarget-impl.js:104:17)
    at HTMLUnknownElement.dispatchEvent (C:\Users\nmatton\OneDrive 
- Universit├® de Namur\PhD_Nicolas_Matton\AgilePractices\APR_proto\
bmad_version\client\node_modules\jsdom\lib\jsdom\living\generated\E
ventTarget.js:241:34)
    at Object.invokeGuardedCallbackDev (C:\Users\nmatton\OneDrive 
- Universit├® de Namur\PhD_Nicolas_Matton\AgilePractices\APR_proto\
bmad_version\client\node_modules\react-dom\cjs\react-dom.developmen
t.js:4213:16)
    at invokeGuardedCallback (C:\Users\nmatton\OneDrive - 
Universit├® de Namur\PhD_Nicolas_Matton\AgilePractices\APR_proto\bm
ad_version\client\node_modules\react-dom\cjs\react-dom.development.
js:4277:31)
    at beginWork$1 (C:\Users\nmatton\OneDrive - Universit├® de Namu
r\PhD_Nicolas_Matton\AgilePractices\APR_proto\bmad_version\client\n
ode_modules\react-dom\cjs\react-dom.development.js:27451:7)
    at performUnitOfWork (C:\Users\nmatton\OneDrive - Universit├® 
de Namur\PhD_Nicolas_Matton\AgilePractices\APR_proto\bmad_version\c
lient\node_modules\react-dom\cjs\react-dom.development.js:26560:12)
 TypeError: Cannot read properties of undefined (reading 
'includes')
    at [90mC:\Users\nmatton\OneDrive - Universit├® de Namur\PhD_Ni
colas_Matton\AgilePractices\APR_proto\bmad_version\client\[39msrc\
features\practices\components\CategoryFilter.tsx:23:57
    at Array.map (<anonymous>)
    at CategoryFilter [90m(C:\Users\nmatton\OneDrive - 
Universit├® de Namur\PhD_Nicolas_Matton\AgilePractices\APR_proto\bm
ad_version\client\[39msrc\features\practices\components\CategoryFi
lter.tsx:19:29[90m)[39m
    at renderWithHooks [90m(C:\Users\nmatton\OneDrive - 
Universit├® de Namur\PhD_Nicolas_Matton\AgilePractices\APR_proto\bm
ad_version\client\[39mnode_modules\[4mreact-dom[24m\cjs\react-do
m.development.js:16305:18[90m)[39m
    at mountIndeterminateComponent [90m(C:\Users\nmatton\OneDrive 
- Universit├® de Namur\PhD_Nicolas_Matton\AgilePractices\APR_proto\
bmad_version\client\[39mnode_modules\[4mreact-dom[24m\cjs\react-
dom.development.js:20074:13[90m)[39m
    at beginWork [90m(C:\Users\nmatton\OneDrive - Universit├® de N
amur\PhD_Nicolas_Matton\AgilePractices\APR_proto\bmad_version\clien
t\[39mnode_modules\[4mreact-dom[24m\cjs\react-dom.development.js
:21587:16[90m)[39m
    at HTMLUnknownElement.callCallback 
[90m(C:\Users\nmatton\OneDrive - Universit├® de Namur\PhD_Nicolas_
Matton\AgilePractices\APR_proto\bmad_version\client\[39mnode_modul
es\[4mreact-dom[24m\cjs\react-dom.development.js:4164:14[90m)[3
9m
    at HTMLUnknownElement.callTheUserObjectsOperation 
[90m(C:\Users\nmatton\OneDrive - Universit├® de Namur\PhD_Nicolas_
Matton\AgilePractices\APR_proto\bmad_version\client\[39mnode_modul
es\[4mjsdom[24m\lib\jsdom\living\generated\EventListener.js:26:30
[90m)[39m
    at innerInvokeEventListeners [90m(C:\Users\nmatton\OneDrive - 
Universit├® de Namur\PhD_Nicolas_Matton\AgilePractices\APR_proto\bm
ad_version\client\[39mnode_modules\[4mjsdom[24m\lib\jsdom\living
\events\EventTarget-impl.js:350:25[90m)[39m
    at invokeEventListeners [90m(C:\Users\nmatton\OneDrive - 
Universit├® de Namur\PhD_Nicolas_Matton\AgilePractices\APR_proto\bm
ad_version\client\[39mnode_modules\[4mjsdom[24m\lib\jsdom\living
\events\EventTarget-impl.js:286:3[90m)[39m
Error: Uncaught [TypeError: Cannot read properties of undefined 
(reading 'includes')]
    at reportException (C:\Users\nmatton\OneDrive - Universit├® de 
Namur\PhD_Nicolas_Matton\AgilePractices\APR_proto\bmad_version\clie
nt\node_modules\jsdom\lib\jsdom\living\helpers\runtime-script-error
s.js:66:24)
    at innerInvokeEventListeners (C:\Users\nmatton\OneDrive - 
Universit├® de Namur\PhD_Nicolas_Matton\AgilePractices\APR_proto\bm
ad_version\client\node_modules\jsdom\lib\jsdom\living\events\EventT
arget-impl.js:353:9)
    at invokeEventListeners (C:\Users\nmatton\OneDrive - 
Universit├® de Namur\PhD_Nicolas_Matton\AgilePractices\APR_proto\bm
ad_version\client\node_modules\jsdom\lib\jsdom\living\events\EventT
arget-impl.js:286:3)
    at HTMLUnknownElementImpl._dispatch (C:\Users\nmatton\OneDrive 
- Universit├® de Namur\PhD_Nicolas_Matton\AgilePractices\APR_proto\
bmad_version\client\node_modules\jsdom\lib\jsdom\living\events\Even
tTarget-impl.js:233:9)
    at HTMLUnknownElementImpl.dispatchEvent 
(C:\Users\nmatton\OneDrive - Universit├® de Namur\PhD_Nicolas_Matto
n\AgilePractices\APR_proto\bmad_version\client\node_modules\jsdom\l
ib\jsdom\living\events\EventTarget-impl.js:104:17)
    at HTMLUnknownElement.dispatchEvent (C:\Users\nmatton\OneDrive 
- Universit├® de Namur\PhD_Nicolas_Matton\AgilePractices\APR_proto\
bmad_version\client\node_modules\jsdom\lib\jsdom\living\generated\E
ventTarget.js:241:34)
    at Object.invokeGuardedCallbackDev (C:\Users\nmatton\OneDrive 
- Universit├® de Namur\PhD_Nicolas_Matton\AgilePractices\APR_proto\
bmad_version\client\node_modules\react-dom\cjs\react-dom.developmen
t.js:4213:16)
    at invokeGuardedCallback (C:\Users\nmatton\OneDrive - 
Universit├® de Namur\PhD_Nicolas_Matton\AgilePractices\APR_proto\bm
ad_version\client\node_modules\react-dom\cjs\react-dom.development.
js:4277:31)
    at beginWork$1 (C:\Users\nmatton\OneDrive - Universit├® de Namu
r\PhD_Nicolas_Matton\AgilePractices\APR_proto\bmad_version\client\n
ode_modules\react-dom\cjs\react-dom.development.js:27451:7)
    at performUnitOfWork (C:\Users\nmatton\OneDrive - Universit├® 
de Namur\PhD_Nicolas_Matton\AgilePractices\APR_proto\bmad_version\c
lient\node_modules\react-dom\cjs\react-dom.development.js:26560:12)
 TypeError: Cannot read properties of undefined (reading 
'includes')
    at [90mC:\Users\nmatton\OneDrive - Universit├® de Namur\PhD_Ni
colas_Matton\AgilePractices\APR_proto\bmad_version\client\[39msrc\
features\practices\components\MethodFilter.tsx:24:54
    at Array.map (<anonymous>)
    at MethodFilter [90m(C:\Users\nmatton\OneDrive - Universit├® 
de Namur\PhD_Nicolas_Matton\AgilePractices\APR_proto\bmad_version\c
lient\[39msrc\features\practices\components\MethodFilter.tsx:20:26
[90m)[39m
    at renderWithHooks [90m(C:\Users\nmatton\OneDrive - 
Universit├® de Namur\PhD_Nicolas_Matton\AgilePractices\APR_proto\bm
ad_version\client\[39mnode_modules\[4mreact-dom[24m\cjs\react-do
m.development.js:16305:18[90m)[39m
    at mountIndeterminateComponent [90m(C:\Users\nmatton\OneDrive 
- Universit├® de Namur\PhD_Nicolas_Matton\AgilePractices\APR_proto\
bmad_version\client\[39mnode_modules\[4mreact-dom[24m\cjs\react-
dom.development.js:20074:13[90m)[39m
    at beginWork [90m(C:\Users\nmatton\OneDrive - Universit├® de N
amur\PhD_Nicolas_Matton\AgilePractices\APR_proto\bmad_version\clien
t\[39mnode_modules\[4mreact-dom[24m\cjs\react-dom.development.js
:21587:16[90m)[39m
    at HTMLUnknownElement.callCallback 
[90m(C:\Users\nmatton\OneDrive - Universit├® de Namur\PhD_Nicolas_
Matton\AgilePractices\APR_proto\bmad_version\client\[39mnode_modul
es\[4mreact-dom[24m\cjs\react-dom.development.js:4164:14[90m)[3
9m
    at HTMLUnknownElement.callTheUserObjectsOperation 
[90m(C:\Users\nmatton\OneDrive - Universit├® de Namur\PhD_Nicolas_
Matton\AgilePractices\APR_proto\bmad_version\client\[39mnode_modul
es\[4mjsdom[24m\lib\jsdom\living\generated\EventListener.js:26:30
[90m)[39m
    at innerInvokeEventListeners [90m(C:\Users\nmatton\OneDrive - 
Universit├® de Namur\PhD_Nicolas_Matton\AgilePractices\APR_proto\bm
ad_version\client\[39mnode_modules\[4mjsdom[24m\lib\jsdom\living
\events\EventTarget-impl.js:350:25[90m)[39m
    at invokeEventListeners [90m(C:\Users\nmatton\OneDrive - 
Universit├® de Namur\PhD_Nicolas_Matton\AgilePractices\APR_proto\bm
ad_version\client\[39mnode_modules\[4mjsdom[24m\lib\jsdom\living
\events\EventTarget-impl.js:286:3[90m)[39m
Error: Uncaught [TypeError: Cannot read properties of undefined 
(reading 'length')]
    at reportException (C:\Users\nmatton\OneDrive - Universit├® de 
Namur\PhD_Nicolas_Matton\AgilePractices\APR_proto\bmad_version\clie
nt\node_modules\jsdom\lib\jsdom\living\helpers\runtime-script-error
s.js:66:24)
    at innerInvokeEventListeners (C:\Users\nmatton\OneDrive - 
Universit├® de Namur\PhD_Nicolas_Matton\AgilePractices\APR_proto\bm
ad_version\client\node_modules\jsdom\lib\jsdom\living\events\EventT
arget-impl.js:353:9)
    at invokeEventListeners (C:\Users\nmatton\OneDrive - 
Universit├® de Namur\PhD_Nicolas_Matton\AgilePractices\APR_proto\bm
ad_version\client\node_modules\jsdom\lib\jsdom\living\events\EventT
arget-impl.js:286:3)
    at HTMLUnknownElementImpl._dispatch (C:\Users\nmatton\OneDrive 
- Universit├® de Namur\PhD_Nicolas_Matton\AgilePractices\APR_proto\
bmad_version\client\node_modules\jsdom\lib\jsdom\living\events\Even
tTarget-impl.js:233:9)
    at HTMLUnknownElementImpl.dispatchEvent 
(C:\Users\nmatton\OneDrive - Universit├® de Namur\PhD_Nicolas_Matto
n\AgilePractices\APR_proto\bmad_version\client\node_modules\jsdom\l
ib\jsdom\living\events\EventTarget-impl.js:104:17)
    at HTMLUnknownElement.dispatchEvent (C:\Users\nmatton\OneDrive 
- Universit├® de Namur\PhD_Nicolas_Matton\AgilePractices\APR_proto\
bmad_version\client\node_modules\jsdom\lib\jsdom\living\generated\E
ventTarget.js:241:34)
    at Object.invokeGuardedCallbackDev (C:\Users\nmatton\OneDrive 
- Universit├® de Namur\PhD_Nicolas_Matton\AgilePractices\APR_proto\
bmad_version\client\node_modules\react-dom\cjs\react-dom.developmen
t.js:4213:16)
    at invokeGuardedCallback (C:\Users\nmatton\OneDrive - 
Universit├® de Namur\PhD_Nicolas_Matton\AgilePractices\APR_proto\bm
ad_version\client\node_modules\react-dom\cjs\react-dom.development.
js:4277:31)
    at beginWork$1 (C:\Users\nmatton\OneDrive - Universit├® de Namu
r\PhD_Nicolas_Matton\AgilePractices\APR_proto\bmad_version\client\n
ode_modules\react-dom\cjs\react-dom.development.js:27451:7)
    at performUnitOfWork (C:\Users\nmatton\OneDrive - Universit├® 
de Namur\PhD_Nicolas_Matton\AgilePractices\APR_proto\bmad_version\c
lient\node_modules\react-dom\cjs\react-dom.development.js:26560:12)
 TypeError: Cannot read properties of undefined (reading 'length')
    at ActiveFilters [90m(C:\Users\nmatton\OneDrive - Universit├® 
de Namur\PhD_Nicolas_Matton\AgilePractices\APR_proto\bmad_version\c
lient\[39msrc\features\practices\components\ActiveFilters.tsx:15:4
3[90m)[39m
    at renderWithHooks [90m(C:\Users\nmatton\OneDrive - 
Universit├® de Namur\PhD_Nicolas_Matton\AgilePractices\APR_proto\bm
ad_version\client\[39mnode_modules\[4mreact-dom[24m\cjs\react-do
m.development.js:16305:18[90m)[39m
    at mountIndeterminateComponent [90m(C:\Users\nmatton\OneDrive 
- Universit├® de Namur\PhD_Nicolas_Matton\AgilePractices\APR_proto\
bmad_version\client\[39mnode_modules\[4mreact-dom[24m\cjs\react-
dom.development.js:20074:13[90m)[39m
    at beginWork [90m(C:\Users\nmatton\OneDrive - Universit├® de N
amur\PhD_Nicolas_Matton\AgilePractices\APR_proto\bmad_version\clien
t\[39mnode_modules\[4mreact-dom[24m\cjs\react-dom.development.js
:21587:16[90m)[39m
    at HTMLUnknownElement.callCallback 
[90m(C:\Users\nmatton\OneDrive - Universit├® de Namur\PhD_Nicolas_
Matton\AgilePractices\APR_proto\bmad_version\client\[39mnode_modul
es\[4mreact-dom[24m\cjs\react-dom.development.js:4164:14[90m)[3
9m
    at HTMLUnknownElement.callTheUserObjectsOperation 
[90m(C:\Users\nmatton\OneDrive - Universit├® de Namur\PhD_Nicolas_
Matton\AgilePractices\APR_proto\bmad_version\client\[39mnode_modul
es\[4mjsdom[24m\lib\jsdom\living\generated\EventListener.js:26:30
[90m)[39m
    at innerInvokeEventListeners [90m(C:\Users\nmatton\OneDrive - 
Universit├® de Namur\PhD_Nicolas_Matton\AgilePractices\APR_proto\bm
ad_version\client\[39mnode_modules\[4mjsdom[24m\lib\jsdom\living
\events\EventTarget-impl.js:350:25[90m)[39m
    at invokeEventListeners [90m(C:\Users\nmatton\OneDrive - 
Universit├® de Namur\PhD_Nicolas_Matton\AgilePractices\APR_proto\bm
ad_version\client\[39mnode_modules\[4mjsdom[24m\lib\jsdom\living
\events\EventTarget-impl.js:286:3[90m)[39m
    at HTMLUnknownElementImpl._dispatch 
[90m(C:\Users\nmatton\OneDrive - Universit├® de Namur\PhD_Nicolas_
Matton\AgilePractices\APR_proto\bmad_version\client\[39mnode_modul
es\[4mjsdom[24m\lib\jsdom\living\events\EventTarget-impl.js:233:9
[90m)[39m
    at HTMLUnknownElementImpl.dispatchEvent 
[90m(C:\Users\nmatton\OneDrive - Universit├® de Namur\PhD_Nicolas_
Matton\AgilePractices\APR_proto\bmad_version\client\[39mnode_modul
es\[4mjsdom[24m\lib\jsdom\living\events\EventTarget-impl.js:104:1
7[90m)[39m
The above error occurred in the <CategoryFilter> component:

    at CategoryFilter (C:\Users\nmatton\OneDrive - Universit├® de N
amur\PhD_Nicolas_Matton\AgilePractices\APR_proto\bmad_version\clien
t\src\features\practices\components\CategoryFilter.tsx:20:104)
    at div
    at div
    at div
    at div
    at main
    at div
    at PracticeCatalog (C:\Users\nmatton\OneDrive - Universit├® de 
Namur\PhD_Nicolas_Matton\AgilePractices\APR_proto\bmad_version\clie
nt\src\features\practices\pages\PracticeCatalog.tsx:59:73)
    at Router (file:///C:/Users/nmatton/OneDrive%20-%20Universit%C3
%A9%20de%20Namur/PhD_Nicolas_Matton/AgilePractices/APR_proto/bmad_v
ersion/client/node_modules/react-router/dist/development/chunk-EPOL
DU6W.mjs:6605:13)
    at MemoryRouter (file:///C:/Users/nmatton/OneDrive%20-%20Univer
sit%C3%A9%20de%20Namur/PhD_Nicolas_Matton/AgilePractices/APR_proto/
bmad_version/client/node_modules/react-router/dist/development/chun
k-EPOLDU6W.mjs:6521:3)

Consider adding an error boundary to your tree to customize error 
handling behavior.
Visit https://reactjs.org/link/error-boundaries to learn more 
about error boundaries.
The above error occurred in the <MethodFilter> component:

    at MethodFilter (C:\Users\nmatton\OneDrive - Universit├® de Nam
ur\PhD_Nicolas_Matton\AgilePractices\APR_proto\bmad_version\client\
src\features\practices\components\MethodFilter.tsx:21:101)
    at div
    at div
    at div
    at div
    at main
    at div
    at PracticeCatalog (C:\Users\nmatton\OneDrive - Universit├® de 
Namur\PhD_Nicolas_Matton\AgilePractices\APR_proto\bmad_version\clie
nt\src\features\practices\pages\PracticeCatalog.tsx:59:73)
    at Router (file:///C:/Users/nmatton/OneDrive%20-%20Universit%C3
%A9%20de%20Namur/PhD_Nicolas_Matton/AgilePractices/APR_proto/bmad_v
ersion/client/node_modules/react-router/dist/development/chunk-EPOL
DU6W.mjs:6605:13)
    at MemoryRouter (file:///C:/Users/nmatton/OneDrive%20-%20Univer
sit%C3%A9%20de%20Namur/PhD_Nicolas_Matton/AgilePractices/APR_proto/
bmad_version/client/node_modules/react-router/dist/development/chun
k-EPOLDU6W.mjs:6521:3)

Consider adding an error boundary to your tree to customize error 
handling behavior.
Visit https://reactjs.org/link/error-boundaries to learn more 
about error boundaries.
The above error occurred in the <ActiveFilters> component:

    at ActiveFilters (C:\Users\nmatton\OneDrive - Universit├® de Na
mur\PhD_Nicolas_Matton\AgilePractices\APR_proto\bmad_version\client
\src\features\practices\components\ActiveFilters.tsx:15:41)
    at div
    at div
    at div
    at main
    at div
    at PracticeCatalog (C:\Users\nmatton\OneDrive - Universit├® de 
Namur\PhD_Nicolas_Matton\AgilePractices\APR_proto\bmad_version\clie
nt\src\features\practices\pages\PracticeCatalog.tsx:59:73)
    at Router (file:///C:/Users/nmatton/OneDrive%20-%20Universit%C3
%A9%20de%20Namur/PhD_Nicolas_Matton/AgilePractices/APR_proto/bmad_v
ersion/client/node_modules/react-router/dist/development/chunk-EPOL
DU6W.mjs:6605:13)
    at MemoryRouter (file:///C:/Users/nmatton/OneDrive%20-%20Univer
sit%C3%A9%20de%20Namur/PhD_Nicolas_Matton/AgilePractices/APR_proto/
bmad_version/client/node_modules/react-router/dist/development/chun
k-EPOLDU6W.mjs:6521:3)

Consider adding an error boundary to your tree to customize error 
handling behavior.
Visit https://reactjs.org/link/error-boundaries to learn more 
about error boundaries.

[90mstderr[2m | 
src/features/practices/pages/PracticeCatalog.test.tsx[2m > 
[22m[2mPracticeCatalog[2m > [22m[2mdebounces search input and 
updates query[22m[39m
Error: Uncaught [TypeError: Cannot read properties of undefined 
(reading 'includes')]
    at reportException (C:\Users\nmatton\OneDrive - Universit├® de 
Namur\PhD_Nicolas_Matton\AgilePractices\APR_proto\bmad_version\clie
nt\node_modules\jsdom\lib\jsdom\living\helpers\runtime-script-error
s.js:66:24)
    at innerInvokeEventListeners (C:\Users\nmatton\OneDrive - 
Universit├® de Namur\PhD_Nicolas_Matton\AgilePractices\APR_proto\bm
ad_version\client\node_modules\jsdom\lib\jsdom\living\events\EventT
arget-impl.js:353:9)
    at invokeEventListeners (C:\Users\nmatton\OneDrive - 
Universit├® de Namur\PhD_Nicolas_Matton\AgilePractices\APR_proto\bm
ad_version\client\node_modules\jsdom\lib\jsdom\living\events\EventT
arget-impl.js:286:3)
    at HTMLUnknownElementImpl._dispatch (C:\Users\nmatton\OneDrive 
- Universit├® de Namur\PhD_Nicolas_Matton\AgilePractices\APR_proto\
bmad_version\client\node_modules\jsdom\lib\jsdom\living\events\Even
tTarget-impl.js:233:9)
    at HTMLUnknownElementImpl.dispatchEvent 
(C:\Users\nmatton\OneDrive - Universit├® de Namur\PhD_Nicolas_Matto
n\AgilePractices\APR_proto\bmad_version\client\node_modules\jsdom\l
ib\jsdom\living\events\EventTarget-impl.js:104:17)
    at HTMLUnknownElement.dispatchEvent (C:\Users\nmatton\OneDrive 
- Universit├® de Namur\PhD_Nicolas_Matton\AgilePractices\APR_proto\
bmad_version\client\node_modules\jsdom\lib\jsdom\living\generated\E
ventTarget.js:241:34)
    at Object.invokeGuardedCallbackDev (C:\Users\nmatton\OneDrive 
- Universit├® de Namur\PhD_Nicolas_Matton\AgilePractices\APR_proto\
bmad_version\client\node_modules\react-dom\cjs\react-dom.developmen
t.js:4213:16)
    at invokeGuardedCallback (C:\Users\nmatton\OneDrive - 
Universit├® de Namur\PhD_Nicolas_Matton\AgilePractices\APR_proto\bm
ad_version\client\node_modules\react-dom\cjs\react-dom.development.
js:4277:31)
    at beginWork$1 (C:\Users\nmatton\OneDrive - Universit├® de Namu
r\PhD_Nicolas_Matton\AgilePractices\APR_proto\bmad_version\client\n
ode_modules\react-dom\cjs\react-dom.development.js:27451:7)
    at performUnitOfWork (C:\Users\nmatton\OneDrive - Universit├® 
de Namur\PhD_Nicolas_Matton\AgilePractices\APR_proto\bmad_version\c
lient\node_modules\react-dom\cjs\react-dom.development.js:26560:12)
 TypeError: Cannot read properties of undefined (reading 
'includes')
    at [90mC:\Users\nmatton\OneDrive - Universit├® de Namur\PhD_Ni
colas_Matton\AgilePractices\APR_proto\bmad_version\client\[39msrc\
features\practices\components\CategoryFilter.tsx:23:57
    at Array.map (<anonymous>)
    at CategoryFilter [90m(C:\Users\nmatton\OneDrive - 
Universit├® de Namur\PhD_Nicolas_Matton\AgilePractices\APR_proto\bm
ad_version\client\[39msrc\features\practices\components\CategoryFi
lter.tsx:19:29[90m)[39m
    at renderWithHooks [90m(C:\Users\nmatton\OneDrive - 
Universit├® de Namur\PhD_Nicolas_Matton\AgilePractices\APR_proto\bm
ad_version\client\[39mnode_modules\[4mreact-dom[24m\cjs\react-do
m.development.js:16305:18[90m)[39m
    at mountIndeterminateComponent [90m(C:\Users\nmatton\OneDrive 
- Universit├® de Namur\PhD_Nicolas_Matton\AgilePractices\APR_proto\
bmad_version\client\[39mnode_modules\[4mreact-dom[24m\cjs\react-
dom.development.js:20074:13[90m)[39m
    at beginWork [90m(C:\Users\nmatton\OneDrive - Universit├® de N
amur\PhD_Nicolas_Matton\AgilePractices\APR_proto\bmad_version\clien
t\[39mnode_modules\[4mreact-dom[24m\cjs\react-dom.development.js
:21587:16[90m)[39m
    at HTMLUnknownElement.callCallback 
[90m(C:\Users\nmatton\OneDrive - Universit├® de Namur\PhD_Nicolas_
Matton\AgilePractices\APR_proto\bmad_version\client\[39mnode_modul
es\[4mreact-dom[24m\cjs\react-dom.development.js:4164:14[90m)[3
9m
    at HTMLUnknownElement.callTheUserObjectsOperation 
[90m(C:\Users\nmatton\OneDrive - Universit├® de Namur\PhD_Nicolas_
Matton\AgilePractices\APR_proto\bmad_version\client\[39mnode_modul
es\[4mjsdom[24m\lib\jsdom\living\generated\EventListener.js:26:30
[90m)[39m
    at innerInvokeEventListeners [90m(C:\Users\nmatton\OneDrive - 
Universit├® de Namur\PhD_Nicolas_Matton\AgilePractices\APR_proto\bm
ad_version\client\[39mnode_modules\[4mjsdom[24m\lib\jsdom\living
\events\EventTarget-impl.js:350:25[90m)[39m
    at invokeEventListeners [90m(C:\Users\nmatton\OneDrive - 
Universit├® de Namur\PhD_Nicolas_Matton\AgilePractices\APR_proto\bm
ad_version\client\[39mnode_modules\[4mjsdom[24m\lib\jsdom\living
\events\EventTarget-impl.js:286:3[90m)[39m
Error: Uncaught [TypeError: Cannot read properties of undefined 
(reading 'includes')]
    at reportException (C:\Users\nmatton\OneDrive - Universit├® de 
Namur\PhD_Nicolas_Matton\AgilePractices\APR_proto\bmad_version\clie
nt\node_modules\jsdom\lib\jsdom\living\helpers\runtime-script-error
s.js:66:24)
    at innerInvokeEventListeners (C:\Users\nmatton\OneDrive - 
Universit├® de Namur\PhD_Nicolas_Matton\AgilePractices\APR_proto\bm
ad_version\client\node_modules\jsdom\lib\jsdom\living\events\EventT
arget-impl.js:353:9)
    at invokeEventListeners (C:\Users\nmatton\OneDrive - 
Universit├® de Namur\PhD_Nicolas_Matton\AgilePractices\APR_proto\bm
ad_version\client\node_modules\jsdom\lib\jsdom\living\events\EventT
arget-impl.js:286:3)
    at HTMLUnknownElementImpl._dispatch (C:\Users\nmatton\OneDrive 
- Universit├® de Namur\PhD_Nicolas_Matton\AgilePractices\APR_proto\
bmad_version\client\node_modules\jsdom\lib\jsdom\living\events\Even
tTarget-impl.js:233:9)
    at HTMLUnknownElementImpl.dispatchEvent 
(C:\Users\nmatton\OneDrive - Universit├® de Namur\PhD_Nicolas_Matto
n\AgilePractices\APR_proto\bmad_version\client\node_modules\jsdom\l
ib\jsdom\living\events\EventTarget-impl.js:104:17)
    at HTMLUnknownElement.dispatchEvent (C:\Users\nmatton\OneDrive 
- Universit├® de Namur\PhD_Nicolas_Matton\AgilePractices\APR_proto\
bmad_version\client\node_modules\jsdom\lib\jsdom\living\generated\E
ventTarget.js:241:34)
    at Object.invokeGuardedCallbackDev (C:\Users\nmatton\OneDrive 
- Universit├® de Namur\PhD_Nicolas_Matton\AgilePractices\APR_proto\
bmad_version\client\node_modules\react-dom\cjs\react-dom.developmen
t.js:4213:16)
    at invokeGuardedCallback (C:\Users\nmatton\OneDrive - 
Universit├® de Namur\PhD_Nicolas_Matton\AgilePractices\APR_proto\bm
ad_version\client\node_modules\react-dom\cjs\react-dom.development.
js:4277:31)
    at beginWork$1 (C:\Users\nmatton\OneDrive - Universit├® de Namu
r\PhD_Nicolas_Matton\AgilePractices\APR_proto\bmad_version\client\n
ode_modules\react-dom\cjs\react-dom.development.js:27451:7)
    at performUnitOfWork (C:\Users\nmatton\OneDrive - Universit├® 
de Namur\PhD_Nicolas_Matton\AgilePractices\APR_proto\bmad_version\c
lient\node_modules\react-dom\cjs\react-dom.development.js:26560:12)
 TypeError: Cannot read properties of undefined (reading 
'includes')
    at [90mC:\Users\nmatton\OneDrive - Universit├® de Namur\PhD_Ni
colas_Matton\AgilePractices\APR_proto\bmad_version\client\[39msrc\
features\practices\components\MethodFilter.tsx:24:54
    at Array.map (<anonymous>)
    at MethodFilter [90m(C:\Users\nmatton\OneDrive - Universit├® 
de Namur\PhD_Nicolas_Matton\AgilePractices\APR_proto\bmad_version\c
lient\[39msrc\features\practices\components\MethodFilter.tsx:20:26
[90m)[39m
    at renderWithHooks [90m(C:\Users\nmatton\OneDrive - 
Universit├® de Namur\PhD_Nicolas_Matton\AgilePractices\APR_proto\bm
ad_version\client\[39mnode_modules\[4mreact-dom[24m\cjs\react-do
m.development.js:16305:18[90m)[39m
    at mountIndeterminateComponent [90m(C:\Users\nmatton\OneDrive 
- Universit├® de Namur\PhD_Nicolas_Matton\AgilePractices\APR_proto\
bmad_version\client\[39mnode_modules\[4mreact-dom[24m\cjs\react-
dom.development.js:20074:13[90m)[39m
    at beginWork [90m(C:\Users\nmatton\OneDrive - Universit├® de N
amur\PhD_Nicolas_Matton\AgilePractices\APR_proto\bmad_version\clien
t\[39mnode_modules\[4mreact-dom[24m\cjs\react-dom.development.js
:21587:16[90m)[39m
    at HTMLUnknownElement.callCallback 
[90m(C:\Users\nmatton\OneDrive - Universit├® de Namur\PhD_Nicolas_
Matton\AgilePractices\APR_proto\bmad_version\client\[39mnode_modul
es\[4mreact-dom[24m\cjs\react-dom.development.js:4164:14[90m)[3
9m
    at HTMLUnknownElement.callTheUserObjectsOperation 
[90m(C:\Users\nmatton\OneDrive - Universit├® de Namur\PhD_Nicolas_
Matton\AgilePractices\APR_proto\bmad_version\client\[39mnode_modul
es\[4mjsdom[24m\lib\jsdom\living\generated\EventListener.js:26:30
[90m)[39m
    at innerInvokeEventListeners [90m(C:\Users\nmatton\OneDrive - 
Universit├® de Namur\PhD_Nicolas_Matton\AgilePractices\APR_proto\bm
ad_version\client\[39mnode_modules\[4mjsdom[24m\lib\jsdom\living
\events\EventTarget-impl.js:350:25[90m)[39m
    at invokeEventListeners [90m(C:\Users\nmatton\OneDrive - 
Universit├® de Namur\PhD_Nicolas_Matton\AgilePractices\APR_proto\bm
ad_version\client\[39mnode_modules\[4mjsdom[24m\lib\jsdom\living
\events\EventTarget-impl.js:286:3[90m)[39m
Error: Uncaught [TypeError: Cannot read properties of undefined 
(reading 'length')]
    at reportException (C:\Users\nmatton\OneDrive - Universit├® de 
Namur\PhD_Nicolas_Matton\AgilePractices\APR_proto\bmad_version\clie
nt\node_modules\jsdom\lib\jsdom\living\helpers\runtime-script-error
s.js:66:24)
    at innerInvokeEventListeners (C:\Users\nmatton\OneDrive - 
Universit├® de Namur\PhD_Nicolas_Matton\AgilePractices\APR_proto\bm
ad_version\client\node_modules\jsdom\lib\jsdom\living\events\EventT
arget-impl.js:353:9)
    at invokeEventListeners (C:\Users\nmatton\OneDrive - 
Universit├® de Namur\PhD_Nicolas_Matton\AgilePractices\APR_proto\bm
ad_version\client\node_modules\jsdom\lib\jsdom\living\events\EventT
arget-impl.js:286:3)
    at HTMLUnknownElementImpl._dispatch (C:\Users\nmatton\OneDrive 
- Universit├® de Namur\PhD_Nicolas_Matton\AgilePractices\APR_proto\
bmad_version\client\node_modules\jsdom\lib\jsdom\living\events\Even
tTarget-impl.js:233:9)
    at HTMLUnknownElementImpl.dispatchEvent 
(C:\Users\nmatton\OneDrive - Universit├® de Namur\PhD_Nicolas_Matto
n\AgilePractices\APR_proto\bmad_version\client\node_modules\jsdom\l
ib\jsdom\living\events\EventTarget-impl.js:104:17)
    at HTMLUnknownElement.dispatchEvent (C:\Users\nmatton\OneDrive 
- Universit├® de Namur\PhD_Nicolas_Matton\AgilePractices\APR_proto\
bmad_version\client\node_modules\jsdom\lib\jsdom\living\generated\E
ventTarget.js:241:34)
    at Object.invokeGuardedCallbackDev (C:\Users\nmatton\OneDrive 
- Universit├® de Namur\PhD_Nicolas_Matton\AgilePractices\APR_proto\
bmad_version\client\node_modules\react-dom\cjs\react-dom.developmen
t.js:4213:16)
    at invokeGuardedCallback (C:\Users\nmatton\OneDrive - 
Universit├® de Namur\PhD_Nicolas_Matton\AgilePractices\APR_proto\bm
ad_version\client\node_modules\react-dom\cjs\react-dom.development.
js:4277:31)
    at beginWork$1 (C:\Users\nmatton\OneDrive - Universit├® de Namu
r\PhD_Nicolas_Matton\AgilePractices\APR_proto\bmad_version\client\n
ode_modules\react-dom\cjs\react-dom.development.js:27451:7)
    at performUnitOfWork (C:\Users\nmatton\OneDrive - Universit├® 
de Namur\PhD_Nicolas_Matton\AgilePractices\APR_proto\bmad_version\c
lient\node_modules\react-dom\cjs\react-dom.development.js:26560:12)
 TypeError: Cannot read properties of undefined (reading 'length')
    at ActiveFilters [90m(C:\Users\nmatton\OneDrive - Universit├® 
de Namur\PhD_Nicolas_Matton\AgilePractices\APR_proto\bmad_version\c
lient\[39msrc\features\practices\components\ActiveFilters.tsx:15:4
3[90m)[39m
    at renderWithHooks [90m(C:\Users\nmatton\OneDrive - 
Universit├® de Namur\PhD_Nicolas_Matton\AgilePractices\APR_proto\bm
ad_version\client\[39mnode_modules\[4mreact-dom[24m\cjs\react-do
m.development.js:16305:18[90m)[39m
    at mountIndeterminateComponent [90m(C:\Users\nmatton\OneDrive 
- Universit├® de Namur\PhD_Nicolas_Matton\AgilePractices\APR_proto\
bmad_version\client\[39mnode_modules\[4mreact-dom[24m\cjs\react-
dom.development.js:20074:13[90m)[39m
    at beginWork [90m(C:\Users\nmatton\OneDrive - Universit├® de N
amur\PhD_Nicolas_Matton\AgilePractices\APR_proto\bmad_version\clien
t\[39mnode_modules\[4mreact-dom[24m\cjs\react-dom.development.js
:21587:16[90m)[39m
    at HTMLUnknownElement.callCallback 
[90m(C:\Users\nmatton\OneDrive - Universit├® de Namur\PhD_Nicolas_
Matton\AgilePractices\APR_proto\bmad_version\client\[39mnode_modul
es\[4mreact-dom[24m\cjs\react-dom.development.js:4164:14[90m)[3
9m
    at HTMLUnknownElement.callTheUserObjectsOperation 
[90m(C:\Users\nmatton\OneDrive - Universit├® de Namur\PhD_Nicolas_
Matton\AgilePractices\APR_proto\bmad_version\client\[39mnode_modul
es\[4mjsdom[24m\lib\jsdom\living\generated\EventListener.js:26:30
[90m)[39m
    at innerInvokeEventListeners [90m(C:\Users\nmatton\OneDrive - 
Universit├® de Namur\PhD_Nicolas_Matton\AgilePractices\APR_proto\bm
ad_version\client\[39mnode_modules\[4mjsdom[24m\lib\jsdom\living
\events\EventTarget-impl.js:350:25[90m)[39m
    at invokeEventListeners [90m(C:\Users\nmatton\OneDrive - 
Universit├® de Namur\PhD_Nicolas_Matton\AgilePractices\APR_proto\bm
ad_version\client\[39mnode_modules\[4mjsdom[24m\lib\jsdom\living
\events\EventTarget-impl.js:286:3[90m)[39m
    at HTMLUnknownElementImpl._dispatch 
[90m(C:\Users\nmatton\OneDrive - Universit├® de Namur\PhD_Nicolas_
Matton\AgilePractices\APR_proto\bmad_version\client\[39mnode_modul
es\[4mjsdom[24m\lib\jsdom\living\events\EventTarget-impl.js:233:9
[90m)[39m
    at HTMLUnknownElementImpl.dispatchEvent 
[90m(C:\Users\nmatton\OneDrive - Universit├® de Namur\PhD_Nicolas_
Matton\AgilePractices\APR_proto\bmad_version\client\[39mnode_modul
es\[4mjsdom[24m\lib\jsdom\living\events\EventTarget-impl.js:104:1
7[90m)[39m
Error: Uncaught [TypeError: Cannot read properties of undefined 
(reading 'includes')]
    at reportException (C:\Users\nmatton\OneDrive - Universit├® de 
Namur\PhD_Nicolas_Matton\AgilePractices\APR_proto\bmad_version\clie
nt\node_modules\jsdom\lib\jsdom\living\helpers\runtime-script-error
s.js:66:24)
    at innerInvokeEventListeners (C:\Users\nmatton\OneDrive - 
Universit├® de Namur\PhD_Nicolas_Matton\AgilePractices\APR_proto\bm
ad_version\client\node_modules\jsdom\lib\jsdom\living\events\EventT
arget-impl.js:353:9)
    at invokeEventListeners (C:\Users\nmatton\OneDrive - 
Universit├® de Namur\PhD_Nicolas_Matton\AgilePractices\APR_proto\bm
ad_version\client\node_modules\jsdom\lib\jsdom\living\events\EventT
arget-impl.js:286:3)
    at HTMLUnknownElementImpl._dispatch (C:\Users\nmatton\OneDrive 
- Universit├® de Namur\PhD_Nicolas_Matton\AgilePractices\APR_proto\
bmad_version\client\node_modules\jsdom\lib\jsdom\living\events\Even
tTarget-impl.js:233:9)
    at HTMLUnknownElementImpl.dispatchEvent 
(C:\Users\nmatton\OneDrive - Universit├® de Namur\PhD_Nicolas_Matto
n\AgilePractices\APR_proto\bmad_version\client\node_modules\jsdom\l
ib\jsdom\living\events\EventTarget-impl.js:104:17)
    at HTMLUnknownElement.dispatchEvent (C:\Users\nmatton\OneDrive 
- Universit├® de Namur\PhD_Nicolas_Matton\AgilePractices\APR_proto\
bmad_version\client\node_modules\jsdom\lib\jsdom\living\generated\E
ventTarget.js:241:34)
    at Object.invokeGuardedCallbackDev (C:\Users\nmatton\OneDrive 
- Universit├® de Namur\PhD_Nicolas_Matton\AgilePractices\APR_proto\
bmad_version\client\node_modules\react-dom\cjs\react-dom.developmen
t.js:4213:16)
    at invokeGuardedCallback (C:\Users\nmatton\OneDrive - 
Universit├® de Namur\PhD_Nicolas_Matton\AgilePractices\APR_proto\bm
ad_version\client\node_modules\react-dom\cjs\react-dom.development.
js:4277:31)
    at beginWork$1 (C:\Users\nmatton\OneDrive - Universit├® de Namu
r\PhD_Nicolas_Matton\AgilePractices\APR_proto\bmad_version\client\n
ode_modules\react-dom\cjs\react-dom.development.js:27451:7)
    at performUnitOfWork (C:\Users\nmatton\OneDrive - Universit├® 
de Namur\PhD_Nicolas_Matton\AgilePractices\APR_proto\bmad_version\c
lient\node_modules\react-dom\cjs\react-dom.development.js:26560:12)
 TypeError: Cannot read properties of undefined (reading 
'includes')
    at [90mC:\Users\nmatton\OneDrive - Universit├® de Namur\PhD_Ni
colas_Matton\AgilePractices\APR_proto\bmad_version\client\[39msrc\
features\practices\components\CategoryFilter.tsx:23:57
    at Array.map (<anonymous>)
    at CategoryFilter [90m(C:\Users\nmatton\OneDrive - 
Universit├® de Namur\PhD_Nicolas_Matton\AgilePractices\APR_proto\bm
ad_version\client\[39msrc\features\practices\components\CategoryFi
lter.tsx:19:29[90m)[39m
    at renderWithHooks [90m(C:\Users\nmatton\OneDrive - 
Universit├® de Namur\PhD_Nicolas_Matton\AgilePractices\APR_proto\bm
ad_version\client\[39mnode_modules\[4mreact-dom[24m\cjs\react-do
m.development.js:16305:18[90m)[39m
    at mountIndeterminateComponent [90m(C:\Users\nmatton\OneDrive 
- Universit├® de Namur\PhD_Nicolas_Matton\AgilePractices\APR_proto\
bmad_version\client\[39mnode_modules\[4mreact-dom[24m\cjs\react-
dom.development.js:20074:13[90m)[39m
    at beginWork [90m(C:\Users\nmatton\OneDrive - Universit├® de N
amur\PhD_Nicolas_Matton\AgilePractices\APR_proto\bmad_version\clien
t\[39mnode_modules\[4mreact-dom[24m\cjs\react-dom.development.js
:21587:16[90m)[39m
    at HTMLUnknownElement.callCallback 
[90m(C:\Users\nmatton\OneDrive - Universit├® de Namur\PhD_Nicolas_
Matton\AgilePractices\APR_proto\bmad_version\client\[39mnode_modul
es\[4mreact-dom[24m\cjs\react-dom.development.js:4164:14[90m)[3
9m
    at HTMLUnknownElement.callTheUserObjectsOperation 
[90m(C:\Users\nmatton\OneDrive - Universit├® de Namur\PhD_Nicolas_
Matton\AgilePractices\APR_proto\bmad_version\client\[39mnode_modul
es\[4mjsdom[24m\lib\jsdom\living\generated\EventListener.js:26:30
[90m)[39m
    at innerInvokeEventListeners [90m(C:\Users\nmatton\OneDrive - 
Universit├® de Namur\PhD_Nicolas_Matton\AgilePractices\APR_proto\bm
ad_version\client\[39mnode_modules\[4mjsdom[24m\lib\jsdom\living
\events\EventTarget-impl.js:350:25[90m)[39m
    at invokeEventListeners [90m(C:\Users\nmatton\OneDrive - 
Universit├® de Namur\PhD_Nicolas_Matton\AgilePractices\APR_proto\bm
ad_version\client\[39mnode_modules\[4mjsdom[24m\lib\jsdom\living
\events\EventTarget-impl.js:286:3[90m)[39m
Error: Uncaught [TypeError: Cannot read properties of undefined 
(reading 'includes')]
    at reportException (C:\Users\nmatton\OneDrive - Universit├® de 
Namur\PhD_Nicolas_Matton\AgilePractices\APR_proto\bmad_version\clie
nt\node_modules\jsdom\lib\jsdom\living\helpers\runtime-script-error
s.js:66:24)
    at innerInvokeEventListeners (C:\Users\nmatton\OneDrive - 
Universit├® de Namur\PhD_Nicolas_Matton\AgilePractices\APR_proto\bm
ad_version\client\node_modules\jsdom\lib\jsdom\living\events\EventT
arget-impl.js:353:9)
    at invokeEventListeners (C:\Users\nmatton\OneDrive - 
Universit├® de Namur\PhD_Nicolas_Matton\AgilePractices\APR_proto\bm
ad_version\client\node_modules\jsdom\lib\jsdom\living\events\EventT
arget-impl.js:286:3)
    at HTMLUnknownElementImpl._dispatch (C:\Users\nmatton\OneDrive 
- Universit├® de Namur\PhD_Nicolas_Matton\AgilePractices\APR_proto\
bmad_version\client\node_modules\jsdom\lib\jsdom\living\events\Even
tTarget-impl.js:233:9)
    at HTMLUnknownElementImpl.dispatchEvent 
(C:\Users\nmatton\OneDrive - Universit├® de Namur\PhD_Nicolas_Matto
n\AgilePractices\APR_proto\bmad_version\client\node_modules\jsdom\l
ib\jsdom\living\events\EventTarget-impl.js:104:17)
    at HTMLUnknownElement.dispatchEvent (C:\Users\nmatton\OneDrive 
- Universit├® de Namur\PhD_Nicolas_Matton\AgilePractices\APR_proto\
bmad_version\client\node_modules\jsdom\lib\jsdom\living\generated\E
ventTarget.js:241:34)
    at Object.invokeGuardedCallbackDev (C:\Users\nmatton\OneDrive 
- Universit├® de Namur\PhD_Nicolas_Matton\AgilePractices\APR_proto\
bmad_version\client\node_modules\react-dom\cjs\react-dom.developmen
t.js:4213:16)
    at invokeGuardedCallback (C:\Users\nmatton\OneDrive - 
Universit├® de Namur\PhD_Nicolas_Matton\AgilePractices\APR_proto\bm
ad_version\client\node_modules\react-dom\cjs\react-dom.development.
js:4277:31)
    at beginWork$1 (C:\Users\nmatton\OneDrive - Universit├® de Namu
r\PhD_Nicolas_Matton\AgilePractices\APR_proto\bmad_version\client\n
ode_modules\react-dom\cjs\react-dom.development.js:27451:7)
    at performUnitOfWork (C:\Users\nmatton\OneDrive - Universit├® 
de Namur\PhD_Nicolas_Matton\AgilePractices\APR_proto\bmad_version\c
lient\node_modules\react-dom\cjs\react-dom.development.js:26560:12)
 TypeError: Cannot read properties of undefined (reading 
'includes')
    at [90mC:\Users\nmatton\OneDrive - Universit├® de Namur\PhD_Ni
colas_Matton\AgilePractices\APR_proto\bmad_version\client\[39msrc\
features\practices\components\MethodFilter.tsx:24:54
    at Array.map (<anonymous>)
    at MethodFilter [90m(C:\Users\nmatton\OneDrive - Universit├® 
de Namur\PhD_Nicolas_Matton\AgilePractices\APR_proto\bmad_version\c
lient\[39msrc\features\practices\components\MethodFilter.tsx:20:26
[90m)[39m
    at renderWithHooks [90m(C:\Users\nmatton\OneDrive - 
Universit├® de Namur\PhD_Nicolas_Matton\AgilePractices\APR_proto\bm
ad_version\client\[39mnode_modules\[4mreact-dom[24m\cjs\react-do
m.development.js:16305:18[90m)[39m
    at mountIndeterminateComponent [90m(C:\Users\nmatton\OneDrive 
- Universit├® de Namur\PhD_Nicolas_Matton\AgilePractices\APR_proto\
bmad_version\client\[39mnode_modules\[4mreact-dom[24m\cjs\react-
dom.development.js:20074:13[90m)[39m
    at beginWork [90m(C:\Users\nmatton\OneDrive - Universit├® de N
amur\PhD_Nicolas_Matton\AgilePractices\APR_proto\bmad_version\clien
t\[39mnode_modules\[4mreact-dom[24m\cjs\react-dom.development.js
:21587:16[90m)[39m
    at HTMLUnknownElement.callCallback 
[90m(C:\Users\nmatton\OneDrive - Universit├® de Namur\PhD_Nicolas_
Matton\AgilePractices\APR_proto\bmad_version\client\[39mnode_modul
es\[4mreact-dom[24m\cjs\react-dom.development.js:4164:14[90m)[3
9m
    at HTMLUnknownElement.callTheUserObjectsOperation 
[90m(C:\Users\nmatton\OneDrive - Universit├® de Namur\PhD_Nicolas_
Matton\AgilePractices\APR_proto\bmad_version\client\[39mnode_modul
es\[4mjsdom[24m\lib\jsdom\living\generated\EventListener.js:26:30
[90m)[39m
    at innerInvokeEventListeners [90m(C:\Users\nmatton\OneDrive - 
Universit├® de Namur\PhD_Nicolas_Matton\AgilePractices\APR_proto\bm
ad_version\client\[39mnode_modules\[4mjsdom[24m\lib\jsdom\living
\events\EventTarget-impl.js:350:25[90m)[39m
    at invokeEventListeners [90m(C:\Users\nmatton\OneDrive - 
Universit├® de Namur\PhD_Nicolas_Matton\AgilePractices\APR_proto\bm
ad_version\client\[39mnode_modules\[4mjsdom[24m\lib\jsdom\living
\events\EventTarget-impl.js:286:3[90m)[39m
Error: Uncaught [TypeError: Cannot read properties of undefined 
(reading 'length')]
    at reportException (C:\Users\nmatton\OneDrive - Universit├® de 
Namur\PhD_Nicolas_Matton\AgilePractices\APR_proto\bmad_version\clie
nt\node_modules\jsdom\lib\jsdom\living\helpers\runtime-script-error
s.js:66:24)
    at innerInvokeEventListeners (C:\Users\nmatton\OneDrive - 
Universit├® de Namur\PhD_Nicolas_Matton\AgilePractices\APR_proto\bm
ad_version\client\node_modules\jsdom\lib\jsdom\living\events\EventT
arget-impl.js:353:9)
    at invokeEventListeners (C:\Users\nmatton\OneDrive - 
Universit├® de Namur\PhD_Nicolas_Matton\AgilePractices\APR_proto\bm
ad_version\client\node_modules\jsdom\lib\jsdom\living\events\EventT
arget-impl.js:286:3)
    at HTMLUnknownElementImpl._dispatch (C:\Users\nmatton\OneDrive 
- Universit├® de Namur\PhD_Nicolas_Matton\AgilePractices\APR_proto\
bmad_version\client\node_modules\jsdom\lib\jsdom\living\events\Even
tTarget-impl.js:233:9)
    at HTMLUnknownElementImpl.dispatchEvent 
(C:\Users\nmatton\OneDrive - Universit├® de Namur\PhD_Nicolas_Matto
n\AgilePractices\APR_proto\bmad_version\client\node_modules\jsdom\l
ib\jsdom\living\events\EventTarget-impl.js:104:17)
    at HTMLUnknownElement.dispatchEvent (C:\Users\nmatton\OneDrive 
- Universit├® de Namur\PhD_Nicolas_Matton\AgilePractices\APR_proto\
bmad_version\client\node_modules\jsdom\lib\jsdom\living\generated\E
ventTarget.js:241:34)
    at Object.invokeGuardedCallbackDev (C:\Users\nmatton\OneDrive 
- Universit├® de Namur\PhD_Nicolas_Matton\AgilePractices\APR_proto\
bmad_version\client\node_modules\react-dom\cjs\react-dom.developmen
t.js:4213:16)
    at invokeGuardedCallback (C:\Users\nmatton\OneDrive - 
Universit├® de Namur\PhD_Nicolas_Matton\AgilePractices\APR_proto\bm
ad_version\client\node_modules\react-dom\cjs\react-dom.development.
js:4277:31)
    at beginWork$1 (C:\Users\nmatton\OneDrive - Universit├® de Namu
r\PhD_Nicolas_Matton\AgilePractices\APR_proto\bmad_version\client\n
ode_modules\react-dom\cjs\react-dom.development.js:27451:7)
    at performUnitOfWork (C:\Users\nmatton\OneDrive - Universit├® 
de Namur\PhD_Nicolas_Matton\AgilePractices\APR_proto\bmad_version\c
lient\node_modules\react-dom\cjs\react-dom.development.js:26560:12)
 TypeError: Cannot read properties of undefined (reading 'length')
    at ActiveFilters [90m(C:\Users\nmatton\OneDrive - Universit├® 
de Namur\PhD_Nicolas_Matton\AgilePractices\APR_proto\bmad_version\c
lient\[39msrc\features\practices\components\ActiveFilters.tsx:15:4
3[90m)[39m
    at renderWithHooks [90m(C:\Users\nmatton\OneDrive - 
Universit├® de Namur\PhD_Nicolas_Matton\AgilePractices\APR_proto\bm
ad_version\client\[39mnode_modules\[4mreact-dom[24m\cjs\react-do
m.development.js:16305:18[90m)[39m
    at mountIndeterminateComponent [90m(C:\Users\nmatton\OneDrive 
- Universit├® de Namur\PhD_Nicolas_Matton\AgilePractices\APR_proto\
bmad_version\client\[39mnode_modules\[4mreact-dom[24m\cjs\react-
dom.development.js:20074:13[90m)[39m
    at beginWork [90m(C:\Users\nmatton\OneDrive - Universit├® de N
amur\PhD_Nicolas_Matton\AgilePractices\APR_proto\bmad_version\clien
t\[39mnode_modules\[4mreact-dom[24m\cjs\react-dom.development.js
:21587:16[90m)[39m
    at HTMLUnknownElement.callCallback 
[90m(C:\Users\nmatton\OneDrive - Universit├® de Namur\PhD_Nicolas_
Matton\AgilePractices\APR_proto\bmad_version\client\[39mnode_modul
es\[4mreact-dom[24m\cjs\react-dom.development.js:4164:14[90m)[3
9m
    at HTMLUnknownElement.callTheUserObjectsOperation 
[90m(C:\Users\nmatton\OneDrive - Universit├® de Namur\PhD_Nicolas_
Matton\AgilePractices\APR_proto\bmad_version\client\[39mnode_modul
es\[4mjsdom[24m\lib\jsdom\living\generated\EventListener.js:26:30
[90m)[39m
    at innerInvokeEventListeners [90m(C:\Users\nmatton\OneDrive - 
Universit├® de Namur\PhD_Nicolas_Matton\AgilePractices\APR_proto\bm
ad_version\client\[39mnode_modules\[4mjsdom[24m\lib\jsdom\living
\events\EventTarget-impl.js:350:25[90m)[39m
    at invokeEventListeners [90m(C:\Users\nmatton\OneDrive - 
Universit├® de Namur\PhD_Nicolas_Matton\AgilePractices\APR_proto\bm
ad_version\client\[39mnode_modules\[4mjsdom[24m\lib\jsdom\living
\events\EventTarget-impl.js:286:3[90m)[39m
    at HTMLUnknownElementImpl._dispatch 
[90m(C:\Users\nmatton\OneDrive - Universit├® de Namur\PhD_Nicolas_
Matton\AgilePractices\APR_proto\bmad_version\client\[39mnode_modul
es\[4mjsdom[24m\lib\jsdom\living\events\EventTarget-impl.js:233:9
[90m)[39m
    at HTMLUnknownElementImpl.dispatchEvent 
[90m(C:\Users\nmatton\OneDrive - Universit├® de Namur\PhD_Nicolas_
Matton\AgilePractices\APR_proto\bmad_version\client\[39mnode_modul
es\[4mjsdom[24m\lib\jsdom\living\events\EventTarget-impl.js:104:1
7[90m)[39m
The above error occurred in the <CategoryFilter> component:

    at CategoryFilter (C:\Users\nmatton\OneDrive - Universit├® de N
amur\PhD_Nicolas_Matton\AgilePractices\APR_proto\bmad_version\clien
t\src\features\practices\components\CategoryFilter.tsx:20:104)
    at div
    at div
    at div
    at div
    at main
    at div
    at PracticeCatalog (C:\Users\nmatton\OneDrive - Universit├® de 
Namur\PhD_Nicolas_Matton\AgilePractices\APR_proto\bmad_version\clie
nt\src\features\practices\pages\PracticeCatalog.tsx:59:73)
    at Router (file:///C:/Users/nmatton/OneDrive%20-%20Universit%C3
%A9%20de%20Namur/PhD_Nicolas_Matton/AgilePractices/APR_proto/bmad_v
ersion/client/node_modules/react-router/dist/development/chunk-EPOL
DU6W.mjs:6605:13)
    at MemoryRouter (file:///C:/Users/nmatton/OneDrive%20-%20Univer
sit%C3%A9%20de%20Namur/PhD_Nicolas_Matton/AgilePractices/APR_proto/
bmad_version/client/node_modules/react-router/dist/development/chun
k-EPOLDU6W.mjs:6521:3)

Consider adding an error boundary to your tree to customize error 
handling behavior.
Visit https://reactjs.org/link/error-boundaries to learn more 
about error boundaries.
The above error occurred in the <MethodFilter> component:

    at MethodFilter (C:\Users\nmatton\OneDrive - Universit├® de Nam
ur\PhD_Nicolas_Matton\AgilePractices\APR_proto\bmad_version\client\
src\features\practices\components\MethodFilter.tsx:21:101)
    at div
    at div
    at div
    at div
    at main
    at div
    at PracticeCatalog (C:\Users\nmatton\OneDrive - Universit├® de 
Namur\PhD_Nicolas_Matton\AgilePractices\APR_proto\bmad_version\clie
nt\src\features\practices\pages\PracticeCatalog.tsx:59:73)
    at Router (file:///C:/Users/nmatton/OneDrive%20-%20Universit%C3
%A9%20de%20Namur/PhD_Nicolas_Matton/AgilePractices/APR_proto/bmad_v
ersion/client/node_modules/react-router/dist/development/chunk-EPOL
DU6W.mjs:6605:13)
    at MemoryRouter (file:///C:/Users/nmatton/OneDrive%20-%20Univer
sit%C3%A9%20de%20Namur/PhD_Nicolas_Matton/AgilePractices/APR_proto/
bmad_version/client/node_modules/react-router/dist/development/chun
k-EPOLDU6W.mjs:6521:3)

Consider adding an error boundary to your tree to customize error 
handling behavior.
Visit https://reactjs.org/link/error-boundaries to learn more 
about error boundaries.
The above error occurred in the <ActiveFilters> component:

    at ActiveFilters (C:\Users\nmatton\OneDrive - Universit├® de Na
mur\PhD_Nicolas_Matton\AgilePractices\APR_proto\bmad_version\client
\src\features\practices\components\ActiveFilters.tsx:15:41)
    at div
    at div
    at div
    at main
    at div
    at PracticeCatalog (C:\Users\nmatton\OneDrive - Universit├® de 
Namur\PhD_Nicolas_Matton\AgilePractices\APR_proto\bmad_version\clie
nt\src\features\practices\pages\PracticeCatalog.tsx:59:73)
    at Router (file:///C:/Users/nmatton/OneDrive%20-%20Universit%C3
%A9%20de%20Namur/PhD_Nicolas_Matton/AgilePractices/APR_proto/bmad_v
ersion/client/node_modules/react-router/dist/development/chunk-EPOL
DU6W.mjs:6605:13)
    at MemoryRouter (file:///C:/Users/nmatton/OneDrive%20-%20Univer
sit%C3%A9%20de%20Namur/PhD_Nicolas_Matton/AgilePractices/APR_proto/
bmad_version/client/node_modules/react-router/dist/development/chun
k-EPOLDU6W.mjs:6521:3)

Consider adding an error boundary to your tree to customize error 
handling behavior.
Visit https://reactjs.org/link/error-boundaries to learn more 
about error boundaries.

[90mstderr[2m | 
src/features/practices/pages/PracticeCatalog.test.tsx[2m > 
[22m[2mPracticeCatalog[2m > [22m[2mclears search input when 
clicking the clear button[22m[39m
Error: Uncaught [TypeError: Cannot read properties of undefined 
(reading 'includes')]
    at reportException (C:\Users\nmatton\OneDrive - Universit├® de 
Namur\PhD_Nicolas_Matton\AgilePractices\APR_proto\bmad_version\clie
nt\node_modules\jsdom\lib\jsdom\living\helpers\runtime-script-error
s.js:66:24)
    at innerInvokeEventListeners (C:\Users\nmatton\OneDrive - 
Universit├® de Namur\PhD_Nicolas_Matton\AgilePractices\APR_proto\bm
ad_version\client\node_modules\jsdom\lib\jsdom\living\events\EventT
arget-impl.js:353:9)
    at invokeEventListeners (C:\Users\nmatton\OneDrive - 
Universit├® de Namur\PhD_Nicolas_Matton\AgilePractices\APR_proto\bm
ad_version\client\node_modules\jsdom\lib\jsdom\living\events\EventT
arget-impl.js:286:3)
    at HTMLUnknownElementImpl._dispatch (C:\Users\nmatton\OneDrive 
- Universit├® de Namur\PhD_Nicolas_Matton\AgilePractices\APR_proto\
bmad_version\client\node_modules\jsdom\lib\jsdom\living\events\Even
tTarget-impl.js:233:9)
    at HTMLUnknownElementImpl.dispatchEvent 
(C:\Users\nmatton\OneDrive - Universit├® de Namur\PhD_Nicolas_Matto
n\AgilePractices\APR_proto\bmad_version\client\node_modules\jsdom\l
ib\jsdom\living\events\EventTarget-impl.js:104:17)
    at HTMLUnknownElement.dispatchEvent (C:\Users\nmatton\OneDrive 
- Universit├® de Namur\PhD_Nicolas_Matton\AgilePractices\APR_proto\
bmad_version\client\node_modules\jsdom\lib\jsdom\living\generated\E
ventTarget.js:241:34)
    at Object.invokeGuardedCallbackDev (C:\Users\nmatton\OneDrive 
- Universit├® de Namur\PhD_Nicolas_Matton\AgilePractices\APR_proto\
bmad_version\client\node_modules\react-dom\cjs\react-dom.developmen
t.js:4213:16)
    at invokeGuardedCallback (C:\Users\nmatton\OneDrive - 
Universit├® de Namur\PhD_Nicolas_Matton\AgilePractices\APR_proto\bm
ad_version\client\node_modules\react-dom\cjs\react-dom.development.
js:4277:31)
    at beginWork$1 (C:\Users\nmatton\OneDrive - Universit├® de Namu
r\PhD_Nicolas_Matton\AgilePractices\APR_proto\bmad_version\client\n
ode_modules\react-dom\cjs\react-dom.development.js:27451:7)
    at performUnitOfWork (C:\Users\nmatton\OneDrive - Universit├® 
de Namur\PhD_Nicolas_Matton\AgilePractices\APR_proto\bmad_version\c
lient\node_modules\react-dom\cjs\react-dom.development.js:26560:12)
 TypeError: Cannot read properties of undefined (reading 
'includes')
    at [90mC:\Users\nmatton\OneDrive - Universit├® de Namur\PhD_Ni
colas_Matton\AgilePractices\APR_proto\bmad_version\client\[39msrc\
features\practices\components\CategoryFilter.tsx:23:57
    at Array.map (<anonymous>)
    at CategoryFilter [90m(C:\Users\nmatton\OneDrive - 
Universit├® de Namur\PhD_Nicolas_Matton\AgilePractices\APR_proto\bm
ad_version\client\[39msrc\features\practices\components\CategoryFi
lter.tsx:19:29[90m)[39m
    at renderWithHooks [90m(C:\Users\nmatton\OneDrive - 
Universit├® de Namur\PhD_Nicolas_Matton\AgilePractices\APR_proto\bm
ad_version\client\[39mnode_modules\[4mreact-dom[24m\cjs\react-do
m.development.js:16305:18[90m)[39m
    at mountIndeterminateComponent [90m(C:\Users\nmatton\OneDrive 
- Universit├® de Namur\PhD_Nicolas_Matton\AgilePractices\APR_proto\
bmad_version\client\[39mnode_modules\[4mreact-dom[24m\cjs\react-
dom.development.js:20074:13[90m)[39m
    at beginWork [90m(C:\Users\nmatton\OneDrive - Universit├® de N
amur\PhD_Nicolas_Matton\AgilePractices\APR_proto\bmad_version\clien
t\[39mnode_modules\[4mreact-dom[24m\cjs\react-dom.development.js
:21587:16[90m)[39m
    at HTMLUnknownElement.callCallback 
[90m(C:\Users\nmatton\OneDrive - Universit├® de Namur\PhD_Nicolas_
Matton\AgilePractices\APR_proto\bmad_version\client\[39mnode_modul
es\[4mreact-dom[24m\cjs\react-dom.development.js:4164:14[90m)[3
9m
    at HTMLUnknownElement.callTheUserObjectsOperation 
[90m(C:\Users\nmatton\OneDrive - Universit├® de Namur\PhD_Nicolas_
Matton\AgilePractices\APR_proto\bmad_version\client\[39mnode_modul
es\[4mjsdom[24m\lib\jsdom\living\generated\EventListener.js:26:30
[90m)[39m
    at innerInvokeEventListeners [90m(C:\Users\nmatton\OneDrive - 
Universit├® de Namur\PhD_Nicolas_Matton\AgilePractices\APR_proto\bm
ad_version\client\[39mnode_modules\[4mjsdom[24m\lib\jsdom\living
\events\EventTarget-impl.js:350:25[90m)[39m
    at invokeEventListeners [90m(C:\Users\nmatton\OneDrive - 
Universit├® de Namur\PhD_Nicolas_Matton\AgilePractices\APR_proto\bm
ad_version\client\[39mnode_modules\[4mjsdom[24m\lib\jsdom\living
\events\EventTarget-impl.js:286:3[90m)[39m
Error: Uncaught [TypeError: Cannot read properties of undefined 
(reading 'includes')]
    at reportException (C:\Users\nmatton\OneDrive - Universit├® de 
Namur\PhD_Nicolas_Matton\AgilePractices\APR_proto\bmad_version\clie
nt\node_modules\jsdom\lib\jsdom\living\helpers\runtime-script-error
s.js:66:24)
    at innerInvokeEventListeners (C:\Users\nmatton\OneDrive - 
Universit├® de Namur\PhD_Nicolas_Matton\AgilePractices\APR_proto\bm
ad_version\client\node_modules\jsdom\lib\jsdom\living\events\EventT
arget-impl.js:353:9)
    at invokeEventListeners (C:\Users\nmatton\OneDrive - 
Universit├® de Namur\PhD_Nicolas_Matton\AgilePractices\APR_proto\bm
ad_version\client\node_modules\jsdom\lib\jsdom\living\events\EventT
arget-impl.js:286:3)
    at HTMLUnknownElementImpl._dispatch (C:\Users\nmatton\OneDrive 
- Universit├® de Namur\PhD_Nicolas_Matton\AgilePractices\APR_proto\
bmad_version\client\node_modules\jsdom\lib\jsdom\living\events\Even
tTarget-impl.js:233:9)
    at HTMLUnknownElementImpl.dispatchEvent 
(C:\Users\nmatton\OneDrive - Universit├® de Namur\PhD_Nicolas_Matto
n\AgilePractices\APR_proto\bmad_version\client\node_modules\jsdom\l
ib\jsdom\living\events\EventTarget-impl.js:104:17)
    at HTMLUnknownElement.dispatchEvent (C:\Users\nmatton\OneDrive 
- Universit├® de Namur\PhD_Nicolas_Matton\AgilePractices\APR_proto\
bmad_version\client\node_modules\jsdom\lib\jsdom\living\generated\E
ventTarget.js:241:34)
    at Object.invokeGuardedCallbackDev (C:\Users\nmatton\OneDrive 
- Universit├® de Namur\PhD_Nicolas_Matton\AgilePractices\APR_proto\
bmad_version\client\node_modules\react-dom\cjs\react-dom.developmen
t.js:4213:16)
    at invokeGuardedCallback (C:\Users\nmatton\OneDrive - 
Universit├® de Namur\PhD_Nicolas_Matton\AgilePractices\APR_proto\bm
ad_version\client\node_modules\react-dom\cjs\react-dom.development.
js:4277:31)
    at beginWork$1 (C:\Users\nmatton\OneDrive - Universit├® de Namu
r\PhD_Nicolas_Matton\AgilePractices\APR_proto\bmad_version\client\n
ode_modules\react-dom\cjs\react-dom.development.js:27451:7)
    at performUnitOfWork (C:\Users\nmatton\OneDrive - Universit├® 
de Namur\PhD_Nicolas_Matton\AgilePractices\APR_proto\bmad_version\c
lient\node_modules\react-dom\cjs\react-dom.development.js:26560:12)
 TypeError: Cannot read properties of undefined (reading 
'includes')
    at [90mC:\Users\nmatton\OneDrive - Universit├® de Namur\PhD_Ni
colas_Matton\AgilePractices\APR_proto\bmad_version\client\[39msrc\
features\practices\components\MethodFilter.tsx:24:54
    at Array.map (<anonymous>)
    at MethodFilter [90m(C:\Users\nmatton\OneDrive - Universit├® 
de Namur\PhD_Nicolas_Matton\AgilePractices\APR_proto\bmad_version\c
lient\[39msrc\features\practices\components\MethodFilter.tsx:20:26
[90m)[39m
    at renderWithHooks [90m(C:\Users\nmatton\OneDrive - 
Universit├® de Namur\PhD_Nicolas_Matton\AgilePractices\APR_proto\bm
ad_version\client\[39mnode_modules\[4mreact-dom[24m\cjs\react-do
m.development.js:16305:18[90m)[39m
    at mountIndeterminateComponent [90m(C:\Users\nmatton\OneDrive 
- Universit├® de Namur\PhD_Nicolas_Matton\AgilePractices\APR_proto\
bmad_version\client\[39mnode_modules\[4mreact-dom[24m\cjs\react-
dom.development.js:20074:13[90m)[39m
    at beginWork [90m(C:\Users\nmatton\OneDrive - Universit├® de N
amur\PhD_Nicolas_Matton\AgilePractices\APR_proto\bmad_version\clien
t\[39mnode_modules\[4mreact-dom[24m\cjs\react-dom.development.js
:21587:16[90m)[39m
    at HTMLUnknownElement.callCallback 
[90m(C:\Users\nmatton\OneDrive - Universit├® de Namur\PhD_Nicolas_
Matton\AgilePractices\APR_proto\bmad_version\client\[39mnode_modul
es\[4mreact-dom[24m\cjs\react-dom.development.js:4164:14[90m)[3
9m
    at HTMLUnknownElement.callTheUserObjectsOperation 
[90m(C:\Users\nmatton\OneDrive - Universit├® de Namur\PhD_Nicolas_
Matton\AgilePractices\APR_proto\bmad_version\client\[39mnode_modul
es\[4mjsdom[24m\lib\jsdom\living\generated\EventListener.js:26:30
[90m)[39m
    at innerInvokeEventListeners [90m(C:\Users\nmatton\OneDrive - 
Universit├® de Namur\PhD_Nicolas_Matton\AgilePractices\APR_proto\bm
ad_version\client\[39mnode_modules\[4mjsdom[24m\lib\jsdom\living
\events\EventTarget-impl.js:350:25[90m)[39m
    at invokeEventListeners [90m(C:\Users\nmatton\OneDrive - 
Universit├® de Namur\PhD_Nicolas_Matton\AgilePractices\APR_proto\bm
ad_version\client\[39mnode_modules\[4mjsdom[24m\lib\jsdom\living
\events\EventTarget-impl.js:286:3[90m)[39m
Error: Uncaught [TypeError: Cannot read properties of undefined 
(reading 'length')]
    at reportException (C:\Users\nmatton\OneDrive - Universit├® de 
Namur\PhD_Nicolas_Matton\AgilePractices\APR_proto\bmad_version\clie
nt\node_modules\jsdom\lib\jsdom\living\helpers\runtime-script-error
s.js:66:24)
    at innerInvokeEventListeners (C:\Users\nmatton\OneDrive - 
Universit├® de Namur\PhD_Nicolas_Matton\AgilePractices\APR_proto\bm
ad_version\client\node_modules\jsdom\lib\jsdom\living\events\EventT
arget-impl.js:353:9)
    at invokeEventListeners (C:\Users\nmatton\OneDrive - 
Universit├® de Namur\PhD_Nicolas_Matton\AgilePractices\APR_proto\bm
ad_version\client\node_modules\jsdom\lib\jsdom\living\events\EventT
arget-impl.js:286:3)
    at HTMLUnknownElementImpl._dispatch (C:\Users\nmatton\OneDrive 
- Universit├® de Namur\PhD_Nicolas_Matton\AgilePractices\APR_proto\
bmad_version\client\node_modules\jsdom\lib\jsdom\living\events\Even
tTarget-impl.js:233:9)
    at HTMLUnknownElementImpl.dispatchEvent 
(C:\Users\nmatton\OneDrive - Universit├® de Namur\PhD_Nicolas_Matto
n\AgilePractices\APR_proto\bmad_version\client\node_modules\jsdom\l
ib\jsdom\living\events\EventTarget-impl.js:104:17)
    at HTMLUnknownElement.dispatchEvent (C:\Users\nmatton\OneDrive 
- Universit├® de Namur\PhD_Nicolas_Matton\AgilePractices\APR_proto\
bmad_version\client\node_modules\jsdom\lib\jsdom\living\generated\E
ventTarget.js:241:34)
    at Object.invokeGuardedCallbackDev (C:\Users\nmatton\OneDrive 
- Universit├® de Namur\PhD_Nicolas_Matton\AgilePractices\APR_proto\
bmad_version\client\node_modules\react-dom\cjs\react-dom.developmen
t.js:4213:16)
    at invokeGuardedCallback (C:\Users\nmatton\OneDrive - 
Universit├® de Namur\PhD_Nicolas_Matton\AgilePractices\APR_proto\bm
ad_version\client\node_modules\react-dom\cjs\react-dom.development.
js:4277:31)
    at beginWork$1 (C:\Users\nmatton\OneDrive - Universit├® de Namu
r\PhD_Nicolas_Matton\AgilePractices\APR_proto\bmad_version\client\n
ode_modules\react-dom\cjs\react-dom.development.js:27451:7)
    at performUnitOfWork (C:\Users\nmatton\OneDrive - Universit├® 
de Namur\PhD_Nicolas_Matton\AgilePractices\APR_proto\bmad_version\c
lient\node_modules\react-dom\cjs\react-dom.development.js:26560:12)
 TypeError: Cannot read properties of undefined (reading 'length')
    at ActiveFilters [90m(C:\Users\nmatton\OneDrive - Universit├® 
de Namur\PhD_Nicolas_Matton\AgilePractices\APR_proto\bmad_version\c
lient\[39msrc\features\practices\components\ActiveFilters.tsx:15:4
3[90m)[39m
    at renderWithHooks [90m(C:\Users\nmatton\OneDrive - 
Universit├® de Namur\PhD_Nicolas_Matton\AgilePractices\APR_proto\bm
ad_version\client\[39mnode_modules\[4mreact-dom[24m\cjs\react-do
m.development.js:16305:18[90m)[39m
    at mountIndeterminateComponent [90m(C:\Users\nmatton\OneDrive 
- Universit├® de Namur\PhD_Nicolas_Matton\AgilePractices\APR_proto\
bmad_version\client\[39mnode_modules\[4mreact-dom[24m\cjs\react-
dom.development.js:20074:13[90m)[39m
    at beginWork [90m(C:\Users\nmatton\OneDrive - Universit├® de N
amur\PhD_Nicolas_Matton\AgilePractices\APR_proto\bmad_version\clien
t\[39mnode_modules\[4mreact-dom[24m\cjs\react-dom.development.js
:21587:16[90m)[39m
    at HTMLUnknownElement.callCallback 
[90m(C:\Users\nmatton\OneDrive - Universit├® de Namur\PhD_Nicolas_
Matton\AgilePractices\APR_proto\bmad_version\client\[39mnode_modul
es\[4mreact-dom[24m\cjs\react-dom.development.js:4164:14[90m)[3
9m
    at HTMLUnknownElement.callTheUserObjectsOperation 
[90m(C:\Users\nmatton\OneDrive - Universit├® de Namur\PhD_Nicolas_
Matton\AgilePractices\APR_proto\bmad_version\client\[39mnode_modul
es\[4mjsdom[24m\lib\jsdom\living\generated\EventListener.js:26:30
[90m)[39m
    at innerInvokeEventListeners [90m(C:\Users\nmatton\OneDrive - 
Universit├® de Namur\PhD_Nicolas_Matton\AgilePractices\APR_proto\bm
ad_version\client\[39mnode_modules\[4mjsdom[24m\lib\jsdom\living
\events\EventTarget-impl.js:350:25[90m)[39m
    at invokeEventListeners [90m(C:\Users\nmatton\OneDrive - 
Universit├® de Namur\PhD_Nicolas_Matton\AgilePractices\APR_proto\bm
ad_version\client\[39mnode_modules\[4mjsdom[24m\lib\jsdom\living
\events\EventTarget-impl.js:286:3[90m)[39m
    at HTMLUnknownElementImpl._dispatch 
[90m(C:\Users\nmatton\OneDrive - Universit├® de Namur\PhD_Nicolas_
Matton\AgilePractices\APR_proto\bmad_version\client\[39mnode_modul
es\[4mjsdom[24m\lib\jsdom\living\events\EventTarget-impl.js:233:9
[90m)[39m
    at HTMLUnknownElementImpl.dispatchEvent 
[90m(C:\Users\nmatton\OneDrive - Universit├® de Namur\PhD_Nicolas_
Matton\AgilePractices\APR_proto\bmad_version\client\[39mnode_modul
es\[4mjsdom[24m\lib\jsdom\living\events\EventTarget-impl.js:104:1
7[90m)[39m
Error: Uncaught [TypeError: Cannot read properties of undefined 
(reading 'includes')]
    at reportException (C:\Users\nmatton\OneDrive - Universit├® de 
Namur\PhD_Nicolas_Matton\AgilePractices\APR_proto\bmad_version\clie
nt\node_modules\jsdom\lib\jsdom\living\helpers\runtime-script-error
s.js:66:24)
    at innerInvokeEventListeners (C:\Users\nmatton\OneDrive - 
Universit├® de Namur\PhD_Nicolas_Matton\AgilePractices\APR_proto\bm
ad_version\client\node_modules\jsdom\lib\jsdom\living\events\EventT
arget-impl.js:353:9)
    at invokeEventListeners (C:\Users\nmatton\OneDrive - 
Universit├® de Namur\PhD_Nicolas_Matton\AgilePractices\APR_proto\bm
ad_version\client\node_modules\jsdom\lib\jsdom\living\events\EventT
arget-impl.js:286:3)
    at HTMLUnknownElementImpl._dispatch (C:\Users\nmatton\OneDrive 
- Universit├® de Namur\PhD_Nicolas_Matton\AgilePractices\APR_proto\
bmad_version\client\node_modules\jsdom\lib\jsdom\living\events\Even
tTarget-impl.js:233:9)
    at HTMLUnknownElementImpl.dispatchEvent 
(C:\Users\nmatton\OneDrive - Universit├® de Namur\PhD_Nicolas_Matto
n\AgilePractices\APR_proto\bmad_version\client\node_modules\jsdom\l
ib\jsdom\living\events\EventTarget-impl.js:104:17)
    at HTMLUnknownElement.dispatchEvent (C:\Users\nmatton\OneDrive 
- Universit├® de Namur\PhD_Nicolas_Matton\AgilePractices\APR_proto\
bmad_version\client\node_modules\jsdom\lib\jsdom\living\generated\E
ventTarget.js:241:34)
    at Object.invokeGuardedCallbackDev (C:\Users\nmatton\OneDrive 
- Universit├® de Namur\PhD_Nicolas_Matton\AgilePractices\APR_proto\
bmad_version\client\node_modules\react-dom\cjs\react-dom.developmen
t.js:4213:16)
    at invokeGuardedCallback (C:\Users\nmatton\OneDrive - 
Universit├® de Namur\PhD_Nicolas_Matton\AgilePractices\APR_proto\bm
ad_version\client\node_modules\react-dom\cjs\react-dom.development.
js:4277:31)
    at beginWork$1 (C:\Users\nmatton\OneDrive - Universit├® de Namu
r\PhD_Nicolas_Matton\AgilePractices\APR_proto\bmad_version\client\n
ode_modules\react-dom\cjs\react-dom.development.js:27451:7)
    at performUnitOfWork (C:\Users\nmatton\OneDrive - Universit├® 
de Namur\PhD_Nicolas_Matton\AgilePractices\APR_proto\bmad_version\c
lient\node_modules\react-dom\cjs\react-dom.development.js:26560:12)
 TypeError: Cannot read properties of undefined (reading 
'includes')
    at [90mC:\Users\nmatton\OneDrive - Universit├® de Namur\PhD_Ni
colas_Matton\AgilePractices\APR_proto\bmad_version\client\[39msrc\
features\practices\components\CategoryFilter.tsx:23:57
    at Array.map (<anonymous>)
    at CategoryFilter [90m(C:\Users\nmatton\OneDrive - 
Universit├® de Namur\PhD_Nicolas_Matton\AgilePractices\APR_proto\bm
ad_version\client\[39msrc\features\practices\components\CategoryFi
lter.tsx:19:29[90m)[39m
    at renderWithHooks [90m(C:\Users\nmatton\OneDrive - 
Universit├® de Namur\PhD_Nicolas_Matton\AgilePractices\APR_proto\bm
ad_version\client\[39mnode_modules\[4mreact-dom[24m\cjs\react-do
m.development.js:16305:18[90m)[39m
    at mountIndeterminateComponent [90m(C:\Users\nmatton\OneDrive 
- Universit├® de Namur\PhD_Nicolas_Matton\AgilePractices\APR_proto\
bmad_version\client\[39mnode_modules\[4mreact-dom[24m\cjs\react-
dom.development.js:20074:13[90m)[39m
    at beginWork [90m(C:\Users\nmatton\OneDrive - Universit├® de N
amur\PhD_Nicolas_Matton\AgilePractices\APR_proto\bmad_version\clien
t\[39mnode_modules\[4mreact-dom[24m\cjs\react-dom.development.js
:21587:16[90m)[39m
    at HTMLUnknownElement.callCallback 
[90m(C:\Users\nmatton\OneDrive - Universit├® de Namur\PhD_Nicolas_
Matton\AgilePractices\APR_proto\bmad_version\client\[39mnode_modul
es\[4mreact-dom[24m\cjs\react-dom.development.js:4164:14[90m)[3
9m
    at HTMLUnknownElement.callTheUserObjectsOperation 
[90m(C:\Users\nmatton\OneDrive - Universit├® de Namur\PhD_Nicolas_
Matton\AgilePractices\APR_proto\bmad_version\client\[39mnode_modul
es\[4mjsdom[24m\lib\jsdom\living\generated\EventListener.js:26:30
[90m)[39m
    at innerInvokeEventListeners [90m(C:\Users\nmatton\OneDrive - 
Universit├® de Namur\PhD_Nicolas_Matton\AgilePractices\APR_proto\bm
ad_version\client\[39mnode_modules\[4mjsdom[24m\lib\jsdom\living
\events\EventTarget-impl.js:350:25[90m)[39m
    at invokeEventListeners [90m(C:\Users\nmatton\OneDrive - 
Universit├® de Namur\PhD_Nicolas_Matton\AgilePractices\APR_proto\bm
ad_version\client\[39mnode_modules\[4mjsdom[24m\lib\jsdom\living
\events\EventTarget-impl.js:286:3[90m)[39m
Error: Uncaught [TypeError: Cannot read properties of undefined 
(reading 'includes')]
    at reportException (C:\Users\nmatton\OneDrive - Universit├® de 
Namur\PhD_Nicolas_Matton\AgilePractices\APR_proto\bmad_version\clie
nt\node_modules\jsdom\lib\jsdom\living\helpers\runtime-script-error
s.js:66:24)
    at innerInvokeEventListeners (C:\Users\nmatton\OneDrive - 
Universit├® de Namur\PhD_Nicolas_Matton\AgilePractices\APR_proto\bm
ad_version\client\node_modules\jsdom\lib\jsdom\living\events\EventT
arget-impl.js:353:9)
    at invokeEventListeners (C:\Users\nmatton\OneDrive - 
Universit├® de Namur\PhD_Nicolas_Matton\AgilePractices\APR_proto\bm
ad_version\client\node_modules\jsdom\lib\jsdom\living\events\EventT
arget-impl.js:286:3)
    at HTMLUnknownElementImpl._dispatch (C:\Users\nmatton\OneDrive 
- Universit├® de Namur\PhD_Nicolas_Matton\AgilePractices\APR_proto\
bmad_version\client\node_modules\jsdom\lib\jsdom\living\events\Even
tTarget-impl.js:233:9)
    at HTMLUnknownElementImpl.dispatchEvent 
(C:\Users\nmatton\OneDrive - Universit├® de Namur\PhD_Nicolas_Matto
n\AgilePractices\APR_proto\bmad_version\client\node_modules\jsdom\l
ib\jsdom\living\events\EventTarget-impl.js:104:17)
    at HTMLUnknownElement.dispatchEvent (C:\Users\nmatton\OneDrive 
- Universit├® de Namur\PhD_Nicolas_Matton\AgilePractices\APR_proto\
bmad_version\client\node_modules\jsdom\lib\jsdom\living\generated\E
ventTarget.js:241:34)
    at Object.invokeGuardedCallbackDev (C:\Users\nmatton\OneDrive 
- Universit├® de Namur\PhD_Nicolas_Matton\AgilePractices\APR_proto\
bmad_version\client\node_modules\react-dom\cjs\react-dom.developmen
t.js:4213:16)
    at invokeGuardedCallback (C:\Users\nmatton\OneDrive - 
Universit├® de Namur\PhD_Nicolas_Matton\AgilePractices\APR_proto\bm
ad_version\client\node_modules\react-dom\cjs\react-dom.development.
js:4277:31)
    at beginWork$1 (C:\Users\nmatton\OneDrive - Universit├® de Namu
r\PhD_Nicolas_Matton\AgilePractices\APR_proto\bmad_version\client\n
ode_modules\react-dom\cjs\react-dom.development.js:27451:7)
    at performUnitOfWork (C:\Users\nmatton\OneDrive - Universit├® 
de Namur\PhD_Nicolas_Matton\AgilePractices\APR_proto\bmad_version\c
lient\node_modules\react-dom\cjs\react-dom.development.js:26560:12)
 TypeError: Cannot read properties of undefined (reading 
'includes')
    at [90mC:\Users\nmatton\OneDrive - Universit├® de Namur\PhD_Ni
colas_Matton\AgilePractices\APR_proto\bmad_version\client\[39msrc\
features\practices\components\MethodFilter.tsx:24:54
    at Array.map (<anonymous>)
    at MethodFilter [90m(C:\Users\nmatton\OneDrive - Universit├® 
de Namur\PhD_Nicolas_Matton\AgilePractices\APR_proto\bmad_version\c
lient\[39msrc\features\practices\components\MethodFilter.tsx:20:26
[90m)[39m
    at renderWithHooks [90m(C:\Users\nmatton\OneDrive - 
Universit├® de Namur\PhD_Nicolas_Matton\AgilePractices\APR_proto\bm
ad_version\client\[39mnode_modules\[4mreact-dom[24m\cjs\react-do
m.development.js:16305:18[90m)[39m
    at mountIndeterminateComponent [90m(C:\Users\nmatton\OneDrive 
- Universit├® de Namur\PhD_Nicolas_Matton\AgilePractices\APR_proto\
bmad_version\client\[39mnode_modules\[4mreact-dom[24m\cjs\react-
dom.development.js:20074:13[90m)[39m
    at beginWork [90m(C:\Users\nmatton\OneDrive - Universit├® de N
amur\PhD_Nicolas_Matton\AgilePractices\APR_proto\bmad_version\clien
t\[39mnode_modules\[4mreact-dom[24m\cjs\react-dom.development.js
:21587:16[90m)[39m
    at HTMLUnknownElement.callCallback 
[90m(C:\Users\nmatton\OneDrive - Universit├® de Namur\PhD_Nicolas_
Matton\AgilePractices\APR_proto\bmad_version\client\[39mnode_modul
es\[4mreact-dom[24m\cjs\react-dom.development.js:4164:14[90m)[3
9m
    at HTMLUnknownElement.callTheUserObjectsOperation 
[90m(C:\Users\nmatton\OneDrive - Universit├® de Namur\PhD_Nicolas_
Matton\AgilePractices\APR_proto\bmad_version\client\[39mnode_modul
es\[4mjsdom[24m\lib\jsdom\living\generated\EventListener.js:26:30
[90m)[39m
    at innerInvokeEventListeners [90m(C:\Users\nmatton\OneDrive - 
Universit├® de Namur\PhD_Nicolas_Matton\AgilePractices\APR_proto\bm
ad_version\client\[39mnode_modules\[4mjsdom[24m\lib\jsdom\living
\events\EventTarget-impl.js:350:25[90m)[39m
    at invokeEventListeners [90m(C:\Users\nmatton\OneDrive - 
Universit├® de Namur\PhD_Nicolas_Matton\AgilePractices\APR_proto\bm
ad_version\client\[39mnode_modules\[4mjsdom[24m\lib\jsdom\living
\events\EventTarget-impl.js:286:3[90m)[39m
Error: Uncaught [TypeError: Cannot read properties of undefined 
(reading 'length')]
    at reportException (C:\Users\nmatton\OneDrive - Universit├® de 
Namur\PhD_Nicolas_Matton\AgilePractices\APR_proto\bmad_version\clie
nt\node_modules\jsdom\lib\jsdom\living\helpers\runtime-script-error
s.js:66:24)
    at innerInvokeEventListeners (C:\Users\nmatton\OneDrive - 
Universit├® de Namur\PhD_Nicolas_Matton\AgilePractices\APR_proto\bm
ad_version\client\node_modules\jsdom\lib\jsdom\living\events\EventT
arget-impl.js:353:9)
    at invokeEventListeners (C:\Users\nmatton\OneDrive - 
Universit├® de Namur\PhD_Nicolas_Matton\AgilePractices\APR_proto\bm
ad_version\client\node_modules\jsdom\lib\jsdom\living\events\EventT
arget-impl.js:286:3)
    at HTMLUnknownElementImpl._dispatch (C:\Users\nmatton\OneDrive 
- Universit├® de Namur\PhD_Nicolas_Matton\AgilePractices\APR_proto\
bmad_version\client\node_modules\jsdom\lib\jsdom\living\events\Even
tTarget-impl.js:233:9)
    at HTMLUnknownElementImpl.dispatchEvent 
(C:\Users\nmatton\OneDrive - Universit├® de Namur\PhD_Nicolas_Matto
n\AgilePractices\APR_proto\bmad_version\client\node_modules\jsdom\l
ib\jsdom\living\events\EventTarget-impl.js:104:17)
    at HTMLUnknownElement.dispatchEvent (C:\Users\nmatton\OneDrive 
- Universit├® de Namur\PhD_Nicolas_Matton\AgilePractices\APR_proto\
bmad_version\client\node_modules\jsdom\lib\jsdom\living\generated\E
ventTarget.js:241:34)
    at Object.invokeGuardedCallbackDev (C:\Users\nmatton\OneDrive 
- Universit├® de Namur\PhD_Nicolas_Matton\AgilePractices\APR_proto\
bmad_version\client\node_modules\react-dom\cjs\react-dom.developmen
t.js:4213:16)
    at invokeGuardedCallback (C:\Users\nmatton\OneDrive - 
Universit├® de Namur\PhD_Nicolas_Matton\AgilePractices\APR_proto\bm
ad_version\client\node_modules\react-dom\cjs\react-dom.development.
js:4277:31)
    at beginWork$1 (C:\Users\nmatton\OneDrive - Universit├® de Namu
r\PhD_Nicolas_Matton\AgilePractices\APR_proto\bmad_version\client\n
ode_modules\react-dom\cjs\react-dom.development.js:27451:7)
    at performUnitOfWork (C:\Users\nmatton\OneDrive - Universit├® 
de Namur\PhD_Nicolas_Matton\AgilePractices\APR_proto\bmad_version\c
lient\node_modules\react-dom\cjs\react-dom.development.js:26560:12)
 TypeError: Cannot read properties of undefined (reading 'length')
    at ActiveFilters [90m(C:\Users\nmatton\OneDrive - Universit├® 
de Namur\PhD_Nicolas_Matton\AgilePractices\APR_proto\bmad_version\c
lient\[39msrc\features\practices\components\ActiveFilters.tsx:15:4
3[90m)[39m
    at renderWithHooks [90m(C:\Users\nmatton\OneDrive - 
Universit├® de Namur\PhD_Nicolas_Matton\AgilePractices\APR_proto\bm
ad_version\client\[39mnode_modules\[4mreact-dom[24m\cjs\react-do
m.development.js:16305:18[90m)[39m
    at mountIndeterminateComponent [90m(C:\Users\nmatton\OneDrive 
- Universit├® de Namur\PhD_Nicolas_Matton\AgilePractices\APR_proto\
bmad_version\client\[39mnode_modules\[4mreact-dom[24m\cjs\react-
dom.development.js:20074:13[90m)[39m
    at beginWork [90m(C:\Users\nmatton\OneDrive - Universit├® de N
amur\PhD_Nicolas_Matton\AgilePractices\APR_proto\bmad_version\clien
t\[39mnode_modules\[4mreact-dom[24m\cjs\react-dom.development.js
:21587:16[90m)[39m
    at HTMLUnknownElement.callCallback 
[90m(C:\Users\nmatton\OneDrive - Universit├® de Namur\PhD_Nicolas_
Matton\AgilePractices\APR_proto\bmad_version\client\[39mnode_modul
es\[4mreact-dom[24m\cjs\react-dom.development.js:4164:14[90m)[3
9m
    at HTMLUnknownElement.callTheUserObjectsOperation 
[90m(C:\Users\nmatton\OneDrive - Universit├® de Namur\PhD_Nicolas_
Matton\AgilePractices\APR_proto\bmad_version\client\[39mnode_modul
es\[4mjsdom[24m\lib\jsdom\living\generated\EventListener.js:26:30
[90m)[39m
    at innerInvokeEventListeners [90m(C:\Users\nmatton\OneDrive - 
Universit├® de Namur\PhD_Nicolas_Matton\AgilePractices\APR_proto\bm
ad_version\client\[39mnode_modules\[4mjsdom[24m\lib\jsdom\living
\events\EventTarget-impl.js:350:25[90m)[39m
    at invokeEventListeners [90m(C:\Users\nmatton\OneDrive - 
Universit├® de Namur\PhD_Nicolas_Matton\AgilePractices\APR_proto\bm
ad_version\client\[39mnode_modules\[4mjsdom[24m\lib\jsdom\living
\events\EventTarget-impl.js:286:3[90m)[39m
    at HTMLUnknownElementImpl._dispatch 
[90m(C:\Users\nmatton\OneDrive - Universit├® de Namur\PhD_Nicolas_
Matton\AgilePractices\APR_proto\bmad_version\client\[39mnode_modul
es\[4mjsdom[24m\lib\jsdom\living\events\EventTarget-impl.js:233:9
[90m)[39m
    at HTMLUnknownElementImpl.dispatchEvent 
[90m(C:\Users\nmatton\OneDrive - Universit├® de Namur\PhD_Nicolas_
Matton\AgilePractices\APR_proto\bmad_version\client\[39mnode_modul
es\[4mjsdom[24m\lib\jsdom\living\events\EventTarget-impl.js:104:1
7[90m)[39m
The above error occurred in the <CategoryFilter> component:

    at CategoryFilter (C:\Users\nmatton\OneDrive - Universit├® de N
amur\PhD_Nicolas_Matton\AgilePractices\APR_proto\bmad_version\clien
t\src\features\practices\components\CategoryFilter.tsx:20:104)
    at div
    at div
    at div
    at div
    at main
    at div
    at PracticeCatalog (C:\Users\nmatton\OneDrive - Universit├® de 
Namur\PhD_Nicolas_Matton\AgilePractices\APR_proto\bmad_version\clie
nt\src\features\practices\pages\PracticeCatalog.tsx:59:73)
    at Router (file:///C:/Users/nmatton/OneDrive%20-%20Universit%C3
%A9%20de%20Namur/PhD_Nicolas_Matton/AgilePractices/APR_proto/bmad_v
ersion/client/node_modules/react-router/dist/development/chunk-EPOL
DU6W.mjs:6605:13)
    at MemoryRouter (file:///C:/Users/nmatton/OneDrive%20-%20Univer
sit%C3%A9%20de%20Namur/PhD_Nicolas_Matton/AgilePractices/APR_proto/
bmad_version/client/node_modules/react-router/dist/development/chun
k-EPOLDU6W.mjs:6521:3)

Consider adding an error boundary to your tree to customize error 
handling behavior.
Visit https://reactjs.org/link/error-boundaries to learn more 
about error boundaries.
The above error occurred in the <MethodFilter> component:

    at MethodFilter (C:\Users\nmatton\OneDrive - Universit├® de Nam
ur\PhD_Nicolas_Matton\AgilePractices\APR_proto\bmad_version\client\
src\features\practices\components\MethodFilter.tsx:21:101)
    at div
    at div
    at div
    at div
    at main
    at div
    at PracticeCatalog (C:\Users\nmatton\OneDrive - Universit├® de 
Namur\PhD_Nicolas_Matton\AgilePractices\APR_proto\bmad_version\clie
nt\src\features\practices\pages\PracticeCatalog.tsx:59:73)
    at Router (file:///C:/Users/nmatton/OneDrive%20-%20Universit%C3
%A9%20de%20Namur/PhD_Nicolas_Matton/AgilePractices/APR_proto/bmad_v
ersion/client/node_modules/react-router/dist/development/chunk-EPOL
DU6W.mjs:6605:13)
    at MemoryRouter (file:///C:/Users/nmatton/OneDrive%20-%20Univer
sit%C3%A9%20de%20Namur/PhD_Nicolas_Matton/AgilePractices/APR_proto/
bmad_version/client/node_modules/react-router/dist/development/chun
k-EPOLDU6W.mjs:6521:3)

Consider adding an error boundary to your tree to customize error 
handling behavior.
Visit https://reactjs.org/link/error-boundaries to learn more 
about error boundaries.
The above error occurred in the <ActiveFilters> component:

    at ActiveFilters (C:\Users\nmatton\OneDrive - Universit├® de Na
mur\PhD_Nicolas_Matton\AgilePractices\APR_proto\bmad_version\client
\src\features\practices\components\ActiveFilters.tsx:15:41)
    at div
    at div
    at div
    at main
    at div
    at PracticeCatalog (C:\Users\nmatton\OneDrive - Universit├® de 
Namur\PhD_Nicolas_Matton\AgilePractices\APR_proto\bmad_version\clie
nt\src\features\practices\pages\PracticeCatalog.tsx:59:73)
    at Router (file:///C:/Users/nmatton/OneDrive%20-%20Universit%C3
%A9%20de%20Namur/PhD_Nicolas_Matton/AgilePractices/APR_proto/bmad_v
ersion/client/node_modules/react-router/dist/development/chunk-EPOL
DU6W.mjs:6605:13)
    at MemoryRouter (file:///C:/Users/nmatton/OneDrive%20-%20Univer
sit%C3%A9%20de%20Namur/PhD_Nicolas_Matton/AgilePractices/APR_proto/
bmad_version/client/node_modules/react-router/dist/development/chun
k-EPOLDU6W.mjs:6521:3)

Consider adding an error boundary to your tree to customize error 
handling behavior.
Visit https://reactjs.org/link/error-boundaries to learn more 
about error boundaries.

[90mstderr[2m | 
src/features/practices/pages/PracticeCatalog.test.tsx[2m > 
[22m[2mPracticeCatalog[2m > [22m[2mshows pillar dropdown 
options and toggles selection[22m[39m
Error: Uncaught [TypeError: Cannot read properties of undefined 
(reading 'includes')]
    at reportException (C:\Users\nmatton\OneDrive - Universit├® de 
Namur\PhD_Nicolas_Matton\AgilePractices\APR_proto\bmad_version\clie
nt\node_modules\jsdom\lib\jsdom\living\helpers\runtime-script-error
s.js:66:24)
    at innerInvokeEventListeners (C:\Users\nmatton\OneDrive - 
Universit├® de Namur\PhD_Nicolas_Matton\AgilePractices\APR_proto\bm
ad_version\client\node_modules\jsdom\lib\jsdom\living\events\EventT
arget-impl.js:353:9)
    at invokeEventListeners (C:\Users\nmatton\OneDrive - 
Universit├® de Namur\PhD_Nicolas_Matton\AgilePractices\APR_proto\bm
ad_version\client\node_modules\jsdom\lib\jsdom\living\events\EventT
arget-impl.js:286:3)
    at HTMLUnknownElementImpl._dispatch (C:\Users\nmatton\OneDrive 
- Universit├® de Namur\PhD_Nicolas_Matton\AgilePractices\APR_proto\
bmad_version\client\node_modules\jsdom\lib\jsdom\living\events\Even
tTarget-impl.js:233:9)
    at HTMLUnknownElementImpl.dispatchEvent 
(C:\Users\nmatton\OneDrive - Universit├® de Namur\PhD_Nicolas_Matto
n\AgilePractices\APR_proto\bmad_version\client\node_modules\jsdom\l
ib\jsdom\living\events\EventTarget-impl.js:104:17)
    at HTMLUnknownElement.dispatchEvent (C:\Users\nmatton\OneDrive 
- Universit├® de Namur\PhD_Nicolas_Matton\AgilePractices\APR_proto\
bmad_version\client\node_modules\jsdom\lib\jsdom\living\generated\E
ventTarget.js:241:34)
    at Object.invokeGuardedCallbackDev (C:\Users\nmatton\OneDrive 
- Universit├® de Namur\PhD_Nicolas_Matton\AgilePractices\APR_proto\
bmad_version\client\node_modules\react-dom\cjs\react-dom.developmen
t.js:4213:16)
    at invokeGuardedCallback (C:\Users\nmatton\OneDrive - 
Universit├® de Namur\PhD_Nicolas_Matton\AgilePractices\APR_proto\bm
ad_version\client\node_modules\react-dom\cjs\react-dom.development.
js:4277:31)
    at beginWork$1 (C:\Users\nmatton\OneDrive - Universit├® de Namu
r\PhD_Nicolas_Matton\AgilePractices\APR_proto\bmad_version\client\n
ode_modules\react-dom\cjs\react-dom.development.js:27451:7)
    at performUnitOfWork (C:\Users\nmatton\OneDrive - Universit├® 
de Namur\PhD_Nicolas_Matton\AgilePractices\APR_proto\bmad_version\c
lient\node_modules\react-dom\cjs\react-dom.development.js:26560:12)
 TypeError: Cannot read properties of undefined (reading 
'includes')
    at [90mC:\Users\nmatton\OneDrive - Universit├® de Namur\PhD_Ni
colas_Matton\AgilePractices\APR_proto\bmad_version\client\[39msrc\
features\practices\components\CategoryFilter.tsx:23:57
    at Array.map (<anonymous>)
    at CategoryFilter [90m(C:\Users\nmatton\OneDrive - 
Universit├® de Namur\PhD_Nicolas_Matton\AgilePractices\APR_proto\bm
ad_version\client\[39msrc\features\practices\components\CategoryFi
lter.tsx:19:29[90m)[39m
    at renderWithHooks [90m(C:\Users\nmatton\OneDrive - 
Universit├® de Namur\PhD_Nicolas_Matton\AgilePractices\APR_proto\bm
ad_version\client\[39mnode_modules\[4mreact-dom[24m\cjs\react-do
m.development.js:16305:18[90m)[39m
    at mountIndeterminateComponent [90m(C:\Users\nmatton\OneDrive 
- Universit├® de Namur\PhD_Nicolas_Matton\AgilePractices\APR_proto\
bmad_version\client\[39mnode_modules\[4mreact-dom[24m\cjs\react-
dom.development.js:20074:13[90m)[39m
    at beginWork [90m(C:\Users\nmatton\OneDrive - Universit├® de N
amur\PhD_Nicolas_Matton\AgilePractices\APR_proto\bmad_version\clien
t\[39mnode_modules\[4mreact-dom[24m\cjs\react-dom.development.js
:21587:16[90m)[39m
    at HTMLUnknownElement.callCallback 
[90m(C:\Users\nmatton\OneDrive - Universit├® de Namur\PhD_Nicolas_
Matton\AgilePractices\APR_proto\bmad_version\client\[39mnode_modul
es\[4mreact-dom[24m\cjs\react-dom.development.js:4164:14[90m)[3
9m
    at HTMLUnknownElement.callTheUserObjectsOperation 
[90m(C:\Users\nmatton\OneDrive - Universit├® de Namur\PhD_Nicolas_
Matton\AgilePractices\APR_proto\bmad_version\client\[39mnode_modul
es\[4mjsdom[24m\lib\jsdom\living\generated\EventListener.js:26:30
[90m)[39m
    at innerInvokeEventListeners [90m(C:\Users\nmatton\OneDrive - 
Universit├® de Namur\PhD_Nicolas_Matton\AgilePractices\APR_proto\bm
ad_version\client\[39mnode_modules\[4mjsdom[24m\lib\jsdom\living
\events\EventTarget-impl.js:350:25[90m)[39m
    at invokeEventListeners [90m(C:\Users\nmatton\OneDrive - 
Universit├® de Namur\PhD_Nicolas_Matton\AgilePractices\APR_proto\bm
ad_version\client\[39mnode_modules\[4mjsdom[24m\lib\jsdom\living
\events\EventTarget-impl.js:286:3[90m)[39m
Error: Uncaught [TypeError: Cannot read properties of undefined 
(reading 'includes')]
    at reportException (C:\Users\nmatton\OneDrive - Universit├® de 
Namur\PhD_Nicolas_Matton\AgilePractices\APR_proto\bmad_version\clie
nt\node_modules\jsdom\lib\jsdom\living\helpers\runtime-script-error
s.js:66:24)
    at innerInvokeEventListeners (C:\Users\nmatton\OneDrive - 
Universit├® de Namur\PhD_Nicolas_Matton\AgilePractices\APR_proto\bm
ad_version\client\node_modules\jsdom\lib\jsdom\living\events\EventT
arget-impl.js:353:9)
    at invokeEventListeners (C:\Users\nmatton\OneDrive - 
Universit├® de Namur\PhD_Nicolas_Matton\AgilePractices\APR_proto\bm
ad_version\client\node_modules\jsdom\lib\jsdom\living\events\EventT
arget-impl.js:286:3)
    at HTMLUnknownElementImpl._dispatch (C:\Users\nmatton\OneDrive 
- Universit├® de Namur\PhD_Nicolas_Matton\AgilePractices\APR_proto\
bmad_version\client\node_modules\jsdom\lib\jsdom\living\events\Even
tTarget-impl.js:233:9)
    at HTMLUnknownElementImpl.dispatchEvent 
(C:\Users\nmatton\OneDrive - Universit├® de Namur\PhD_Nicolas_Matto
n\AgilePractices\APR_proto\bmad_version\client\node_modules\jsdom\l
ib\jsdom\living\events\EventTarget-impl.js:104:17)
    at HTMLUnknownElement.dispatchEvent (C:\Users\nmatton\OneDrive 
- Universit├® de Namur\PhD_Nicolas_Matton\AgilePractices\APR_proto\
bmad_version\client\node_modules\jsdom\lib\jsdom\living\generated\E
ventTarget.js:241:34)
    at Object.invokeGuardedCallbackDev (C:\Users\nmatton\OneDrive 
- Universit├® de Namur\PhD_Nicolas_Matton\AgilePractices\APR_proto\
bmad_version\client\node_modules\react-dom\cjs\react-dom.developmen
t.js:4213:16)
    at invokeGuardedCallback (C:\Users\nmatton\OneDrive - 
Universit├® de Namur\PhD_Nicolas_Matton\AgilePractices\APR_proto\bm
ad_version\client\node_modules\react-dom\cjs\react-dom.development.
js:4277:31)
    at beginWork$1 (C:\Users\nmatton\OneDrive - Universit├® de Namu
r\PhD_Nicolas_Matton\AgilePractices\APR_proto\bmad_version\client\n
ode_modules\react-dom\cjs\react-dom.development.js:27451:7)
    at performUnitOfWork (C:\Users\nmatton\OneDrive - Universit├® 
de Namur\PhD_Nicolas_Matton\AgilePractices\APR_proto\bmad_version\c
lient\node_modules\react-dom\cjs\react-dom.development.js:26560:12)
 TypeError: Cannot read properties of undefined (reading 
'includes')
    at [90mC:\Users\nmatton\OneDrive - Universit├® de Namur\PhD_Ni
colas_Matton\AgilePractices\APR_proto\bmad_version\client\[39msrc\
features\practices\components\MethodFilter.tsx:24:54
    at Array.map (<anonymous>)
    at MethodFilter [90m(C:\Users\nmatton\OneDrive - Universit├® 
de Namur\PhD_Nicolas_Matton\AgilePractices\APR_proto\bmad_version\c
lient\[39msrc\features\practices\components\MethodFilter.tsx:20:26
[90m)[39m
    at renderWithHooks [90m(C:\Users\nmatton\OneDrive - 
Universit├® de Namur\PhD_Nicolas_Matton\AgilePractices\APR_proto\bm
ad_version\client\[39mnode_modules\[4mreact-dom[24m\cjs\react-do
m.development.js:16305:18[90m)[39m
    at mountIndeterminateComponent [90m(C:\Users\nmatton\OneDrive 
- Universit├® de Namur\PhD_Nicolas_Matton\AgilePractices\APR_proto\
bmad_version\client\[39mnode_modules\[4mreact-dom[24m\cjs\react-
dom.development.js:20074:13[90m)[39m
    at beginWork [90m(C:\Users\nmatton\OneDrive - Universit├® de N
amur\PhD_Nicolas_Matton\AgilePractices\APR_proto\bmad_version\clien
t\[39mnode_modules\[4mreact-dom[24m\cjs\react-dom.development.js
:21587:16[90m)[39m
    at HTMLUnknownElement.callCallback 
[90m(C:\Users\nmatton\OneDrive - Universit├® de Namur\PhD_Nicolas_
Matton\AgilePractices\APR_proto\bmad_version\client\[39mnode_modul
es\[4mreact-dom[24m\cjs\react-dom.development.js:4164:14[90m)[3
9m
    at HTMLUnknownElement.callTheUserObjectsOperation 
[90m(C:\Users\nmatton\OneDrive - Universit├® de Namur\PhD_Nicolas_
Matton\AgilePractices\APR_proto\bmad_version\client\[39mnode_modul
es\[4mjsdom[24m\lib\jsdom\living\generated\EventListener.js:26:30
[90m)[39m
    at innerInvokeEventListeners [90m(C:\Users\nmatton\OneDrive - 
Universit├® de Namur\PhD_Nicolas_Matton\AgilePractices\APR_proto\bm
ad_version\client\[39mnode_modules\[4mjsdom[24m\lib\jsdom\living
\events\EventTarget-impl.js:350:25[90m)[39m
    at invokeEventListeners [90m(C:\Users\nmatton\OneDrive - 
Universit├® de Namur\PhD_Nicolas_Matton\AgilePractices\APR_proto\bm
ad_version\client\[39mnode_modules\[4mjsdom[24m\lib\jsdom\living
\events\EventTarget-impl.js:286:3[90m)[39m
Error: Uncaught [TypeError: Cannot read properties of undefined 
(reading 'length')]
    at reportException (C:\Users\nmatton\OneDrive - Universit├® de 
Namur\PhD_Nicolas_Matton\AgilePractices\APR_proto\bmad_version\clie
nt\node_modules\jsdom\lib\jsdom\living\helpers\runtime-script-error
s.js:66:24)
    at innerInvokeEventListeners (C:\Users\nmatton\OneDrive - 
Universit├® de Namur\PhD_Nicolas_Matton\AgilePractices\APR_proto\bm
ad_version\client\node_modules\jsdom\lib\jsdom\living\events\EventT
arget-impl.js:353:9)
    at invokeEventListeners (C:\Users\nmatton\OneDrive - 
Universit├® de Namur\PhD_Nicolas_Matton\AgilePractices\APR_proto\bm
ad_version\client\node_modules\jsdom\lib\jsdom\living\events\EventT
arget-impl.js:286:3)
    at HTMLUnknownElementImpl._dispatch (C:\Users\nmatton\OneDrive 
- Universit├® de Namur\PhD_Nicolas_Matton\AgilePractices\APR_proto\
bmad_version\client\node_modules\jsdom\lib\jsdom\living\events\Even
tTarget-impl.js:233:9)
    at HTMLUnknownElementImpl.dispatchEvent 
(C:\Users\nmatton\OneDrive - Universit├® de Namur\PhD_Nicolas_Matto
n\AgilePractices\APR_proto\bmad_version\client\node_modules\jsdom\l
ib\jsdom\living\events\EventTarget-impl.js:104:17)
    at HTMLUnknownElement.dispatchEvent (C:\Users\nmatton\OneDrive 
- Universit├® de Namur\PhD_Nicolas_Matton\AgilePractices\APR_proto\
bmad_version\client\node_modules\jsdom\lib\jsdom\living\generated\E
ventTarget.js:241:34)
    at Object.invokeGuardedCallbackDev (C:\Users\nmatton\OneDrive 
- Universit├® de Namur\PhD_Nicolas_Matton\AgilePractices\APR_proto\
bmad_version\client\node_modules\react-dom\cjs\react-dom.developmen
t.js:4213:16)
    at invokeGuardedCallback (C:\Users\nmatton\OneDrive - 
Universit├® de Namur\PhD_Nicolas_Matton\AgilePractices\APR_proto\bm
ad_version\client\node_modules\react-dom\cjs\react-dom.development.
js:4277:31)
    at beginWork$1 (C:\Users\nmatton\OneDrive - Universit├® de Namu
r\PhD_Nicolas_Matton\AgilePractices\APR_proto\bmad_version\client\n
ode_modules\react-dom\cjs\react-dom.development.js:27451:7)
    at performUnitOfWork (C:\Users\nmatton\OneDrive - Universit├® 
de Namur\PhD_Nicolas_Matton\AgilePractices\APR_proto\bmad_version\c
lient\node_modules\react-dom\cjs\react-dom.development.js:26560:12)
 TypeError: Cannot read properties of undefined (reading 'length')
    at ActiveFilters [90m(C:\Users\nmatton\OneDrive - Universit├® 
de Namur\PhD_Nicolas_Matton\AgilePractices\APR_proto\bmad_version\c
lient\[39msrc\features\practices\components\ActiveFilters.tsx:15:4
3[90m)[39m
    at renderWithHooks [90m(C:\Users\nmatton\OneDrive - 
Universit├® de Namur\PhD_Nicolas_Matton\AgilePractices\APR_proto\bm
ad_version\client\[39mnode_modules\[4mreact-dom[24m\cjs\react-do
m.development.js:16305:18[90m)[39m
    at mountIndeterminateComponent [90m(C:\Users\nmatton\OneDrive 
- Universit├® de Namur\PhD_Nicolas_Matton\AgilePractices\APR_proto\
bmad_version\client\[39mnode_modules\[4mreact-dom[24m\cjs\react-
dom.development.js:20074:13[90m)[39m
    at beginWork [90m(C:\Users\nmatton\OneDrive - Universit├® de N
amur\PhD_Nicolas_Matton\AgilePractices\APR_proto\bmad_version\clien
t\[39mnode_modules\[4mreact-dom[24m\cjs\react-dom.development.js
:21587:16[90m)[39m
    at HTMLUnknownElement.callCallback 
[90m(C:\Users\nmatton\OneDrive - Universit├® de Namur\PhD_Nicolas_
Matton\AgilePractices\APR_proto\bmad_version\client\[39mnode_modul
es\[4mreact-dom[24m\cjs\react-dom.development.js:4164:14[90m)[3
9m
    at HTMLUnknownElement.callTheUserObjectsOperation 
[90m(C:\Users\nmatton\OneDrive - Universit├® de Namur\PhD_Nicolas_
Matton\AgilePractices\APR_proto\bmad_version\client\[39mnode_modul
es\[4mjsdom[24m\lib\jsdom\living\generated\EventListener.js:26:30
[90m)[39m
    at innerInvokeEventListeners [90m(C:\Users\nmatton\OneDrive - 
Universit├® de Namur\PhD_Nicolas_Matton\AgilePractices\APR_proto\bm
ad_version\client\[39mnode_modules\[4mjsdom[24m\lib\jsdom\living
\events\EventTarget-impl.js:350:25[90m)[39m
    at invokeEventListeners [90m(C:\Users\nmatton\OneDrive - 
Universit├® de Namur\PhD_Nicolas_Matton\AgilePractices\APR_proto\bm
ad_version\client\[39mnode_modules\[4mjsdom[24m\lib\jsdom\living
\events\EventTarget-impl.js:286:3[90m)[39m
    at HTMLUnknownElementImpl._dispatch 
[90m(C:\Users\nmatton\OneDrive - Universit├® de Namur\PhD_Nicolas_
Matton\AgilePractices\APR_proto\bmad_version\client\[39mnode_modul
es\[4mjsdom[24m\lib\jsdom\living\events\EventTarget-impl.js:233:9
[90m)[39m
    at HTMLUnknownElementImpl.dispatchEvent 
[90m(C:\Users\nmatton\OneDrive - Universit├® de Namur\PhD_Nicolas_
Matton\AgilePractices\APR_proto\bmad_version\client\[39mnode_modul
es\[4mjsdom[24m\lib\jsdom\living\events\EventTarget-impl.js:104:1
7[90m)[39m
Error: Uncaught [TypeError: Cannot read properties of undefined 
(reading 'includes')]
    at reportException (C:\Users\nmatton\OneDrive - Universit├® de 
Namur\PhD_Nicolas_Matton\AgilePractices\APR_proto\bmad_version\clie
nt\node_modules\jsdom\lib\jsdom\living\helpers\runtime-script-error
s.js:66:24)
    at innerInvokeEventListeners (C:\Users\nmatton\OneDrive - 
Universit├® de Namur\PhD_Nicolas_Matton\AgilePractices\APR_proto\bm
ad_version\client\node_modules\jsdom\lib\jsdom\living\events\EventT
arget-impl.js:353:9)
    at invokeEventListeners (C:\Users\nmatton\OneDrive - 
Universit├® de Namur\PhD_Nicolas_Matton\AgilePractices\APR_proto\bm
ad_version\client\node_modules\jsdom\lib\jsdom\living\events\EventT
arget-impl.js:286:3)
    at HTMLUnknownElementImpl._dispatch (C:\Users\nmatton\OneDrive 
- Universit├® de Namur\PhD_Nicolas_Matton\AgilePractices\APR_proto\
bmad_version\client\node_modules\jsdom\lib\jsdom\living\events\Even
tTarget-impl.js:233:9)
    at HTMLUnknownElementImpl.dispatchEvent 
(C:\Users\nmatton\OneDrive - Universit├® de Namur\PhD_Nicolas_Matto
n\AgilePractices\APR_proto\bmad_version\client\node_modules\jsdom\l
ib\jsdom\living\events\EventTarget-impl.js:104:17)
    at HTMLUnknownElement.dispatchEvent (C:\Users\nmatton\OneDrive 
- Universit├® de Namur\PhD_Nicolas_Matton\AgilePractices\APR_proto\
bmad_version\client\node_modules\jsdom\lib\jsdom\living\generated\E
ventTarget.js:241:34)
    at Object.invokeGuardedCallbackDev (C:\Users\nmatton\OneDrive 
- Universit├® de Namur\PhD_Nicolas_Matton\AgilePractices\APR_proto\
bmad_version\client\node_modules\react-dom\cjs\react-dom.developmen
t.js:4213:16)
    at invokeGuardedCallback (C:\Users\nmatton\OneDrive - 
Universit├® de Namur\PhD_Nicolas_Matton\AgilePractices\APR_proto\bm
ad_version\client\node_modules\react-dom\cjs\react-dom.development.
js:4277:31)
    at beginWork$1 (C:\Users\nmatton\OneDrive - Universit├® de Namu
r\PhD_Nicolas_Matton\AgilePractices\APR_proto\bmad_version\client\n
ode_modules\react-dom\cjs\react-dom.development.js:27451:7)
    at performUnitOfWork (C:\Users\nmatton\OneDrive - Universit├® 
de Namur\PhD_Nicolas_Matton\AgilePractices\APR_proto\bmad_version\c
lient\node_modules\react-dom\cjs\react-dom.development.js:26560:12)
 TypeError: Cannot read properties of undefined (reading 
'includes')
    at [90mC:\Users\nmatton\OneDrive - Universit├® de Namur\PhD_Ni
colas_Matton\AgilePractices\APR_proto\bmad_version\client\[39msrc\
features\practices\components\CategoryFilter.tsx:23:57
    at Array.map (<anonymous>)
    at CategoryFilter [90m(C:\Users\nmatton\OneDrive - 
Universit├® de Namur\PhD_Nicolas_Matton\AgilePractices\APR_proto\bm
ad_version\client\[39msrc\features\practices\components\CategoryFi
lter.tsx:19:29[90m)[39m
    at renderWithHooks [90m(C:\Users\nmatton\OneDrive - 
Universit├® de Namur\PhD_Nicolas_Matton\AgilePractices\APR_proto\bm
ad_version\client\[39mnode_modules\[4mreact-dom[24m\cjs\react-do
m.development.js:16305:18[90m)[39m
    at mountIndeterminateComponent [90m(C:\Users\nmatton\OneDrive 
- Universit├® de Namur\PhD_Nicolas_Matton\AgilePractices\APR_proto\
bmad_version\client\[39mnode_modules\[4mreact-dom[24m\cjs\react-
dom.development.js:20074:13[90m)[39m
    at beginWork [90m(C:\Users\nmatton\OneDrive - Universit├® de N
amur\PhD_Nicolas_Matton\AgilePractices\APR_proto\bmad_version\clien
t\[39mnode_modules\[4mreact-dom[24m\cjs\react-dom.development.js
:21587:16[90m)[39m
    at HTMLUnknownElement.callCallback 
[90m(C:\Users\nmatton\OneDrive - Universit├® de Namur\PhD_Nicolas_
Matton\AgilePractices\APR_proto\bmad_version\client\[39mnode_modul
es\[4mreact-dom[24m\cjs\react-dom.development.js:4164:14[90m)[3
9m
    at HTMLUnknownElement.callTheUserObjectsOperation 
[90m(C:\Users\nmatton\OneDrive - Universit├® de Namur\PhD_Nicolas_
Matton\AgilePractices\APR_proto\bmad_version\client\[39mnode_modul
es\[4mjsdom[24m\lib\jsdom\living\generated\EventListener.js:26:30
[90m)[39m
    at innerInvokeEventListeners [90m(C:\Users\nmatton\OneDrive - 
Universit├® de Namur\PhD_Nicolas_Matton\AgilePractices\APR_proto\bm
ad_version\client\[39mnode_modules\[4mjsdom[24m\lib\jsdom\living
\events\EventTarget-impl.js:350:25[90m)[39m
    at invokeEventListeners [90m(C:\Users\nmatton\OneDrive - 
Universit├® de Namur\PhD_Nicolas_Matton\AgilePractices\APR_proto\bm
ad_version\client\[39mnode_modules\[4mjsdom[24m\lib\jsdom\living
\events\EventTarget-impl.js:286:3[90m)[39m
Error: Uncaught [TypeError: Cannot read properties of undefined 
(reading 'includes')]
    at reportException (C:\Users\nmatton\OneDrive - Universit├® de 
Namur\PhD_Nicolas_Matton\AgilePractices\APR_proto\bmad_version\clie
nt\node_modules\jsdom\lib\jsdom\living\helpers\runtime-script-error
s.js:66:24)
    at innerInvokeEventListeners (C:\Users\nmatton\OneDrive - 
Universit├® de Namur\PhD_Nicolas_Matton\AgilePractices\APR_proto\bm
ad_version\client\node_modules\jsdom\lib\jsdom\living\events\EventT
arget-impl.js:353:9)
    at invokeEventListeners (C:\Users\nmatton\OneDrive - 
Universit├® de Namur\PhD_Nicolas_Matton\AgilePractices\APR_proto\bm
ad_version\client\node_modules\jsdom\lib\jsdom\living\events\EventT
arget-impl.js:286:3)
    at HTMLUnknownElementImpl._dispatch (C:\Users\nmatton\OneDrive 
- Universit├® de Namur\PhD_Nicolas_Matton\AgilePractices\APR_proto\
bmad_version\client\node_modules\jsdom\lib\jsdom\living\events\Even
tTarget-impl.js:233:9)
    at HTMLUnknownElementImpl.dispatchEvent 
(C:\Users\nmatton\OneDrive - Universit├® de Namur\PhD_Nicolas_Matto
n\AgilePractices\APR_proto\bmad_version\client\node_modules\jsdom\l
ib\jsdom\living\events\EventTarget-impl.js:104:17)
    at HTMLUnknownElement.dispatchEvent (C:\Users\nmatton\OneDrive 
- Universit├® de Namur\PhD_Nicolas_Matton\AgilePractices\APR_proto\
bmad_version\client\node_modules\jsdom\lib\jsdom\living\generated\E
ventTarget.js:241:34)
    at Object.invokeGuardedCallbackDev (C:\Users\nmatton\OneDrive 
- Universit├® de Namur\PhD_Nicolas_Matton\AgilePractices\APR_proto\
bmad_version\client\node_modules\react-dom\cjs\react-dom.developmen
t.js:4213:16)
    at invokeGuardedCallback (C:\Users\nmatton\OneDrive - 
Universit├® de Namur\PhD_Nicolas_Matton\AgilePractices\APR_proto\bm
ad_version\client\node_modules\react-dom\cjs\react-dom.development.
js:4277:31)
    at beginWork$1 (C:\Users\nmatton\OneDrive - Universit├® de Namu
r\PhD_Nicolas_Matton\AgilePractices\APR_proto\bmad_version\client\n
ode_modules\react-dom\cjs\react-dom.development.js:27451:7)
    at performUnitOfWork (C:\Users\nmatton\OneDrive - Universit├® 
de Namur\PhD_Nicolas_Matton\AgilePractices\APR_proto\bmad_version\c
lient\node_modules\react-dom\cjs\react-dom.development.js:26560:12)
 TypeError: Cannot read properties of undefined (reading 
'includes')
    at [90mC:\Users\nmatton\OneDrive - Universit├® de Namur\PhD_Ni
colas_Matton\AgilePractices\APR_proto\bmad_version\client\[39msrc\
features\practices\components\MethodFilter.tsx:24:54
    at Array.map (<anonymous>)
    at MethodFilter [90m(C:\Users\nmatton\OneDrive - Universit├® 
de Namur\PhD_Nicolas_Matton\AgilePractices\APR_proto\bmad_version\c
lient\[39msrc\features\practices\components\MethodFilter.tsx:20:26
[90m)[39m
    at renderWithHooks [90m(C:\Users\nmatton\OneDrive - 
Universit├® de Namur\PhD_Nicolas_Matton\AgilePractices\APR_proto\bm
ad_version\client\[39mnode_modules\[4mreact-dom[24m\cjs\react-do
m.development.js:16305:18[90m)[39m
    at mountIndeterminateComponent [90m(C:\Users\nmatton\OneDrive 
- Universit├® de Namur\PhD_Nicolas_Matton\AgilePractices\APR_proto\
bmad_version\client\[39mnode_modules\[4mreact-dom[24m\cjs\react-
dom.development.js:20074:13[90m)[39m
    at beginWork [90m(C:\Users\nmatton\OneDrive - Universit├® de N
amur\PhD_Nicolas_Matton\AgilePractices\APR_proto\bmad_version\clien
t\[39mnode_modules\[4mreact-dom[24m\cjs\react-dom.development.js
:21587:16[90m)[39m
    at HTMLUnknownElement.callCallback 
[90m(C:\Users\nmatton\OneDrive - Universit├® de Namur\PhD_Nicolas_
Matton\AgilePractices\APR_proto\bmad_version\client\[39mnode_modul
es\[4mreact-dom[24m\cjs\react-dom.development.js:4164:14[90m)[3
9m
    at HTMLUnknownElement.callTheUserObjectsOperation 
[90m(C:\Users\nmatton\OneDrive - Universit├® de Namur\PhD_Nicolas_
Matton\AgilePractices\APR_proto\bmad_version\client\[39mnode_modul
es\[4mjsdom[24m\lib\jsdom\living\generated\EventListener.js:26:30
[90m)[39m
    at innerInvokeEventListeners [90m(C:\Users\nmatton\OneDrive - 
Universit├® de Namur\PhD_Nicolas_Matton\AgilePractices\APR_proto\bm
ad_version\client\[39mnode_modules\[4mjsdom[24m\lib\jsdom\living
\events\EventTarget-impl.js:350:25[90m)[39m
    at invokeEventListeners [90m(C:\Users\nmatton\OneDrive - 
Universit├® de Namur\PhD_Nicolas_Matton\AgilePractices\APR_proto\bm
ad_version\client\[39mnode_modules\[4mjsdom[24m\lib\jsdom\living
\events\EventTarget-impl.js:286:3[90m)[39m
Error: Uncaught [TypeError: Cannot read properties of undefined 
(reading 'length')]
    at reportException (C:\Users\nmatton\OneDrive - Universit├® de 
Namur\PhD_Nicolas_Matton\AgilePractices\APR_proto\bmad_version\clie
nt\node_modules\jsdom\lib\jsdom\living\helpers\runtime-script-error
s.js:66:24)
    at innerInvokeEventListeners (C:\Users\nmatton\OneDrive - 
Universit├® de Namur\PhD_Nicolas_Matton\AgilePractices\APR_proto\bm
ad_version\client\node_modules\jsdom\lib\jsdom\living\events\EventT
arget-impl.js:353:9)
    at invokeEventListeners (C:\Users\nmatton\OneDrive - 
Universit├® de Namur\PhD_Nicolas_Matton\AgilePractices\APR_proto\bm
ad_version\client\node_modules\jsdom\lib\jsdom\living\events\EventT
arget-impl.js:286:3)
    at HTMLUnknownElementImpl._dispatch (C:\Users\nmatton\OneDrive 
- Universit├® de Namur\PhD_Nicolas_Matton\AgilePractices\APR_proto\
bmad_version\client\node_modules\jsdom\lib\jsdom\living\events\Even
tTarget-impl.js:233:9)
    at HTMLUnknownElementImpl.dispatchEvent 
(C:\Users\nmatton\OneDrive - Universit├® de Namur\PhD_Nicolas_Matto
n\AgilePractices\APR_proto\bmad_version\client\node_modules\jsdom\l
ib\jsdom\living\events\EventTarget-impl.js:104:17)
    at HTMLUnknownElement.dispatchEvent (C:\Users\nmatton\OneDrive 
- Universit├® de Namur\PhD_Nicolas_Matton\AgilePractices\APR_proto\
bmad_version\client\node_modules\jsdom\lib\jsdom\living\generated\E
ventTarget.js:241:34)
    at Object.invokeGuardedCallbackDev (C:\Users\nmatton\OneDrive 
- Universit├® de Namur\PhD_Nicolas_Matton\AgilePractices\APR_proto\
bmad_version\client\node_modules\react-dom\cjs\react-dom.developmen
t.js:4213:16)
    at invokeGuardedCallback (C:\Users\nmatton\OneDrive - 
Universit├® de Namur\PhD_Nicolas_Matton\AgilePractices\APR_proto\bm
ad_version\client\node_modules\react-dom\cjs\react-dom.development.
js:4277:31)
    at beginWork$1 (C:\Users\nmatton\OneDrive - Universit├® de Namu
r\PhD_Nicolas_Matton\AgilePractices\APR_proto\bmad_version\client\n
ode_modules\react-dom\cjs\react-dom.development.js:27451:7)
    at performUnitOfWork (C:\Users\nmatton\OneDrive - Universit├® 
de Namur\PhD_Nicolas_Matton\AgilePractices\APR_proto\bmad_version\c
lient\node_modules\react-dom\cjs\react-dom.development.js:26560:12)
 TypeError: Cannot read properties of undefined (reading 'length')
    at ActiveFilters [90m(C:\Users\nmatton\OneDrive - Universit├® 
de Namur\PhD_Nicolas_Matton\AgilePractices\APR_proto\bmad_version\c
lient\[39msrc\features\practices\components\ActiveFilters.tsx:15:4
3[90m)[39m
    at renderWithHooks [90m(C:\Users\nmatton\OneDrive - 
Universit├® de Namur\PhD_Nicolas_Matton\AgilePractices\APR_proto\bm
ad_version\client\[39mnode_modules\[4mreact-dom[24m\cjs\react-do
m.development.js:16305:18[90m)[39m
    at mountIndeterminateComponent [90m(C:\Users\nmatton\OneDrive 
- Universit├® de Namur\PhD_Nicolas_Matton\AgilePractices\APR_proto\
bmad_version\client\[39mnode_modules\[4mreact-dom[24m\cjs\react-
dom.development.js:20074:13[90m)[39m
    at beginWork [90m(C:\Users\nmatton\OneDrive - Universit├® de N
amur\PhD_Nicolas_Matton\AgilePractices\APR_proto\bmad_version\clien
t\[39mnode_modules\[4mreact-dom[24m\cjs\react-dom.development.js
:21587:16[90m)[39m
    at HTMLUnknownElement.callCallback 
[90m(C:\Users\nmatton\OneDrive - Universit├® de Namur\PhD_Nicolas_
Matton\AgilePractices\APR_proto\bmad_version\client\[39mnode_modul
es\[4mreact-dom[24m\cjs\react-dom.development.js:4164:14[90m)[3
9m
    at HTMLUnknownElement.callTheUserObjectsOperation 
[90m(C:\Users\nmatton\OneDrive - Universit├® de Namur\PhD_Nicolas_
Matton\AgilePractices\APR_proto\bmad_version\client\[39mnode_modul
es\[4mjsdom[24m\lib\jsdom\living\generated\EventListener.js:26:30
[90m)[39m
    at innerInvokeEventListeners [90m(C:\Users\nmatton\OneDrive - 
Universit├® de Namur\PhD_Nicolas_Matton\AgilePractices\APR_proto\bm
ad_version\client\[39mnode_modules\[4mjsdom[24m\lib\jsdom\living
\events\EventTarget-impl.js:350:25[90m)[39m
    at invokeEventListeners [90m(C:\Users\nmatton\OneDrive - 
Universit├® de Namur\PhD_Nicolas_Matton\AgilePractices\APR_proto\bm
ad_version\client\[39mnode_modules\[4mjsdom[24m\lib\jsdom\living
\events\EventTarget-impl.js:286:3[90m)[39m
    at HTMLUnknownElementImpl._dispatch 
[90m(C:\Users\nmatton\OneDrive - Universit├® de Namur\PhD_Nicolas_
Matton\AgilePractices\APR_proto\bmad_version\client\[39mnode_modul
es\[4mjsdom[24m\lib\jsdom\living\events\EventTarget-impl.js:233:9
[90m)[39m
    at HTMLUnknownElementImpl.dispatchEvent 
[90m(C:\Users\nmatton\OneDrive - Universit├® de Namur\PhD_Nicolas_
Matton\AgilePractices\APR_proto\bmad_version\client\[39mnode_modul
es\[4mjsdom[24m\lib\jsdom\living\events\EventTarget-impl.js:104:1
7[90m)[39m
The above error occurred in the <CategoryFilter> component:

    at CategoryFilter (C:\Users\nmatton\OneDrive - Universit├® de N
amur\PhD_Nicolas_Matton\AgilePractices\APR_proto\bmad_version\clien
t\src\features\practices\components\CategoryFilter.tsx:20:104)
    at div
    at div
    at div
    at div
    at main
    at div
    at PracticeCatalog (C:\Users\nmatton\OneDrive - Universit├® de 
Namur\PhD_Nicolas_Matton\AgilePractices\APR_proto\bmad_version\clie
nt\src\features\practices\pages\PracticeCatalog.tsx:59:73)
    at Router (file:///C:/Users/nmatton/OneDrive%20-%20Universit%C3
%A9%20de%20Namur/PhD_Nicolas_Matton/AgilePractices/APR_proto/bmad_v
ersion/client/node_modules/react-router/dist/development/chunk-EPOL
DU6W.mjs:6605:13)
    at MemoryRouter (file:///C:/Users/nmatton/OneDrive%20-%20Univer
sit%C3%A9%20de%20Namur/PhD_Nicolas_Matton/AgilePractices/APR_proto/
bmad_version/client/node_modules/react-router/dist/development/chun
k-EPOLDU6W.mjs:6521:3)

Consider adding an error boundary to your tree to customize error 
handling behavior.
Visit https://reactjs.org/link/error-boundaries to learn more 
about error boundaries.
The above error occurred in the <MethodFilter> component:

    at MethodFilter (C:\Users\nmatton\OneDrive - Universit├® de Nam
ur\PhD_Nicolas_Matton\AgilePractices\APR_proto\bmad_version\client\
src\features\practices\components\MethodFilter.tsx:21:101)
    at div
    at div
    at div
    at div
    at main
    at div
    at PracticeCatalog (C:\Users\nmatton\OneDrive - Universit├® de 
Namur\PhD_Nicolas_Matton\AgilePractices\APR_proto\bmad_version\clie
nt\src\features\practices\pages\PracticeCatalog.tsx:59:73)
    at Router (file:///C:/Users/nmatton/OneDrive%20-%20Universit%C3
%A9%20de%20Namur/PhD_Nicolas_Matton/AgilePractices/APR_proto/bmad_v
ersion/client/node_modules/react-router/dist/development/chunk-EPOL
DU6W.mjs:6605:13)
    at MemoryRouter (file:///C:/Users/nmatton/OneDrive%20-%20Univer
sit%C3%A9%20de%20Namur/PhD_Nicolas_Matton/AgilePractices/APR_proto/
bmad_version/client/node_modules/react-router/dist/development/chun
k-EPOLDU6W.mjs:6521:3)

Consider adding an error boundary to your tree to customize error 
handling behavior.
Visit https://reactjs.org/link/error-boundaries to learn more 
about error boundaries.
The above error occurred in the <ActiveFilters> component:

    at ActiveFilters (C:\Users\nmatton\OneDrive - Universit├® de Na
mur\PhD_Nicolas_Matton\AgilePractices\APR_proto\bmad_version\client
\src\features\practices\components\ActiveFilters.tsx:15:41)
    at div
    at div
    at div
    at main
    at div
    at PracticeCatalog (C:\Users\nmatton\OneDrive - Universit├® de 
Namur\PhD_Nicolas_Matton\AgilePractices\APR_proto\bmad_version\clie
nt\src\features\practices\pages\PracticeCatalog.tsx:59:73)
    at Router (file:///C:/Users/nmatton/OneDrive%20-%20Universit%C3
%A9%20de%20Namur/PhD_Nicolas_Matton/AgilePractices/APR_proto/bmad_v
ersion/client/node_modules/react-router/dist/development/chunk-EPOL
DU6W.mjs:6605:13)
    at MemoryRouter (file:///C:/Users/nmatton/OneDrive%20-%20Univer
sit%C3%A9%20de%20Namur/PhD_Nicolas_Matton/AgilePractices/APR_proto/
bmad_version/client/node_modules/react-router/dist/development/chun
k-EPOLDU6W.mjs:6521:3)

Consider adding an error boundary to your tree to customize error 
handling behavior.
Visit https://reactjs.org/link/error-boundaries to learn more 
about error boundaries.

[90mstderr[2m | 
src/features/practices/pages/PracticeCatalog.test.tsx[2m > 
[22m[2mPracticeCatalog[2m > [22m[2mallows multiple pillar 
selection[22m[39m
Error: Uncaught [TypeError: Cannot read properties of undefined 
(reading 'includes')]
    at reportException (C:\Users\nmatton\OneDrive - Universit├® de 
Namur\PhD_Nicolas_Matton\AgilePractices\APR_proto\bmad_version\clie
nt\node_modules\jsdom\lib\jsdom\living\helpers\runtime-script-error
s.js:66:24)
    at innerInvokeEventListeners (C:\Users\nmatton\OneDrive - 
Universit├® de Namur\PhD_Nicolas_Matton\AgilePractices\APR_proto\bm
ad_version\client\node_modules\jsdom\lib\jsdom\living\events\EventT
arget-impl.js:353:9)
    at invokeEventListeners (C:\Users\nmatton\OneDrive - 
Universit├® de Namur\PhD_Nicolas_Matton\AgilePractices\APR_proto\bm
ad_version\client\node_modules\jsdom\lib\jsdom\living\events\EventT
arget-impl.js:286:3)
    at HTMLUnknownElementImpl._dispatch (C:\Users\nmatton\OneDrive 
- Universit├® de Namur\PhD_Nicolas_Matton\AgilePractices\APR_proto\
bmad_version\client\node_modules\jsdom\lib\jsdom\living\events\Even
tTarget-impl.js:233:9)
    at HTMLUnknownElementImpl.dispatchEvent 
(C:\Users\nmatton\OneDrive - Universit├® de Namur\PhD_Nicolas_Matto
n\AgilePractices\APR_proto\bmad_version\client\node_modules\jsdom\l
ib\jsdom\living\events\EventTarget-impl.js:104:17)
    at HTMLUnknownElement.dispatchEvent (C:\Users\nmatton\OneDrive 
- Universit├® de Namur\PhD_Nicolas_Matton\AgilePractices\APR_proto\
bmad_version\client\node_modules\jsdom\lib\jsdom\living\generated\E
ventTarget.js:241:34)
    at Object.invokeGuardedCallbackDev (C:\Users\nmatton\OneDrive 
- Universit├® de Namur\PhD_Nicolas_Matton\AgilePractices\APR_proto\
bmad_version\client\node_modules\react-dom\cjs\react-dom.developmen
t.js:4213:16)
    at invokeGuardedCallback (C:\Users\nmatton\OneDrive - 
Universit├® de Namur\PhD_Nicolas_Matton\AgilePractices\APR_proto\bm
ad_version\client\node_modules\react-dom\cjs\react-dom.development.
js:4277:31)
    at beginWork$1 (C:\Users\nmatton\OneDrive - Universit├® de Namu
r\PhD_Nicolas_Matton\AgilePractices\APR_proto\bmad_version\client\n
ode_modules\react-dom\cjs\react-dom.development.js:27451:7)
    at performUnitOfWork (C:\Users\nmatton\OneDrive - Universit├® 
de Namur\PhD_Nicolas_Matton\AgilePractices\APR_proto\bmad_version\c
lient\node_modules\react-dom\cjs\react-dom.development.js:26560:12)
 TypeError: Cannot read properties of undefined (reading 
'includes')
    at [90mC:\Users\nmatton\OneDrive - Universit├® de Namur\PhD_Ni
colas_Matton\AgilePractices\APR_proto\bmad_version\client\[39msrc\
features\practices\components\CategoryFilter.tsx:23:57
    at Array.map (<anonymous>)
    at CategoryFilter [90m(C:\Users\nmatton\OneDrive - 
Universit├® de Namur\PhD_Nicolas_Matton\AgilePractices\APR_proto\bm
ad_version\client\[39msrc\features\practices\components\CategoryFi
lter.tsx:19:29[90m)[39m
    at renderWithHooks [90m(C:\Users\nmatton\OneDrive - 
Universit├® de Namur\PhD_Nicolas_Matton\AgilePractices\APR_proto\bm
ad_version\client\[39mnode_modules\[4mreact-dom[24m\cjs\react-do
m.development.js:16305:18[90m)[39m
    at mountIndeterminateComponent [90m(C:\Users\nmatton\OneDrive 
- Universit├® de Namur\PhD_Nicolas_Matton\AgilePractices\APR_proto\
bmad_version\client\[39mnode_modules\[4mreact-dom[24m\cjs\react-
dom.development.js:20074:13[90m)[39m
    at beginWork [90m(C:\Users\nmatton\OneDrive - Universit├® de N
amur\PhD_Nicolas_Matton\AgilePractices\APR_proto\bmad_version\clien
t\[39mnode_modules\[4mreact-dom[24m\cjs\react-dom.development.js
:21587:16[90m)[39m
    at HTMLUnknownElement.callCallback 
[90m(C:\Users\nmatton\OneDrive - Universit├® de Namur\PhD_Nicolas_
Matton\AgilePractices\APR_proto\bmad_version\client\[39mnode_modul
es\[4mreact-dom[24m\cjs\react-dom.development.js:4164:14[90m)[3
9m
    at HTMLUnknownElement.callTheUserObjectsOperation 
[90m(C:\Users\nmatton\OneDrive - Universit├® de Namur\PhD_Nicolas_
Matton\AgilePractices\APR_proto\bmad_version\client\[39mnode_modul
es\[4mjsdom[24m\lib\jsdom\living\generated\EventListener.js:26:30
[90m)[39m
    at innerInvokeEventListeners [90m(C:\Users\nmatton\OneDrive - 
Universit├® de Namur\PhD_Nicolas_Matton\AgilePractices\APR_proto\bm
ad_version\client\[39mnode_modules\[4mjsdom[24m\lib\jsdom\living
\events\EventTarget-impl.js:350:25[90m)[39m
    at invokeEventListeners [90m(C:\Users\nmatton\OneDrive - 
Universit├® de Namur\PhD_Nicolas_Matton\AgilePractices\APR_proto\bm
ad_version\client\[39mnode_modules\[4mjsdom[24m\lib\jsdom\living
\events\EventTarget-impl.js:286:3[90m)[39m
Error: Uncaught [TypeError: Cannot read properties of undefined 
(reading 'includes')]
    at reportException (C:\Users\nmatton\OneDrive - Universit├® de 
Namur\PhD_Nicolas_Matton\AgilePractices\APR_proto\bmad_version\clie
nt\node_modules\jsdom\lib\jsdom\living\helpers\runtime-script-error
s.js:66:24)
    at innerInvokeEventListeners (C:\Users\nmatton\OneDrive - 
Universit├® de Namur\PhD_Nicolas_Matton\AgilePractices\APR_proto\bm
ad_version\client\node_modules\jsdom\lib\jsdom\living\events\EventT
arget-impl.js:353:9)
    at invokeEventListeners (C:\Users\nmatton\OneDrive - 
Universit├® de Namur\PhD_Nicolas_Matton\AgilePractices\APR_proto\bm
ad_version\client\node_modules\jsdom\lib\jsdom\living\events\EventT
arget-impl.js:286:3)
    at HTMLUnknownElementImpl._dispatch (C:\Users\nmatton\OneDrive 
- Universit├® de Namur\PhD_Nicolas_Matton\AgilePractices\APR_proto\
bmad_version\client\node_modules\jsdom\lib\jsdom\living\events\Even
tTarget-impl.js:233:9)
    at HTMLUnknownElementImpl.dispatchEvent 
(C:\Users\nmatton\OneDrive - Universit├® de Namur\PhD_Nicolas_Matto
n\AgilePractices\APR_proto\bmad_version\client\node_modules\jsdom\l
ib\jsdom\living\events\EventTarget-impl.js:104:17)
    at HTMLUnknownElement.dispatchEvent (C:\Users\nmatton\OneDrive 
- Universit├® de Namur\PhD_Nicolas_Matton\AgilePractices\APR_proto\
bmad_version\client\node_modules\jsdom\lib\jsdom\living\generated\E
ventTarget.js:241:34)
    at Object.invokeGuardedCallbackDev (C:\Users\nmatton\OneDrive 
- Universit├® de Namur\PhD_Nicolas_Matton\AgilePractices\APR_proto\
bmad_version\client\node_modules\react-dom\cjs\react-dom.developmen
t.js:4213:16)
    at invokeGuardedCallback (C:\Users\nmatton\OneDrive - 
Universit├® de Namur\PhD_Nicolas_Matton\AgilePractices\APR_proto\bm
ad_version\client\node_modules\react-dom\cjs\react-dom.development.
js:4277:31)
    at beginWork$1 (C:\Users\nmatton\OneDrive - Universit├® de Namu
r\PhD_Nicolas_Matton\AgilePractices\APR_proto\bmad_version\client\n
ode_modules\react-dom\cjs\react-dom.development.js:27451:7)
    at performUnitOfWork (C:\Users\nmatton\OneDrive - Universit├® 
de Namur\PhD_Nicolas_Matton\AgilePractices\APR_proto\bmad_version\c
lient\node_modules\react-dom\cjs\react-dom.development.js:26560:12)
 TypeError: Cannot read properties of undefined (reading 
'includes')
    at [90mC:\Users\nmatton\OneDrive - Universit├® de Namur\PhD_Ni
colas_Matton\AgilePractices\APR_proto\bmad_version\client\[39msrc\
features\practices\components\MethodFilter.tsx:24:54
    at Array.map (<anonymous>)
    at MethodFilter [90m(C:\Users\nmatton\OneDrive - Universit├® 
de Namur\PhD_Nicolas_Matton\AgilePractices\APR_proto\bmad_version\c
lient\[39msrc\features\practices\components\MethodFilter.tsx:20:26
[90m)[39m
    at renderWithHooks [90m(C:\Users\nmatton\OneDrive - 
Universit├® de Namur\PhD_Nicolas_Matton\AgilePractices\APR_proto\bm
ad_version\client\[39mnode_modules\[4mreact-dom[24m\cjs\react-do
m.development.js:16305:18[90m)[39m
    at mountIndeterminateComponent [90m(C:\Users\nmatton\OneDrive 
- Universit├® de Namur\PhD_Nicolas_Matton\AgilePractices\APR_proto\
bmad_version\client\[39mnode_modules\[4mreact-dom[24m\cjs\react-
dom.development.js:20074:13[90m)[39m
    at beginWork [90m(C:\Users\nmatton\OneDrive - Universit├® de N
amur\PhD_Nicolas_Matton\AgilePractices\APR_proto\bmad_version\clien
t\[39mnode_modules\[4mreact-dom[24m\cjs\react-dom.development.js
:21587:16[90m)[39m
    at HTMLUnknownElement.callCallback 
[90m(C:\Users\nmatton\OneDrive - Universit├® de Namur\PhD_Nicolas_
Matton\AgilePractices\APR_proto\bmad_version\client\[39mnode_modul
es\[4mreact-dom[24m\cjs\react-dom.development.js:4164:14[90m)[3
9m
    at HTMLUnknownElement.callTheUserObjectsOperation 
[90m(C:\Users\nmatton\OneDrive - Universit├® de Namur\PhD_Nicolas_
Matton\AgilePractices\APR_proto\bmad_version\client\[39mnode_modul
es\[4mjsdom[24m\lib\jsdom\living\generated\EventListener.js:26:30
[90m)[39m
    at innerInvokeEventListeners [90m(C:\Users\nmatton\OneDrive - 
Universit├® de Namur\PhD_Nicolas_Matton\AgilePractices\APR_proto\bm
ad_version\client\[39mnode_modules\[4mjsdom[24m\lib\jsdom\living
\events\EventTarget-impl.js:350:25[90m)[39m
    at invokeEventListeners [90m(C:\Users\nmatton\OneDrive - 
Universit├® de Namur\PhD_Nicolas_Matton\AgilePractices\APR_proto\bm
ad_version\client\[39mnode_modules\[4mjsdom[24m\lib\jsdom\living
\events\EventTarget-impl.js:286:3[90m)[39m
Error: Uncaught [TypeError: Cannot read properties of undefined 
(reading 'length')]
    at reportException (C:\Users\nmatton\OneDrive - Universit├® de 
Namur\PhD_Nicolas_Matton\AgilePractices\APR_proto\bmad_version\clie
nt\node_modules\jsdom\lib\jsdom\living\helpers\runtime-script-error
s.js:66:24)
    at innerInvokeEventListeners (C:\Users\nmatton\OneDrive - 
Universit├® de Namur\PhD_Nicolas_Matton\AgilePractices\APR_proto\bm
ad_version\client\node_modules\jsdom\lib\jsdom\living\events\EventT
arget-impl.js:353:9)
    at invokeEventListeners (C:\Users\nmatton\OneDrive - 
Universit├® de Namur\PhD_Nicolas_Matton\AgilePractices\APR_proto\bm
ad_version\client\node_modules\jsdom\lib\jsdom\living\events\EventT
arget-impl.js:286:3)
    at HTMLUnknownElementImpl._dispatch (C:\Users\nmatton\OneDrive 
- Universit├® de Namur\PhD_Nicolas_Matton\AgilePractices\APR_proto\
bmad_version\client\node_modules\jsdom\lib\jsdom\living\events\Even
tTarget-impl.js:233:9)
    at HTMLUnknownElementImpl.dispatchEvent 
(C:\Users\nmatton\OneDrive - Universit├® de Namur\PhD_Nicolas_Matto
n\AgilePractices\APR_proto\bmad_version\client\node_modules\jsdom\l
ib\jsdom\living\events\EventTarget-impl.js:104:17)
    at HTMLUnknownElement.dispatchEvent (C:\Users\nmatton\OneDrive 
- Universit├® de Namur\PhD_Nicolas_Matton\AgilePractices\APR_proto\
bmad_version\client\node_modules\jsdom\lib\jsdom\living\generated\E
ventTarget.js:241:34)
    at Object.invokeGuardedCallbackDev (C:\Users\nmatton\OneDrive 
- Universit├® de Namur\PhD_Nicolas_Matton\AgilePractices\APR_proto\
bmad_version\client\node_modules\react-dom\cjs\react-dom.developmen
t.js:4213:16)
    at invokeGuardedCallback (C:\Users\nmatton\OneDrive - 
Universit├® de Namur\PhD_Nicolas_Matton\AgilePractices\APR_proto\bm
ad_version\client\node_modules\react-dom\cjs\react-dom.development.
js:4277:31)
    at beginWork$1 (C:\Users\nmatton\OneDrive - Universit├® de Namu
r\PhD_Nicolas_Matton\AgilePractices\APR_proto\bmad_version\client\n
ode_modules\react-dom\cjs\react-dom.development.js:27451:7)
    at performUnitOfWork (C:\Users\nmatton\OneDrive - Universit├® 
de Namur\PhD_Nicolas_Matton\AgilePractices\APR_proto\bmad_version\c
lient\node_modules\react-dom\cjs\react-dom.development.js:26560:12)
 TypeError: Cannot read properties of undefined (reading 'length')
    at ActiveFilters [90m(C:\Users\nmatton\OneDrive - Universit├® 
de Namur\PhD_Nicolas_Matton\AgilePractices\APR_proto\bmad_version\c
lient\[39msrc\features\practices\components\ActiveFilters.tsx:15:4
3[90m)[39m
    at renderWithHooks [90m(C:\Users\nmatton\OneDrive - 
Universit├® de Namur\PhD_Nicolas_Matton\AgilePractices\APR_proto\bm
ad_version\client\[39mnode_modules\[4mreact-dom[24m\cjs\react-do
m.development.js:16305:18[90m)[39m
    at mountIndeterminateComponent [90m(C:\Users\nmatton\OneDrive 
- Universit├® de Namur\PhD_Nicolas_Matton\AgilePractices\APR_proto\
bmad_version\client\[39mnode_modules\[4mreact-dom[24m\cjs\react-
dom.development.js:20074:13[90m)[39m
    at beginWork [90m(C:\Users\nmatton\OneDrive - Universit├® de N
amur\PhD_Nicolas_Matton\AgilePractices\APR_proto\bmad_version\clien
t\[39mnode_modules\[4mreact-dom[24m\cjs\react-dom.development.js
:21587:16[90m)[39m
    at HTMLUnknownElement.callCallback 
[90m(C:\Users\nmatton\OneDrive - Universit├® de Namur\PhD_Nicolas_
Matton\AgilePractices\APR_proto\bmad_version\client\[39mnode_modul
es\[4mreact-dom[24m\cjs\react-dom.development.js:4164:14[90m)[3
9m
    at HTMLUnknownElement.callTheUserObjectsOperation 
[90m(C:\Users\nmatton\OneDrive - Universit├® de Namur\PhD_Nicolas_
Matton\AgilePractices\APR_proto\bmad_version\client\[39mnode_modul
es\[4mjsdom[24m\lib\jsdom\living\generated\EventListener.js:26:30
[90m)[39m
    at innerInvokeEventListeners [90m(C:\Users\nmatton\OneDrive - 
Universit├® de Namur\PhD_Nicolas_Matton\AgilePractices\APR_proto\bm
ad_version\client\[39mnode_modules\[4mjsdom[24m\lib\jsdom\living
\events\EventTarget-impl.js:350:25[90m)[39m
    at invokeEventListeners [90m(C:\Users\nmatton\OneDrive - 
Universit├® de Namur\PhD_Nicolas_Matton\AgilePractices\APR_proto\bm
ad_version\client\[39mnode_modules\[4mjsdom[24m\lib\jsdom\living
\events\EventTarget-impl.js:286:3[90m)[39m
    at HTMLUnknownElementImpl._dispatch 
[90m(C:\Users\nmatton\OneDrive - Universit├® de Namur\PhD_Nicolas_
Matton\AgilePractices\APR_proto\bmad_version\client\[39mnode_modul
es\[4mjsdom[24m\lib\jsdom\living\events\EventTarget-impl.js:233:9
[90m)[39m
    at HTMLUnknownElementImpl.dispatchEvent 
[90m(C:\Users\nmatton\OneDrive - Universit├® de Namur\PhD_Nicolas_
Matton\AgilePractices\APR_proto\bmad_version\client\[39mnode_modul
es\[4mjsdom[24m\lib\jsdom\living\events\EventTarget-impl.js:104:1
7[90m)[39m
Error: Uncaught [TypeError: Cannot read properties of undefined 
(reading 'includes')]
    at reportException (C:\Users\nmatton\OneDrive - Universit├® de 
Namur\PhD_Nicolas_Matton\AgilePractices\APR_proto\bmad_version\clie
nt\node_modules\jsdom\lib\jsdom\living\helpers\runtime-script-error
s.js:66:24)
    at innerInvokeEventListeners (C:\Users\nmatton\OneDrive - 
Universit├® de Namur\PhD_Nicolas_Matton\AgilePractices\APR_proto\bm
ad_version\client\node_modules\jsdom\lib\jsdom\living\events\EventT
arget-impl.js:353:9)
    at invokeEventListeners (C:\Users\nmatton\OneDrive - 
Universit├® de Namur\PhD_Nicolas_Matton\AgilePractices\APR_proto\bm
ad_version\client\node_modules\jsdom\lib\jsdom\living\events\EventT
arget-impl.js:286:3)
    at HTMLUnknownElementImpl._dispatch (C:\Users\nmatton\OneDrive 
- Universit├® de Namur\PhD_Nicolas_Matton\AgilePractices\APR_proto\
bmad_version\client\node_modules\jsdom\lib\jsdom\living\events\Even
tTarget-impl.js:233:9)
    at HTMLUnknownElementImpl.dispatchEvent 
(C:\Users\nmatton\OneDrive - Universit├® de Namur\PhD_Nicolas_Matto
n\AgilePractices\APR_proto\bmad_version\client\node_modules\jsdom\l
ib\jsdom\living\events\EventTarget-impl.js:104:17)
    at HTMLUnknownElement.dispatchEvent (C:\Users\nmatton\OneDrive 
- Universit├® de Namur\PhD_Nicolas_Matton\AgilePractices\APR_proto\
bmad_version\client\node_modules\jsdom\lib\jsdom\living\generated\E
ventTarget.js:241:34)
    at Object.invokeGuardedCallbackDev (C:\Users\nmatton\OneDrive 
- Universit├® de Namur\PhD_Nicolas_Matton\AgilePractices\APR_proto\
bmad_version\client\node_modules\react-dom\cjs\react-dom.developmen
t.js:4213:16)
    at invokeGuardedCallback (C:\Users\nmatton\OneDrive - 
Universit├® de Namur\PhD_Nicolas_Matton\AgilePractices\APR_proto\bm
ad_version\client\node_modules\react-dom\cjs\react-dom.development.
js:4277:31)
    at beginWork$1 (C:\Users\nmatton\OneDrive - Universit├® de Namu
r\PhD_Nicolas_Matton\AgilePractices\APR_proto\bmad_version\client\n
ode_modules\react-dom\cjs\react-dom.development.js:27451:7)
    at performUnitOfWork (C:\Users\nmatton\OneDrive - Universit├® 
de Namur\PhD_Nicolas_Matton\AgilePractices\APR_proto\bmad_version\c
lient\node_modules\react-dom\cjs\react-dom.development.js:26560:12)
 TypeError: Cannot read properties of undefined (reading 
'includes')
    at [90mC:\Users\nmatton\OneDrive - Universit├® de Namur\PhD_Ni
colas_Matton\AgilePractices\APR_proto\bmad_version\client\[39msrc\
features\practices\components\CategoryFilter.tsx:23:57
    at Array.map (<anonymous>)
    at CategoryFilter [90m(C:\Users\nmatton\OneDrive - 
Universit├® de Namur\PhD_Nicolas_Matton\AgilePractices\APR_proto\bm
ad_version\client\[39msrc\features\practices\components\CategoryFi
lter.tsx:19:29[90m)[39m
    at renderWithHooks [90m(C:\Users\nmatton\OneDrive - 
Universit├® de Namur\PhD_Nicolas_Matton\AgilePractices\APR_proto\bm
ad_version\client\[39mnode_modules\[4mreact-dom[24m\cjs\react-do
m.development.js:16305:18[90m)[39m
    at mountIndeterminateComponent [90m(C:\Users\nmatton\OneDrive 
- Universit├® de Namur\PhD_Nicolas_Matton\AgilePractices\APR_proto\
bmad_version\client\[39mnode_modules\[4mreact-dom[24m\cjs\react-
dom.development.js:20074:13[90m)[39m
    at beginWork [90m(C:\Users\nmatton\OneDrive - Universit├® de N
amur\PhD_Nicolas_Matton\AgilePractices\APR_proto\bmad_version\clien
t\[39mnode_modules\[4mreact-dom[24m\cjs\react-dom.development.js
:21587:16[90m)[39m
    at HTMLUnknownElement.callCallback 
[90m(C:\Users\nmatton\OneDrive - Universit├® de Namur\PhD_Nicolas_
Matton\AgilePractices\APR_proto\bmad_version\client\[39mnode_modul
es\[4mreact-dom[24m\cjs\react-dom.development.js:4164:14[90m)[3
9m
    at HTMLUnknownElement.callTheUserObjectsOperation 
[90m(C:\Users\nmatton\OneDrive - Universit├® de Namur\PhD_Nicolas_
Matton\AgilePractices\APR_proto\bmad_version\client\[39mnode_modul
es\[4mjsdom[24m\lib\jsdom\living\generated\EventListener.js:26:30
[90m)[39m
    at innerInvokeEventListeners [90m(C:\Users\nmatton\OneDrive - 
Universit├® de Namur\PhD_Nicolas_Matton\AgilePractices\APR_proto\bm
ad_version\client\[39mnode_modules\[4mjsdom[24m\lib\jsdom\living
\events\EventTarget-impl.js:350:25[90m)[39m
    at invokeEventListeners [90m(C:\Users\nmatton\OneDrive - 
Universit├® de Namur\PhD_Nicolas_Matton\AgilePractices\APR_proto\bm
ad_version\client\[39mnode_modules\[4mjsdom[24m\lib\jsdom\living
\events\EventTarget-impl.js:286:3[90m)[39m
Error: Uncaught [TypeError: Cannot read properties of undefined 
(reading 'includes')]
    at reportException (C:\Users\nmatton\OneDrive - Universit├® de 
Namur\PhD_Nicolas_Matton\AgilePractices\APR_proto\bmad_version\clie
nt\node_modules\jsdom\lib\jsdom\living\helpers\runtime-script-error
s.js:66:24)
    at innerInvokeEventListeners (C:\Users\nmatton\OneDrive - 
Universit├® de Namur\PhD_Nicolas_Matton\AgilePractices\APR_proto\bm
ad_version\client\node_modules\jsdom\lib\jsdom\living\events\EventT
arget-impl.js:353:9)
    at invokeEventListeners (C:\Users\nmatton\OneDrive - 
Universit├® de Namur\PhD_Nicolas_Matton\AgilePractices\APR_proto\bm
ad_version\client\node_modules\jsdom\lib\jsdom\living\events\EventT
arget-impl.js:286:3)
    at HTMLUnknownElementImpl._dispatch (C:\Users\nmatton\OneDrive 
- Universit├® de Namur\PhD_Nicolas_Matton\AgilePractices\APR_proto\
bmad_version\client\node_modules\jsdom\lib\jsdom\living\events\Even
tTarget-impl.js:233:9)
    at HTMLUnknownElementImpl.dispatchEvent 
(C:\Users\nmatton\OneDrive - Universit├® de Namur\PhD_Nicolas_Matto
n\AgilePractices\APR_proto\bmad_version\client\node_modules\jsdom\l
ib\jsdom\living\events\EventTarget-impl.js:104:17)
    at HTMLUnknownElement.dispatchEvent (C:\Users\nmatton\OneDrive 
- Universit├® de Namur\PhD_Nicolas_Matton\AgilePractices\APR_proto\
bmad_version\client\node_modules\jsdom\lib\jsdom\living\generated\E
ventTarget.js:241:34)
    at Object.invokeGuardedCallbackDev (C:\Users\nmatton\OneDrive 
- Universit├® de Namur\PhD_Nicolas_Matton\AgilePractices\APR_proto\
bmad_version\client\node_modules\react-dom\cjs\react-dom.developmen
t.js:4213:16)
    at invokeGuardedCallback (C:\Users\nmatton\OneDrive - 
Universit├® de Namur\PhD_Nicolas_Matton\AgilePractices\APR_proto\bm
ad_version\client\node_modules\react-dom\cjs\react-dom.development.
js:4277:31)
    at beginWork$1 (C:\Users\nmatton\OneDrive - Universit├® de Namu
r\PhD_Nicolas_Matton\AgilePractices\APR_proto\bmad_version\client\n
ode_modules\react-dom\cjs\react-dom.development.js:27451:7)
    at performUnitOfWork (C:\Users\nmatton\OneDrive - Universit├® 
de Namur\PhD_Nicolas_Matton\AgilePractices\APR_proto\bmad_version\c
lient\node_modules\react-dom\cjs\react-dom.development.js:26560:12)
 TypeError: Cannot read properties of undefined (reading 
'includes')
    at [90mC:\Users\nmatton\OneDrive - Universit├® de Namur\PhD_Ni
colas_Matton\AgilePractices\APR_proto\bmad_version\client\[39msrc\
features\practices\components\MethodFilter.tsx:24:54
    at Array.map (<anonymous>)
    at MethodFilter [90m(C:\Users\nmatton\OneDrive - Universit├® 
de Namur\PhD_Nicolas_Matton\AgilePractices\APR_proto\bmad_version\c
lient\[39msrc\features\practices\components\MethodFilter.tsx:20:26
[90m)[39m
    at renderWithHooks [90m(C:\Users\nmatton\OneDrive - 
Universit├® de Namur\PhD_Nicolas_Matton\AgilePractices\APR_proto\bm
ad_version\client\[39mnode_modules\[4mreact-dom[24m\cjs\react-do
m.development.js:16305:18[90m)[39m
    at mountIndeterminateComponent [90m(C:\Users\nmatton\OneDrive 
- Universit├® de Namur\PhD_Nicolas_Matton\AgilePractices\APR_proto\
bmad_version\client\[39mnode_modules\[4mreact-dom[24m\cjs\react-
dom.development.js:20074:13[90m)[39m
    at beginWork [90m(C:\Users\nmatton\OneDrive - Universit├® de N
amur\PhD_Nicolas_Matton\AgilePractices\APR_proto\bmad_version\clien
t\[39mnode_modules\[4mreact-dom[24m\cjs\react-dom.development.js
:21587:16[90m)[39m
    at HTMLUnknownElement.callCallback 
[90m(C:\Users\nmatton\OneDrive - Universit├® de Namur\PhD_Nicolas_
Matton\AgilePractices\APR_proto\bmad_version\client\[39mnode_modul
es\[4mreact-dom[24m\cjs\react-dom.development.js:4164:14[90m)[3
9m
    at HTMLUnknownElement.callTheUserObjectsOperation 
[90m(C:\Users\nmatton\OneDrive - Universit├® de Namur\PhD_Nicolas_
Matton\AgilePractices\APR_proto\bmad_version\client\[39mnode_modul
es\[4mjsdom[24m\lib\jsdom\living\generated\EventListener.js:26:30
[90m)[39m
    at innerInvokeEventListeners [90m(C:\Users\nmatton\OneDrive - 
Universit├® de Namur\PhD_Nicolas_Matton\AgilePractices\APR_proto\bm
ad_version\client\[39mnode_modules\[4mjsdom[24m\lib\jsdom\living
\events\EventTarget-impl.js:350:25[90m)[39m
    at invokeEventListeners [90m(C:\Users\nmatton\OneDrive - 
Universit├® de Namur\PhD_Nicolas_Matton\AgilePractices\APR_proto\bm
ad_version\client\[39mnode_modules\[4mjsdom[24m\lib\jsdom\living
\events\EventTarget-impl.js:286:3[90m)[39m
Error: Uncaught [TypeError: Cannot read properties of undefined 
(reading 'length')]
    at reportException (C:\Users\nmatton\OneDrive - Universit├® de 
Namur\PhD_Nicolas_Matton\AgilePractices\APR_proto\bmad_version\clie
nt\node_modules\jsdom\lib\jsdom\living\helpers\runtime-script-error
s.js:66:24)
    at innerInvokeEventListeners (C:\Users\nmatton\OneDrive - 
Universit├® de Namur\PhD_Nicolas_Matton\AgilePractices\APR_proto\bm
ad_version\client\node_modules\jsdom\lib\jsdom\living\events\EventT
arget-impl.js:353:9)
    at invokeEventListeners (C:\Users\nmatton\OneDrive - 
Universit├® de Namur\PhD_Nicolas_Matton\AgilePractices\APR_proto\bm
ad_version\client\node_modules\jsdom\lib\jsdom\living\events\EventT
arget-impl.js:286:3)
    at HTMLUnknownElementImpl._dispatch (C:\Users\nmatton\OneDrive 
- Universit├® de Namur\PhD_Nicolas_Matton\AgilePractices\APR_proto\
bmad_version\client\node_modules\jsdom\lib\jsdom\living\events\Even
tTarget-impl.js:233:9)
    at HTMLUnknownElementImpl.dispatchEvent 
(C:\Users\nmatton\OneDrive - Universit├® de Namur\PhD_Nicolas_Matto
n\AgilePractices\APR_proto\bmad_version\client\node_modules\jsdom\l
ib\jsdom\living\events\EventTarget-impl.js:104:17)
    at HTMLUnknownElement.dispatchEvent (C:\Users\nmatton\OneDrive 
- Universit├® de Namur\PhD_Nicolas_Matton\AgilePractices\APR_proto\
bmad_version\client\node_modules\jsdom\lib\jsdom\living\generated\E
ventTarget.js:241:34)
    at Object.invokeGuardedCallbackDev (C:\Users\nmatton\OneDrive 
- Universit├® de Namur\PhD_Nicolas_Matton\AgilePractices\APR_proto\
bmad_version\client\node_modules\react-dom\cjs\react-dom.developmen
t.js:4213:16)
    at invokeGuardedCallback (C:\Users\nmatton\OneDrive - 
Universit├® de Namur\PhD_Nicolas_Matton\AgilePractices\APR_proto\bm
ad_version\client\node_modules\react-dom\cjs\react-dom.development.
js:4277:31)
    at beginWork$1 (C:\Users\nmatton\OneDrive - Universit├® de Namu
r\PhD_Nicolas_Matton\AgilePractices\APR_proto\bmad_version\client\n
ode_modules\react-dom\cjs\react-dom.development.js:27451:7)
    at performUnitOfWork (C:\Users\nmatton\OneDrive - Universit├® 
de Namur\PhD_Nicolas_Matton\AgilePractices\APR_proto\bmad_version\c
lient\node_modules\react-dom\cjs\react-dom.development.js:26560:12)
 TypeError: Cannot read properties of undefined (reading 'length')
    at ActiveFilters [90m(C:\Users\nmatton\OneDrive - Universit├® 
de Namur\PhD_Nicolas_Matton\AgilePractices\APR_proto\bmad_version\c
lient\[39msrc\features\practices\components\ActiveFilters.tsx:15:4
3[90m)[39m
    at renderWithHooks [90m(C:\Users\nmatton\OneDrive - 
Universit├® de Namur\PhD_Nicolas_Matton\AgilePractices\APR_proto\bm
ad_version\client\[39mnode_modules\[4mreact-dom[24m\cjs\react-do
m.development.js:16305:18[90m)[39m
    at mountIndeterminateComponent [90m(C:\Users\nmatton\OneDrive 
- Universit├® de Namur\PhD_Nicolas_Matton\AgilePractices\APR_proto\
bmad_version\client\[39mnode_modules\[4mreact-dom[24m\cjs\react-
dom.development.js:20074:13[90m)[39m
    at beginWork [90m(C:\Users\nmatton\OneDrive - Universit├® de N
amur\PhD_Nicolas_Matton\AgilePractices\APR_proto\bmad_version\clien
t\[39mnode_modules\[4mreact-dom[24m\cjs\react-dom.development.js
:21587:16[90m)[39m
    at HTMLUnknownElement.callCallback 
[90m(C:\Users\nmatton\OneDrive - Universit├® de Namur\PhD_Nicolas_
Matton\AgilePractices\APR_proto\bmad_version\client\[39mnode_modul
es\[4mreact-dom[24m\cjs\react-dom.development.js:4164:14[90m)[3
9m
    at HTMLUnknownElement.callTheUserObjectsOperation 
[90m(C:\Users\nmatton\OneDrive - Universit├® de Namur\PhD_Nicolas_
Matton\AgilePractices\APR_proto\bmad_version\client\[39mnode_modul
es\[4mjsdom[24m\lib\jsdom\living\generated\EventListener.js:26:30
[90m)[39m
    at innerInvokeEventListeners [90m(C:\Users\nmatton\OneDrive - 
Universit├® de Namur\PhD_Nicolas_Matton\AgilePractices\APR_proto\bm
ad_version\client\[39mnode_modules\[4mjsdom[24m\lib\jsdom\living
\events\EventTarget-impl.js:350:25[90m)[39m
    at invokeEventListeners [90m(C:\Users\nmatton\OneDrive - 
Universit├® de Namur\PhD_Nicolas_Matton\AgilePractices\APR_proto\bm
ad_version\client\[39mnode_modules\[4mjsdom[24m\lib\jsdom\living
\events\EventTarget-impl.js:286:3[90m)[39m
    at HTMLUnknownElementImpl._dispatch 
[90m(C:\Users\nmatton\OneDrive - Universit├® de Namur\PhD_Nicolas_
Matton\AgilePractices\APR_proto\bmad_version\client\[39mnode_modul
es\[4mjsdom[24m\lib\jsdom\living\events\EventTarget-impl.js:233:9
[90m)[39m
    at HTMLUnknownElementImpl.dispatchEvent 
[90m(C:\Users\nmatton\OneDrive - Universit├® de Namur\PhD_Nicolas_
Matton\AgilePractices\APR_proto\bmad_version\client\[39mnode_modul
es\[4mjsdom[24m\lib\jsdom\living\events\EventTarget-impl.js:104:1
7[90m)[39m
The above error occurred in the <CategoryFilter> component:

    at CategoryFilter (C:\Users\nmatton\OneDrive - Universit├® de N
amur\PhD_Nicolas_Matton\AgilePractices\APR_proto\bmad_version\clien
t\src\features\practices\components\CategoryFilter.tsx:20:104)
    at div
    at div
    at div
    at div
    at main
    at div
    at PracticeCatalog (C:\Users\nmatton\OneDrive - Universit├® de 
Namur\PhD_Nicolas_Matton\AgilePractices\APR_proto\bmad_version\clie
nt\src\features\practices\pages\PracticeCatalog.tsx:59:73)
    at Router (file:///C:/Users/nmatton/OneDrive%20-%20Universit%C3
%A9%20de%20Namur/PhD_Nicolas_Matton/AgilePractices/APR_proto/bmad_v
ersion/client/node_modules/react-router/dist/development/chunk-EPOL
DU6W.mjs:6605:13)
    at MemoryRouter (file:///C:/Users/nmatton/OneDrive%20-%20Univer
sit%C3%A9%20de%20Namur/PhD_Nicolas_Matton/AgilePractices/APR_proto/
bmad_version/client/node_modules/react-router/dist/development/chun
k-EPOLDU6W.mjs:6521:3)

Consider adding an error boundary to your tree to customize error 
handling behavior.
Visit https://reactjs.org/link/error-boundaries to learn more 
about error boundaries.
The above error occurred in the <MethodFilter> component:

    at MethodFilter (C:\Users\nmatton\OneDrive - Universit├® de Nam
ur\PhD_Nicolas_Matton\AgilePractices\APR_proto\bmad_version\client\
src\features\practices\components\MethodFilter.tsx:21:101)
    at div
    at div
    at div
    at div
    at main
    at div
    at PracticeCatalog (C:\Users\nmatton\OneDrive - Universit├® de 
Namur\PhD_Nicolas_Matton\AgilePractices\APR_proto\bmad_version\clie
nt\src\features\practices\pages\PracticeCatalog.tsx:59:73)
    at Router (file:///C:/Users/nmatton/OneDrive%20-%20Universit%C3
%A9%20de%20Namur/PhD_Nicolas_Matton/AgilePractices/APR_proto/bmad_v
ersion/client/node_modules/react-router/dist/development/chunk-EPOL
DU6W.mjs:6605:13)
    at MemoryRouter (file:///C:/Users/nmatton/OneDrive%20-%20Univer
sit%C3%A9%20de%20Namur/PhD_Nicolas_Matton/AgilePractices/APR_proto/
bmad_version/client/node_modules/react-router/dist/development/chun
k-EPOLDU6W.mjs:6521:3)

Consider adding an error boundary to your tree to customize error 
handling behavior.
Visit https://reactjs.org/link/error-boundaries to learn more 
about error boundaries.
The above error occurred in the <ActiveFilters> component:

    at ActiveFilters (C:\Users\nmatton\OneDrive - Universit├® de Na
mur\PhD_Nicolas_Matton\AgilePractices\APR_proto\bmad_version\client
\src\features\practices\components\ActiveFilters.tsx:15:41)
    at div
    at div
    at div
    at main
    at div
    at PracticeCatalog (C:\Users\nmatton\OneDrive - Universit├® de 
Namur\PhD_Nicolas_Matton\AgilePractices\APR_proto\bmad_version\clie
nt\src\features\practices\pages\PracticeCatalog.tsx:59:73)
    at Router (file:///C:/Users/nmatton/OneDrive%20-%20Universit%C3
%A9%20de%20Namur/PhD_Nicolas_Matton/AgilePractices/APR_proto/bmad_v
ersion/client/node_modules/react-router/dist/development/chunk-EPOL
DU6W.mjs:6605:13)
    at MemoryRouter (file:///C:/Users/nmatton/OneDrive%20-%20Univer
sit%C3%A9%20de%20Namur/PhD_Nicolas_Matton/AgilePractices/APR_proto/
bmad_version/client/node_modules/react-router/dist/development/chun
k-EPOLDU6W.mjs:6521:3)

Consider adding an error boundary to your tree to customize error 
handling behavior.
Visit https://reactjs.org/link/error-boundaries to learn more 
about error boundaries.

[90mstderr[2m | 
src/features/practices/pages/PracticeCatalog.test.tsx[2m > 
[22m[2mPracticeCatalog[2m > [22m[2mclears filters from the 
active filters section[22m[39m
Error: Uncaught [TypeError: Cannot read properties of undefined 
(reading 'includes')]
    at reportException (C:\Users\nmatton\OneDrive - Universit├® de 
Namur\PhD_Nicolas_Matton\AgilePractices\APR_proto\bmad_version\clie
nt\node_modules\jsdom\lib\jsdom\living\helpers\runtime-script-error
s.js:66:24)
    at innerInvokeEventListeners (C:\Users\nmatton\OneDrive - 
Universit├® de Namur\PhD_Nicolas_Matton\AgilePractices\APR_proto\bm
ad_version\client\node_modules\jsdom\lib\jsdom\living\events\EventT
arget-impl.js:353:9)
    at invokeEventListeners (C:\Users\nmatton\OneDrive - 
Universit├® de Namur\PhD_Nicolas_Matton\AgilePractices\APR_proto\bm
ad_version\client\node_modules\jsdom\lib\jsdom\living\events\EventT
arget-impl.js:286:3)
    at HTMLUnknownElementImpl._dispatch (C:\Users\nmatton\OneDrive 
- Universit├® de Namur\PhD_Nicolas_Matton\AgilePractices\APR_proto\
bmad_version\client\node_modules\jsdom\lib\jsdom\living\events\Even
tTarget-impl.js:233:9)
    at HTMLUnknownElementImpl.dispatchEvent 
(C:\Users\nmatton\OneDrive - Universit├® de Namur\PhD_Nicolas_Matto
n\AgilePractices\APR_proto\bmad_version\client\node_modules\jsdom\l
ib\jsdom\living\events\EventTarget-impl.js:104:17)
    at HTMLUnknownElement.dispatchEvent (C:\Users\nmatton\OneDrive 
- Universit├® de Namur\PhD_Nicolas_Matton\AgilePractices\APR_proto\
bmad_version\client\node_modules\jsdom\lib\jsdom\living\generated\E
ventTarget.js:241:34)
    at Object.invokeGuardedCallbackDev (C:\Users\nmatton\OneDrive 
- Universit├® de Namur\PhD_Nicolas_Matton\AgilePractices\APR_proto\
bmad_version\client\node_modules\react-dom\cjs\react-dom.developmen
t.js:4213:16)
    at invokeGuardedCallback (C:\Users\nmatton\OneDrive - 
Universit├® de Namur\PhD_Nicolas_Matton\AgilePractices\APR_proto\bm
ad_version\client\node_modules\react-dom\cjs\react-dom.development.
js:4277:31)
    at beginWork$1 (C:\Users\nmatton\OneDrive - Universit├® de Namu
r\PhD_Nicolas_Matton\AgilePractices\APR_proto\bmad_version\client\n
ode_modules\react-dom\cjs\react-dom.development.js:27451:7)
    at performUnitOfWork (C:\Users\nmatton\OneDrive - Universit├® 
de Namur\PhD_Nicolas_Matton\AgilePractices\APR_proto\bmad_version\c
lient\node_modules\react-dom\cjs\react-dom.development.js:26560:12)
 TypeError: Cannot read properties of undefined (reading 
'includes')
    at [90mC:\Users\nmatton\OneDrive - Universit├® de Namur\PhD_Ni
colas_Matton\AgilePractices\APR_proto\bmad_version\client\[39msrc\
features\practices\components\CategoryFilter.tsx:23:57
    at Array.map (<anonymous>)
    at CategoryFilter [90m(C:\Users\nmatton\OneDrive - 
Universit├® de Namur\PhD_Nicolas_Matton\AgilePractices\APR_proto\bm
ad_version\client\[39msrc\features\practices\components\CategoryFi
lter.tsx:19:29[90m)[39m
    at renderWithHooks [90m(C:\Users\nmatton\OneDrive - 
Universit├® de Namur\PhD_Nicolas_Matton\AgilePractices\APR_proto\bm
ad_version\client\[39mnode_modules\[4mreact-dom[24m\cjs\react-do
m.development.js:16305:18[90m)[39m
    at mountIndeterminateComponent [90m(C:\Users\nmatton\OneDrive 
- Universit├® de Namur\PhD_Nicolas_Matton\AgilePractices\APR_proto\
bmad_version\client\[39mnode_modules\[4mreact-dom[24m\cjs\react-
dom.development.js:20074:13[90m)[39m
    at beginWork [90m(C:\Users\nmatton\OneDrive - Universit├® de N
amur\PhD_Nicolas_Matton\AgilePractices\APR_proto\bmad_version\clien
t\[39mnode_modules\[4mreact-dom[24m\cjs\react-dom.development.js
:21587:16[90m)[39m
    at HTMLUnknownElement.callCallback 
[90m(C:\Users\nmatton\OneDrive - Universit├® de Namur\PhD_Nicolas_
Matton\AgilePractices\APR_proto\bmad_version\client\[39mnode_modul
es\[4mreact-dom[24m\cjs\react-dom.development.js:4164:14[90m)[3
9m
    at HTMLUnknownElement.callTheUserObjectsOperation 
[90m(C:\Users\nmatton\OneDrive - Universit├® de Namur\PhD_Nicolas_
Matton\AgilePractices\APR_proto\bmad_version\client\[39mnode_modul
es\[4mjsdom[24m\lib\jsdom\living\generated\EventListener.js:26:30
[90m)[39m
    at innerInvokeEventListeners [90m(C:\Users\nmatton\OneDrive - 
Universit├® de Namur\PhD_Nicolas_Matton\AgilePractices\APR_proto\bm
ad_version\client\[39mnode_modules\[4mjsdom[24m\lib\jsdom\living
\events\EventTarget-impl.js:350:25[90m)[39m
    at invokeEventListeners [90m(C:\Users\nmatton\OneDrive - 
Universit├® de Namur\PhD_Nicolas_Matton\AgilePractices\APR_proto\bm
ad_version\client\[39mnode_modules\[4mjsdom[24m\lib\jsdom\living
\events\EventTarget-impl.js:286:3[90m)[39m
Error: Uncaught [TypeError: Cannot read properties of undefined 
(reading 'includes')]
    at reportException (C:\Users\nmatton\OneDrive - Universit├® de 
Namur\PhD_Nicolas_Matton\AgilePractices\APR_proto\bmad_version\clie
nt\node_modules\jsdom\lib\jsdom\living\helpers\runtime-script-error
s.js:66:24)
    at innerInvokeEventListeners (C:\Users\nmatton\OneDrive - 
Universit├® de Namur\PhD_Nicolas_Matton\AgilePractices\APR_proto\bm
ad_version\client\node_modules\jsdom\lib\jsdom\living\events\EventT
arget-impl.js:353:9)
    at invokeEventListeners (C:\Users\nmatton\OneDrive - 
Universit├® de Namur\PhD_Nicolas_Matton\AgilePractices\APR_proto\bm
ad_version\client\node_modules\jsdom\lib\jsdom\living\events\EventT
arget-impl.js:286:3)
    at HTMLUnknownElementImpl._dispatch (C:\Users\nmatton\OneDrive 
- Universit├® de Namur\PhD_Nicolas_Matton\AgilePractices\APR_proto\
bmad_version\client\node_modules\jsdom\lib\jsdom\living\events\Even
tTarget-impl.js:233:9)
    at HTMLUnknownElementImpl.dispatchEvent 
(C:\Users\nmatton\OneDrive - Universit├® de Namur\PhD_Nicolas_Matto
n\AgilePractices\APR_proto\bmad_version\client\node_modules\jsdom\l
ib\jsdom\living\events\EventTarget-impl.js:104:17)
    at HTMLUnknownElement.dispatchEvent (C:\Users\nmatton\OneDrive 
- Universit├® de Namur\PhD_Nicolas_Matton\AgilePractices\APR_proto\
bmad_version\client\node_modules\jsdom\lib\jsdom\living\generated\E
ventTarget.js:241:34)
    at Object.invokeGuardedCallbackDev (C:\Users\nmatton\OneDrive 
- Universit├® de Namur\PhD_Nicolas_Matton\AgilePractices\APR_proto\
bmad_version\client\node_modules\react-dom\cjs\react-dom.developmen
t.js:4213:16)
    at invokeGuardedCallback (C:\Users\nmatton\OneDrive - 
Universit├® de Namur\PhD_Nicolas_Matton\AgilePractices\APR_proto\bm
ad_version\client\node_modules\react-dom\cjs\react-dom.development.
js:4277:31)
    at beginWork$1 (C:\Users\nmatton\OneDrive - Universit├® de Namu
r\PhD_Nicolas_Matton\AgilePractices\APR_proto\bmad_version\client\n
ode_modules\react-dom\cjs\react-dom.development.js:27451:7)
    at performUnitOfWork (C:\Users\nmatton\OneDrive - Universit├® 
de Namur\PhD_Nicolas_Matton\AgilePractices\APR_proto\bmad_version\c
lient\node_modules\react-dom\cjs\react-dom.development.js:26560:12)
 TypeError: Cannot read properties of undefined (reading 
'includes')
    at [90mC:\Users\nmatton\OneDrive - Universit├® de Namur\PhD_Ni
colas_Matton\AgilePractices\APR_proto\bmad_version\client\[39msrc\
features\practices\components\MethodFilter.tsx:24:54
    at Array.map (<anonymous>)
    at MethodFilter [90m(C:\Users\nmatton\OneDrive - Universit├® 
de Namur\PhD_Nicolas_Matton\AgilePractices\APR_proto\bmad_version\c
lient\[39msrc\features\practices\components\MethodFilter.tsx:20:26
[90m)[39m
    at renderWithHooks [90m(C:\Users\nmatton\OneDrive - 
Universit├® de Namur\PhD_Nicolas_Matton\AgilePractices\APR_proto\bm
ad_version\client\[39mnode_modules\[4mreact-dom[24m\cjs\react-do
m.development.js:16305:18[90m)[39m
    at mountIndeterminateComponent [90m(C:\Users\nmatton\OneDrive 
- Universit├® de Namur\PhD_Nicolas_Matton\AgilePractices\APR_proto\
bmad_version\client\[39mnode_modules\[4mreact-dom[24m\cjs\react-
dom.development.js:20074:13[90m)[39m
    at beginWork [90m(C:\Users\nmatton\OneDrive - Universit├® de N
amur\PhD_Nicolas_Matton\AgilePractices\APR_proto\bmad_version\clien
t\[39mnode_modules\[4mreact-dom[24m\cjs\react-dom.development.js
:21587:16[90m)[39m
    at HTMLUnknownElement.callCallback 
[90m(C:\Users\nmatton\OneDrive - Universit├® de Namur\PhD_Nicolas_
Matton\AgilePractices\APR_proto\bmad_version\client\[39mnode_modul
es\[4mreact-dom[24m\cjs\react-dom.development.js:4164:14[90m)[3
9m
    at HTMLUnknownElement.callTheUserObjectsOperation 
[90m(C:\Users\nmatton\OneDrive - Universit├® de Namur\PhD_Nicolas_
Matton\AgilePractices\APR_proto\bmad_version\client\[39mnode_modul
es\[4mjsdom[24m\lib\jsdom\living\generated\EventListener.js:26:30
[90m)[39m
    at innerInvokeEventListeners [90m(C:\Users\nmatton\OneDrive - 
Universit├® de Namur\PhD_Nicolas_Matton\AgilePractices\APR_proto\bm
ad_version\client\[39mnode_modules\[4mjsdom[24m\lib\jsdom\living
\events\EventTarget-impl.js:350:25[90m)[39m
    at invokeEventListeners [90m(C:\Users\nmatton\OneDrive - 
Universit├® de Namur\PhD_Nicolas_Matton\AgilePractices\APR_proto\bm
ad_version\client\[39mnode_modules\[4mjsdom[24m\lib\jsdom\living
\events\EventTarget-impl.js:286:3[90m)[39m
Error: Uncaught [TypeError: Cannot read properties of undefined 
(reading 'length')]
    at reportException (C:\Users\nmatton\OneDrive - Universit├® de 
Namur\PhD_Nicolas_Matton\AgilePractices\APR_proto\bmad_version\clie
nt\node_modules\jsdom\lib\jsdom\living\helpers\runtime-script-error
s.js:66:24)
    at innerInvokeEventListeners (C:\Users\nmatton\OneDrive - 
Universit├® de Namur\PhD_Nicolas_Matton\AgilePractices\APR_proto\bm
ad_version\client\node_modules\jsdom\lib\jsdom\living\events\EventT
arget-impl.js:353:9)
    at invokeEventListeners (C:\Users\nmatton\OneDrive - 
Universit├® de Namur\PhD_Nicolas_Matton\AgilePractices\APR_proto\bm
ad_version\client\node_modules\jsdom\lib\jsdom\living\events\EventT
arget-impl.js:286:3)
    at HTMLUnknownElementImpl._dispatch (C:\Users\nmatton\OneDrive 
- Universit├® de Namur\PhD_Nicolas_Matton\AgilePractices\APR_proto\
bmad_version\client\node_modules\jsdom\lib\jsdom\living\events\Even
tTarget-impl.js:233:9)
    at HTMLUnknownElementImpl.dispatchEvent 
(C:\Users\nmatton\OneDrive - Universit├® de Namur\PhD_Nicolas_Matto
n\AgilePractices\APR_proto\bmad_version\client\node_modules\jsdom\l
ib\jsdom\living\events\EventTarget-impl.js:104:17)
    at HTMLUnknownElement.dispatchEvent (C:\Users\nmatton\OneDrive 
- Universit├® de Namur\PhD_Nicolas_Matton\AgilePractices\APR_proto\
bmad_version\client\node_modules\jsdom\lib\jsdom\living\generated\E
ventTarget.js:241:34)
    at Object.invokeGuardedCallbackDev (C:\Users\nmatton\OneDrive 
- Universit├® de Namur\PhD_Nicolas_Matton\AgilePractices\APR_proto\
bmad_version\client\node_modules\react-dom\cjs\react-dom.developmen
t.js:4213:16)
    at invokeGuardedCallback (C:\Users\nmatton\OneDrive - 
Universit├® de Namur\PhD_Nicolas_Matton\AgilePractices\APR_proto\bm
ad_version\client\node_modules\react-dom\cjs\react-dom.development.
js:4277:31)
    at beginWork$1 (C:\Users\nmatton\OneDrive - Universit├® de Namu
r\PhD_Nicolas_Matton\AgilePractices\APR_proto\bmad_version\client\n
ode_modules\react-dom\cjs\react-dom.development.js:27451:7)
    at performUnitOfWork (C:\Users\nmatton\OneDrive - Universit├® 
de Namur\PhD_Nicolas_Matton\AgilePractices\APR_proto\bmad_version\c
lient\node_modules\react-dom\cjs\react-dom.development.js:26560:12)
 TypeError: Cannot read properties of undefined (reading 'length')
    at ActiveFilters [90m(C:\Users\nmatton\OneDrive - Universit├® 
de Namur\PhD_Nicolas_Matton\AgilePractices\APR_proto\bmad_version\c
lient\[39msrc\features\practices\components\ActiveFilters.tsx:15:4
3[90m)[39m
    at renderWithHooks [90m(C:\Users\nmatton\OneDrive - 
Universit├® de Namur\PhD_Nicolas_Matton\AgilePractices\APR_proto\bm
ad_version\client\[39mnode_modules\[4mreact-dom[24m\cjs\react-do
m.development.js:16305:18[90m)[39m
    at mountIndeterminateComponent [90m(C:\Users\nmatton\OneDrive 
- Universit├® de Namur\PhD_Nicolas_Matton\AgilePractices\APR_proto\
bmad_version\client\[39mnode_modules\[4mreact-dom[24m\cjs\react-
dom.development.js:20074:13[90m)[39m
    at beginWork [90m(C:\Users\nmatton\OneDrive - Universit├® de N
amur\PhD_Nicolas_Matton\AgilePractices\APR_proto\bmad_version\clien
t\[39mnode_modules\[4mreact-dom[24m\cjs\react-dom.development.js
:21587:16[90m)[39m
    at HTMLUnknownElement.callCallback 
[90m(C:\Users\nmatton\OneDrive - Universit├® de Namur\PhD_Nicolas_
Matton\AgilePractices\APR_proto\bmad_version\client\[39mnode_modul
es\[4mreact-dom[24m\cjs\react-dom.development.js:4164:14[90m)[3
9m
    at HTMLUnknownElement.callTheUserObjectsOperation 
[90m(C:\Users\nmatton\OneDrive - Universit├® de Namur\PhD_Nicolas_
Matton\AgilePractices\APR_proto\bmad_version\client\[39mnode_modul
es\[4mjsdom[24m\lib\jsdom\living\generated\EventListener.js:26:30
[90m)[39m
    at innerInvokeEventListeners [90m(C:\Users\nmatton\OneDrive - 
Universit├® de Namur\PhD_Nicolas_Matton\AgilePractices\APR_proto\bm
ad_version\client\[39mnode_modules\[4mjsdom[24m\lib\jsdom\living
\events\EventTarget-impl.js:350:25[90m)[39m
    at invokeEventListeners [90m(C:\Users\nmatton\OneDrive - 
Universit├® de Namur\PhD_Nicolas_Matton\AgilePractices\APR_proto\bm
ad_version\client\[39mnode_modules\[4mjsdom[24m\lib\jsdom\living
\events\EventTarget-impl.js:286:3[90m)[39m
    at HTMLUnknownElementImpl._dispatch 
[90m(C:\Users\nmatton\OneDrive - Universit├® de Namur\PhD_Nicolas_
Matton\AgilePractices\APR_proto\bmad_version\client\[39mnode_modul
es\[4mjsdom[24m\lib\jsdom\living\events\EventTarget-impl.js:233:9
[90m)[39m
    at HTMLUnknownElementImpl.dispatchEvent 
[90m(C:\Users\nmatton\OneDrive - Universit├® de Namur\PhD_Nicolas_
Matton\AgilePractices\APR_proto\bmad_version\client\[39mnode_modul
es\[4mjsdom[24m\lib\jsdom\living\events\EventTarget-impl.js:104:1
7[90m)[39m
Error: Uncaught [TypeError: Cannot read properties of undefined 
(reading 'includes')]
    at reportException (C:\Users\nmatton\OneDrive - Universit├® de 
Namur\PhD_Nicolas_Matton\AgilePractices\APR_proto\bmad_version\clie
nt\node_modules\jsdom\lib\jsdom\living\helpers\runtime-script-error
s.js:66:24)
    at innerInvokeEventListeners (C:\Users\nmatton\OneDrive - 
Universit├® de Namur\PhD_Nicolas_Matton\AgilePractices\APR_proto\bm
ad_version\client\node_modules\jsdom\lib\jsdom\living\events\EventT
arget-impl.js:353:9)
    at invokeEventListeners (C:\Users\nmatton\OneDrive - 
Universit├® de Namur\PhD_Nicolas_Matton\AgilePractices\APR_proto\bm
ad_version\client\node_modules\jsdom\lib\jsdom\living\events\EventT
arget-impl.js:286:3)
    at HTMLUnknownElementImpl._dispatch (C:\Users\nmatton\OneDrive 
- Universit├® de Namur\PhD_Nicolas_Matton\AgilePractices\APR_proto\
bmad_version\client\node_modules\jsdom\lib\jsdom\living\events\Even
tTarget-impl.js:233:9)
    at HTMLUnknownElementImpl.dispatchEvent 
(C:\Users\nmatton\OneDrive - Universit├® de Namur\PhD_Nicolas_Matto
n\AgilePractices\APR_proto\bmad_version\client\node_modules\jsdom\l
ib\jsdom\living\events\EventTarget-impl.js:104:17)
    at HTMLUnknownElement.dispatchEvent (C:\Users\nmatton\OneDrive 
- Universit├® de Namur\PhD_Nicolas_Matton\AgilePractices\APR_proto\
bmad_version\client\node_modules\jsdom\lib\jsdom\living\generated\E
ventTarget.js:241:34)
    at Object.invokeGuardedCallbackDev (C:\Users\nmatton\OneDrive 
- Universit├® de Namur\PhD_Nicolas_Matton\AgilePractices\APR_proto\
bmad_version\client\node_modules\react-dom\cjs\react-dom.developmen
t.js:4213:16)
    at invokeGuardedCallback (C:\Users\nmatton\OneDrive - 
Universit├® de Namur\PhD_Nicolas_Matton\AgilePractices\APR_proto\bm
ad_version\client\node_modules\react-dom\cjs\react-dom.development.
js:4277:31)
    at beginWork$1 (C:\Users\nmatton\OneDrive - Universit├® de Namu
r\PhD_Nicolas_Matton\AgilePractices\APR_proto\bmad_version\client\n
ode_modules\react-dom\cjs\react-dom.development.js:27451:7)
    at performUnitOfWork (C:\Users\nmatton\OneDrive - Universit├® 
de Namur\PhD_Nicolas_Matton\AgilePractices\APR_proto\bmad_version\c
lient\node_modules\react-dom\cjs\react-dom.development.js:26560:12)
 TypeError: Cannot read properties of undefined (reading 
'includes')
    at [90mC:\Users\nmatton\OneDrive - Universit├® de Namur\PhD_Ni
colas_Matton\AgilePractices\APR_proto\bmad_version\client\[39msrc\
features\practices\components\CategoryFilter.tsx:23:57
    at Array.map (<anonymous>)
    at CategoryFilter [90m(C:\Users\nmatton\OneDrive - 
Universit├® de Namur\PhD_Nicolas_Matton\AgilePractices\APR_proto\bm
ad_version\client\[39msrc\features\practices\components\CategoryFi
lter.tsx:19:29[90m)[39m
    at renderWithHooks [90m(C:\Users\nmatton\OneDrive - 
Universit├® de Namur\PhD_Nicolas_Matton\AgilePractices\APR_proto\bm
ad_version\client\[39mnode_modules\[4mreact-dom[24m\cjs\react-do
m.development.js:16305:18[90m)[39m
    at mountIndeterminateComponent [90m(C:\Users\nmatton\OneDrive 
- Universit├® de Namur\PhD_Nicolas_Matton\AgilePractices\APR_proto\
bmad_version\client\[39mnode_modules\[4mreact-dom[24m\cjs\react-
dom.development.js:20074:13[90m)[39m
    at beginWork [90m(C:\Users\nmatton\OneDrive - Universit├® de N
amur\PhD_Nicolas_Matton\AgilePractices\APR_proto\bmad_version\clien
t\[39mnode_modules\[4mreact-dom[24m\cjs\react-dom.development.js
:21587:16[90m)[39m
    at HTMLUnknownElement.callCallback 
[90m(C:\Users\nmatton\OneDrive - Universit├® de Namur\PhD_Nicolas_
Matton\AgilePractices\APR_proto\bmad_version\client\[39mnode_modul
es\[4mreact-dom[24m\cjs\react-dom.development.js:4164:14[90m)[3
9m
    at HTMLUnknownElement.callTheUserObjectsOperation 
[90m(C:\Users\nmatton\OneDrive - Universit├® de Namur\PhD_Nicolas_
Matton\AgilePractices\APR_proto\bmad_version\client\[39mnode_modul
es\[4mjsdom[24m\lib\jsdom\living\generated\EventListener.js:26:30
[90m)[39m
    at innerInvokeEventListeners [90m(C:\Users\nmatton\OneDrive - 
Universit├® de Namur\PhD_Nicolas_Matton\AgilePractices\APR_proto\bm
ad_version\client\[39mnode_modules\[4mjsdom[24m\lib\jsdom\living
\events\EventTarget-impl.js:350:25[90m)[39m
    at invokeEventListeners [90m(C:\Users\nmatton\OneDrive - 
Universit├® de Namur\PhD_Nicolas_Matton\AgilePractices\APR_proto\bm
ad_version\client\[39mnode_modules\[4mjsdom[24m\lib\jsdom\living
\events\EventTarget-impl.js:286:3[90m)[39m
Error: Uncaught [TypeError: Cannot read properties of undefined 
(reading 'includes')]
    at reportException (C:\Users\nmatton\OneDrive - Universit├® de 
Namur\PhD_Nicolas_Matton\AgilePractices\APR_proto\bmad_version\clie
nt\node_modules\jsdom\lib\jsdom\living\helpers\runtime-script-error
s.js:66:24)
    at innerInvokeEventListeners (C:\Users\nmatton\OneDrive - 
Universit├® de Namur\PhD_Nicolas_Matton\AgilePractices\APR_proto\bm
ad_version\client\node_modules\jsdom\lib\jsdom\living\events\EventT
arget-impl.js:353:9)
    at invokeEventListeners (C:\Users\nmatton\OneDrive - 
Universit├® de Namur\PhD_Nicolas_Matton\AgilePractices\APR_proto\bm
ad_version\client\node_modules\jsdom\lib\jsdom\living\events\EventT
arget-impl.js:286:3)
    at HTMLUnknownElementImpl._dispatch (C:\Users\nmatton\OneDrive 
- Universit├® de Namur\PhD_Nicolas_Matton\AgilePractices\APR_proto\
bmad_version\client\node_modules\jsdom\lib\jsdom\living\events\Even
tTarget-impl.js:233:9)
    at HTMLUnknownElementImpl.dispatchEvent 
(C:\Users\nmatton\OneDrive - Universit├® de Namur\PhD_Nicolas_Matto
n\AgilePractices\APR_proto\bmad_version\client\node_modules\jsdom\l
ib\jsdom\living\events\EventTarget-impl.js:104:17)
    at HTMLUnknownElement.dispatchEvent (C:\Users\nmatton\OneDrive 
- Universit├® de Namur\PhD_Nicolas_Matton\AgilePractices\APR_proto\
bmad_version\client\node_modules\jsdom\lib\jsdom\living\generated\E
ventTarget.js:241:34)
    at Object.invokeGuardedCallbackDev (C:\Users\nmatton\OneDrive 
- Universit├® de Namur\PhD_Nicolas_Matton\AgilePractices\APR_proto\
bmad_version\client\node_modules\react-dom\cjs\react-dom.developmen
t.js:4213:16)
    at invokeGuardedCallback (C:\Users\nmatton\OneDrive - 
Universit├® de Namur\PhD_Nicolas_Matton\AgilePractices\APR_proto\bm
ad_version\client\node_modules\react-dom\cjs\react-dom.development.
js:4277:31)
    at beginWork$1 (C:\Users\nmatton\OneDrive - Universit├® de Namu
r\PhD_Nicolas_Matton\AgilePractices\APR_proto\bmad_version\client\n
ode_modules\react-dom\cjs\react-dom.development.js:27451:7)
    at performUnitOfWork (C:\Users\nmatton\OneDrive - Universit├® 
de Namur\PhD_Nicolas_Matton\AgilePractices\APR_proto\bmad_version\c
lient\node_modules\react-dom\cjs\react-dom.development.js:26560:12)
 TypeError: Cannot read properties of undefined (reading 
'includes')
    at [90mC:\Users\nmatton\OneDrive - Universit├® de Namur\PhD_Ni
colas_Matton\AgilePractices\APR_proto\bmad_version\client\[39msrc\
features\practices\components\MethodFilter.tsx:24:54
    at Array.map (<anonymous>)
    at MethodFilter [90m(C:\Users\nmatton\OneDrive - Universit├® 
de Namur\PhD_Nicolas_Matton\AgilePractices\APR_proto\bmad_version\c
lient\[39msrc\features\practices\components\MethodFilter.tsx:20:26
[90m)[39m
    at renderWithHooks [90m(C:\Users\nmatton\OneDrive - 
Universit├® de Namur\PhD_Nicolas_Matton\AgilePractices\APR_proto\bm
ad_version\client\[39mnode_modules\[4mreact-dom[24m\cjs\react-do
m.development.js:16305:18[90m)[39m
    at mountIndeterminateComponent [90m(C:\Users\nmatton\OneDrive 
- Universit├® de Namur\PhD_Nicolas_Matton\AgilePractices\APR_proto\
bmad_version\client\[39mnode_modules\[4mreact-dom[24m\cjs\react-
dom.development.js:20074:13[90m)[39m
    at beginWork [90m(C:\Users\nmatton\OneDrive - Universit├® de N
amur\PhD_Nicolas_Matton\AgilePractices\APR_proto\bmad_version\clien
t\[39mnode_modules\[4mreact-dom[24m\cjs\react-dom.development.js
:21587:16[90m)[39m
    at HTMLUnknownElement.callCallback 
[90m(C:\Users\nmatton\OneDrive - Universit├® de Namur\PhD_Nicolas_
Matton\AgilePractices\APR_proto\bmad_version\client\[39mnode_modul
es\[4mreact-dom[24m\cjs\react-dom.development.js:4164:14[90m)[3
9m
    at HTMLUnknownElement.callTheUserObjectsOperation 
[90m(C:\Users\nmatton\OneDrive - Universit├® de Namur\PhD_Nicolas_
Matton\AgilePractices\APR_proto\bmad_version\client\[39mnode_modul
es\[4mjsdom[24m\lib\jsdom\living\generated\EventListener.js:26:30
[90m)[39m
    at innerInvokeEventListeners [90m(C:\Users\nmatton\OneDrive - 
Universit├® de Namur\PhD_Nicolas_Matton\AgilePractices\APR_proto\bm
ad_version\client\[39mnode_modules\[4mjsdom[24m\lib\jsdom\living
\events\EventTarget-impl.js:350:25[90m)[39m
    at invokeEventListeners [90m(C:\Users\nmatton\OneDrive - 
Universit├® de Namur\PhD_Nicolas_Matton\AgilePractices\APR_proto\bm
ad_version\client\[39mnode_modules\[4mjsdom[24m\lib\jsdom\living
\events\EventTarget-impl.js:286:3[90m)[39m
Error: Uncaught [TypeError: Cannot read properties of undefined 
(reading 'length')]
    at reportException (C:\Users\nmatton\OneDrive - Universit├® de 
Namur\PhD_Nicolas_Matton\AgilePractices\APR_proto\bmad_version\clie
nt\node_modules\jsdom\lib\jsdom\living\helpers\runtime-script-error
s.js:66:24)
    at innerInvokeEventListeners (C:\Users\nmatton\OneDrive - 
Universit├® de Namur\PhD_Nicolas_Matton\AgilePractices\APR_proto\bm
ad_version\client\node_modules\jsdom\lib\jsdom\living\events\EventT
arget-impl.js:353:9)
    at invokeEventListeners (C:\Users\nmatton\OneDrive - 
Universit├® de Namur\PhD_Nicolas_Matton\AgilePractices\APR_proto\bm
ad_version\client\node_modules\jsdom\lib\jsdom\living\events\EventT
arget-impl.js:286:3)
    at HTMLUnknownElementImpl._dispatch (C:\Users\nmatton\OneDrive 
- Universit├® de Namur\PhD_Nicolas_Matton\AgilePractices\APR_proto\
bmad_version\client\node_modules\jsdom\lib\jsdom\living\events\Even
tTarget-impl.js:233:9)
    at HTMLUnknownElementImpl.dispatchEvent 
(C:\Users\nmatton\OneDrive - Universit├® de Namur\PhD_Nicolas_Matto
n\AgilePractices\APR_proto\bmad_version\client\node_modules\jsdom\l
ib\jsdom\living\events\EventTarget-impl.js:104:17)
    at HTMLUnknownElement.dispatchEvent (C:\Users\nmatton\OneDrive 
- Universit├® de Namur\PhD_Nicolas_Matton\AgilePractices\APR_proto\
bmad_version\client\node_modules\jsdom\lib\jsdom\living\generated\E
ventTarget.js:241:34)
    at Object.invokeGuardedCallbackDev (C:\Users\nmatton\OneDrive 
- Universit├® de Namur\PhD_Nicolas_Matton\AgilePractices\APR_proto\
bmad_version\client\node_modules\react-dom\cjs\react-dom.developmen
t.js:4213:16)
    at invokeGuardedCallback (C:\Users\nmatton\OneDrive - 
Universit├® de Namur\PhD_Nicolas_Matton\AgilePractices\APR_proto\bm
ad_version\client\node_modules\react-dom\cjs\react-dom.development.
js:4277:31)
    at beginWork$1 (C:\Users\nmatton\OneDrive - Universit├® de Namu
r\PhD_Nicolas_Matton\AgilePractices\APR_proto\bmad_version\client\n
ode_modules\react-dom\cjs\react-dom.development.js:27451:7)
    at performUnitOfWork (C:\Users\nmatton\OneDrive - Universit├® 
de Namur\PhD_Nicolas_Matton\AgilePractices\APR_proto\bmad_version\c
lient\node_modules\react-dom\cjs\react-dom.development.js:26560:12)
 TypeError: Cannot read properties of undefined (reading 'length')
    at ActiveFilters [90m(C:\Users\nmatton\OneDrive - Universit├® 
de Namur\PhD_Nicolas_Matton\AgilePractices\APR_proto\bmad_version\c
lient\[39msrc\features\practices\components\ActiveFilters.tsx:15:4
3[90m)[39m
    at renderWithHooks [90m(C:\Users\nmatton\OneDrive - 
Universit├® de Namur\PhD_Nicolas_Matton\AgilePractices\APR_proto\bm
ad_version\client\[39mnode_modules\[4mreact-dom[24m\cjs\react-do
m.development.js:16305:18[90m)[39m
    at mountIndeterminateComponent [90m(C:\Users\nmatton\OneDrive 
- Universit├® de Namur\PhD_Nicolas_Matton\AgilePractices\APR_proto\
bmad_version\client\[39mnode_modules\[4mreact-dom[24m\cjs\react-
dom.development.js:20074:13[90m)[39m
    at beginWork [90m(C:\Users\nmatton\OneDrive - Universit├® de N
amur\PhD_Nicolas_Matton\AgilePractices\APR_proto\bmad_version\clien
t\[39mnode_modules\[4mreact-dom[24m\cjs\react-dom.development.js
:21587:16[90m)[39m
    at HTMLUnknownElement.callCallback 
[90m(C:\Users\nmatton\OneDrive - Universit├® de Namur\PhD_Nicolas_
Matton\AgilePractices\APR_proto\bmad_version\client\[39mnode_modul
es\[4mreact-dom[24m\cjs\react-dom.development.js:4164:14[90m)[3
9m
    at HTMLUnknownElement.callTheUserObjectsOperation 
[90m(C:\Users\nmatton\OneDrive - Universit├® de Namur\PhD_Nicolas_
Matton\AgilePractices\APR_proto\bmad_version\client\[39mnode_modul
es\[4mjsdom[24m\lib\jsdom\living\generated\EventListener.js:26:30
[90m)[39m
    at innerInvokeEventListeners [90m(C:\Users\nmatton\OneDrive - 
Universit├® de Namur\PhD_Nicolas_Matton\AgilePractices\APR_proto\bm
ad_version\client\[39mnode_modules\[4mjsdom[24m\lib\jsdom\living
\events\EventTarget-impl.js:350:25[90m)[39m
    at invokeEventListeners [90m(C:\Users\nmatton\OneDrive - 
Universit├® de Namur\PhD_Nicolas_Matton\AgilePractices\APR_proto\bm
ad_version\client\[39mnode_modules\[4mjsdom[24m\lib\jsdom\living
\events\EventTarget-impl.js:286:3[90m)[39m
    at HTMLUnknownElementImpl._dispatch 
[90m(C:\Users\nmatton\OneDrive - Universit├® de Namur\PhD_Nicolas_
Matton\AgilePractices\APR_proto\bmad_version\client\[39mnode_modul
es\[4mjsdom[24m\lib\jsdom\living\events\EventTarget-impl.js:233:9
[90m)[39m
    at HTMLUnknownElementImpl.dispatchEvent 
[90m(C:\Users\nmatton\OneDrive - Universit├® de Namur\PhD_Nicolas_
Matton\AgilePractices\APR_proto\bmad_version\client\[39mnode_modul
es\[4mjsdom[24m\lib\jsdom\living\events\EventTarget-impl.js:104:1
7[90m)[39m
The above error occurred in the <CategoryFilter> component:

    at CategoryFilter (C:\Users\nmatton\OneDrive - Universit├® de N
amur\PhD_Nicolas_Matton\AgilePractices\APR_proto\bmad_version\clien
t\src\features\practices\components\CategoryFilter.tsx:20:104)
    at div
    at div
    at div
    at div
    at main
    at div
    at PracticeCatalog (C:\Users\nmatton\OneDrive - Universit├® de 
Namur\PhD_Nicolas_Matton\AgilePractices\APR_proto\bmad_version\clie
nt\src\features\practices\pages\PracticeCatalog.tsx:59:73)
    at Router (file:///C:/Users/nmatton/OneDrive%20-%20Universit%C3
%A9%20de%20Namur/PhD_Nicolas_Matton/AgilePractices/APR_proto/bmad_v
ersion/client/node_modules/react-router/dist/development/chunk-EPOL
DU6W.mjs:6605:13)
    at MemoryRouter (file:///C:/Users/nmatton/OneDrive%20-%20Univer
sit%C3%A9%20de%20Namur/PhD_Nicolas_Matton/AgilePractices/APR_proto/
bmad_version/client/node_modules/react-router/dist/development/chun
k-EPOLDU6W.mjs:6521:3)

Consider adding an error boundary to your tree to customize error 
handling behavior.
Visit https://reactjs.org/link/error-boundaries to learn more 
about error boundaries.
The above error occurred in the <MethodFilter> component:

    at MethodFilter (C:\Users\nmatton\OneDrive - Universit├® de Nam
ur\PhD_Nicolas_Matton\AgilePractices\APR_proto\bmad_version\client\
src\features\practices\components\MethodFilter.tsx:21:101)
    at div
    at div
    at div
    at div
    at main
    at div
    at PracticeCatalog (C:\Users\nmatton\OneDrive - Universit├® de 
Namur\PhD_Nicolas_Matton\AgilePractices\APR_proto\bmad_version\clie
nt\src\features\practices\pages\PracticeCatalog.tsx:59:73)
    at Router (file:///C:/Users/nmatton/OneDrive%20-%20Universit%C3
%A9%20de%20Namur/PhD_Nicolas_Matton/AgilePractices/APR_proto/bmad_v
ersion/client/node_modules/react-router/dist/development/chunk-EPOL
DU6W.mjs:6605:13)
    at MemoryRouter (file:///C:/Users/nmatton/OneDrive%20-%20Univer
sit%C3%A9%20de%20Namur/PhD_Nicolas_Matton/AgilePractices/APR_proto/
bmad_version/client/node_modules/react-router/dist/development/chun
k-EPOLDU6W.mjs:6521:3)

Consider adding an error boundary to your tree to customize error 
handling behavior.
Visit https://reactjs.org/link/error-boundaries to learn more 
about error boundaries.
The above error occurred in the <ActiveFilters> component:

    at ActiveFilters (C:\Users\nmatton\OneDrive - Universit├® de Na
mur\PhD_Nicolas_Matton\AgilePractices\APR_proto\bmad_version\client
\src\features\practices\components\ActiveFilters.tsx:15:41)
    at div
    at div
    at div
    at main
    at div
    at PracticeCatalog (C:\Users\nmatton\OneDrive - Universit├® de 
Namur\PhD_Nicolas_Matton\AgilePractices\APR_proto\bmad_version\clie
nt\src\features\practices\pages\PracticeCatalog.tsx:59:73)
    at Router (file:///C:/Users/nmatton/OneDrive%20-%20Universit%C3
%A9%20de%20Namur/PhD_Nicolas_Matton/AgilePractices/APR_proto/bmad_v
ersion/client/node_modules/react-router/dist/development/chunk-EPOL
DU6W.mjs:6605:13)
    at MemoryRouter (file:///C:/Users/nmatton/OneDrive%20-%20Univer
sit%C3%A9%20de%20Namur/PhD_Nicolas_Matton/AgilePractices/APR_proto/
bmad_version/client/node_modules/react-router/dist/development/chun
k-EPOLDU6W.mjs:6521:3)

Consider adding an error boundary to your tree to customize error 
handling behavior.
Visit https://reactjs.org/link/error-boundaries to learn more 
about error boundaries.

[90mstderr[2m | 
src/features/practices/pages/PracticeCatalog.test.tsx[2m > 
[22m[2mPracticeCatalog[2m > [22m[2mshows toast when results 
update under active filters[22m[39m
Error: Uncaught [TypeError: Cannot read properties of undefined 
(reading 'includes')]
    at reportException (C:\Users\nmatton\OneDrive - Universit├® de 
Namur\PhD_Nicolas_Matton\AgilePractices\APR_proto\bmad_version\clie
nt\node_modules\jsdom\lib\jsdom\living\helpers\runtime-script-error
s.js:66:24)
    at innerInvokeEventListeners (C:\Users\nmatton\OneDrive - 
Universit├® de Namur\PhD_Nicolas_Matton\AgilePractices\APR_proto\bm
ad_version\client\node_modules\jsdom\lib\jsdom\living\events\EventT
arget-impl.js:353:9)
    at invokeEventListeners (C:\Users\nmatton\OneDrive - 
Universit├® de Namur\PhD_Nicolas_Matton\AgilePractices\APR_proto\bm
ad_version\client\node_modules\jsdom\lib\jsdom\living\events\EventT
arget-impl.js:286:3)
    at HTMLUnknownElementImpl._dispatch (C:\Users\nmatton\OneDrive 
- Universit├® de Namur\PhD_Nicolas_Matton\AgilePractices\APR_proto\
bmad_version\client\node_modules\jsdom\lib\jsdom\living\events\Even
tTarget-impl.js:233:9)
    at HTMLUnknownElementImpl.dispatchEvent 
(C:\Users\nmatton\OneDrive - Universit├® de Namur\PhD_Nicolas_Matto
n\AgilePractices\APR_proto\bmad_version\client\node_modules\jsdom\l
ib\jsdom\living\events\EventTarget-impl.js:104:17)
    at HTMLUnknownElement.dispatchEvent (C:\Users\nmatton\OneDrive 
- Universit├® de Namur\PhD_Nicolas_Matton\AgilePractices\APR_proto\
bmad_version\client\node_modules\jsdom\lib\jsdom\living\generated\E
ventTarget.js:241:34)
    at Object.invokeGuardedCallbackDev (C:\Users\nmatton\OneDrive 
- Universit├® de Namur\PhD_Nicolas_Matton\AgilePractices\APR_proto\
bmad_version\client\node_modules\react-dom\cjs\react-dom.developmen
t.js:4213:16)
    at invokeGuardedCallback (C:\Users\nmatton\OneDrive - 
Universit├® de Namur\PhD_Nicolas_Matton\AgilePractices\APR_proto\bm
ad_version\client\node_modules\react-dom\cjs\react-dom.development.
js:4277:31)
    at beginWork$1 (C:\Users\nmatton\OneDrive - Universit├® de Namu
r\PhD_Nicolas_Matton\AgilePractices\APR_proto\bmad_version\client\n
ode_modules\react-dom\cjs\react-dom.development.js:27451:7)
    at performUnitOfWork (C:\Users\nmatton\OneDrive - Universit├® 
de Namur\PhD_Nicolas_Matton\AgilePractices\APR_proto\bmad_version\c
lient\node_modules\react-dom\cjs\react-dom.development.js:26560:12)
 TypeError: Cannot read properties of undefined (reading 
'includes')
    at [90mC:\Users\nmatton\OneDrive - Universit├® de Namur\PhD_Ni
colas_Matton\AgilePractices\APR_proto\bmad_version\client\[39msrc\
features\practices\components\CategoryFilter.tsx:23:57
    at Array.map (<anonymous>)
    at CategoryFilter [90m(C:\Users\nmatton\OneDrive - 
Universit├® de Namur\PhD_Nicolas_Matton\AgilePractices\APR_proto\bm
ad_version\client\[39msrc\features\practices\components\CategoryFi
lter.tsx:19:29[90m)[39m
    at renderWithHooks [90m(C:\Users\nmatton\OneDrive - 
Universit├® de Namur\PhD_Nicolas_Matton\AgilePractices\APR_proto\bm
ad_version\client\[39mnode_modules\[4mreact-dom[24m\cjs\react-do
m.development.js:16305:18[90m)[39m
    at mountIndeterminateComponent [90m(C:\Users\nmatton\OneDrive 
- Universit├® de Namur\PhD_Nicolas_Matton\AgilePractices\APR_proto\
bmad_version\client\[39mnode_modules\[4mreact-dom[24m\cjs\react-
dom.development.js:20074:13[90m)[39m
    at beginWork [90m(C:\Users\nmatton\OneDrive - Universit├® de N
amur\PhD_Nicolas_Matton\AgilePractices\APR_proto\bmad_version\clien
t\[39mnode_modules\[4mreact-dom[24m\cjs\react-dom.development.js
:21587:16[90m)[39m
    at HTMLUnknownElement.callCallback 
[90m(C:\Users\nmatton\OneDrive - Universit├® de Namur\PhD_Nicolas_
Matton\AgilePractices\APR_proto\bmad_version\client\[39mnode_modul
es\[4mreact-dom[24m\cjs\react-dom.development.js:4164:14[90m)[3
9m
    at HTMLUnknownElement.callTheUserObjectsOperation 
[90m(C:\Users\nmatton\OneDrive - Universit├® de Namur\PhD_Nicolas_
Matton\AgilePractices\APR_proto\bmad_version\client\[39mnode_modul
es\[4mjsdom[24m\lib\jsdom\living\generated\EventListener.js:26:30
[90m)[39m
    at innerInvokeEventListeners [90m(C:\Users\nmatton\OneDrive - 
Universit├® de Namur\PhD_Nicolas_Matton\AgilePractices\APR_proto\bm
ad_version\client\[39mnode_modules\[4mjsdom[24m\lib\jsdom\living
\events\EventTarget-impl.js:350:25[90m)[39m
    at invokeEventListeners [90m(C:\Users\nmatton\OneDrive - 
Universit├® de Namur\PhD_Nicolas_Matton\AgilePractices\APR_proto\bm
ad_version\client\[39mnode_modules\[4mjsdom[24m\lib\jsdom\living
\events\EventTarget-impl.js:286:3[90m)[39m
Error: Uncaught [TypeError: Cannot read properties of undefined 
(reading 'includes')]
    at reportException (C:\Users\nmatton\OneDrive - Universit├® de 
Namur\PhD_Nicolas_Matton\AgilePractices\APR_proto\bmad_version\clie
nt\node_modules\jsdom\lib\jsdom\living\helpers\runtime-script-error
s.js:66:24)
    at innerInvokeEventListeners (C:\Users\nmatton\OneDrive - 
Universit├® de Namur\PhD_Nicolas_Matton\AgilePractices\APR_proto\bm
ad_version\client\node_modules\jsdom\lib\jsdom\living\events\EventT
arget-impl.js:353:9)
    at invokeEventListeners (C:\Users\nmatton\OneDrive - 
Universit├® de Namur\PhD_Nicolas_Matton\AgilePractices\APR_proto\bm
ad_version\client\node_modules\jsdom\lib\jsdom\living\events\EventT
arget-impl.js:286:3)
    at HTMLUnknownElementImpl._dispatch (C:\Users\nmatton\OneDrive 
- Universit├® de Namur\PhD_Nicolas_Matton\AgilePractices\APR_proto\
bmad_version\client\node_modules\jsdom\lib\jsdom\living\events\Even
tTarget-impl.js:233:9)
    at HTMLUnknownElementImpl.dispatchEvent 
(C:\Users\nmatton\OneDrive - Universit├® de Namur\PhD_Nicolas_Matto
n\AgilePractices\APR_proto\bmad_version\client\node_modules\jsdom\l
ib\jsdom\living\events\EventTarget-impl.js:104:17)
    at HTMLUnknownElement.dispatchEvent (C:\Users\nmatton\OneDrive 
- Universit├® de Namur\PhD_Nicolas_Matton\AgilePractices\APR_proto\
bmad_version\client\node_modules\jsdom\lib\jsdom\living\generated\E
ventTarget.js:241:34)
    at Object.invokeGuardedCallbackDev (C:\Users\nmatton\OneDrive 
- Universit├® de Namur\PhD_Nicolas_Matton\AgilePractices\APR_proto\
bmad_version\client\node_modules\react-dom\cjs\react-dom.developmen
t.js:4213:16)
    at invokeGuardedCallback (C:\Users\nmatton\OneDrive - 
Universit├® de Namur\PhD_Nicolas_Matton\AgilePractices\APR_proto\bm
ad_version\client\node_modules\react-dom\cjs\react-dom.development.
js:4277:31)
    at beginWork$1 (C:\Users\nmatton\OneDrive - Universit├® de Namu
r\PhD_Nicolas_Matton\AgilePractices\APR_proto\bmad_version\client\n
ode_modules\react-dom\cjs\react-dom.development.js:27451:7)
    at performUnitOfWork (C:\Users\nmatton\OneDrive - Universit├® 
de Namur\PhD_Nicolas_Matton\AgilePractices\APR_proto\bmad_version\c
lient\node_modules\react-dom\cjs\react-dom.development.js:26560:12)
 TypeError: Cannot read properties of undefined (reading 
'includes')
    at [90mC:\Users\nmatton\OneDrive - Universit├® de Namur\PhD_Ni
colas_Matton\AgilePractices\APR_proto\bmad_version\client\[39msrc\
features\practices\components\MethodFilter.tsx:24:54
    at Array.map (<anonymous>)
    at MethodFilter [90m(C:\Users\nmatton\OneDrive - Universit├® 
de Namur\PhD_Nicolas_Matton\AgilePractices\APR_proto\bmad_version\c
lient\[39msrc\features\practices\components\MethodFilter.tsx:20:26
[90m)[39m
    at renderWithHooks [90m(C:\Users\nmatton\OneDrive - 
Universit├® de Namur\PhD_Nicolas_Matton\AgilePractices\APR_proto\bm
ad_version\client\[39mnode_modules\[4mreact-dom[24m\cjs\react-do
m.development.js:16305:18[90m)[39m
    at mountIndeterminateComponent [90m(C:\Users\nmatton\OneDrive 
- Universit├® de Namur\PhD_Nicolas_Matton\AgilePractices\APR_proto\
bmad_version\client\[39mnode_modules\[4mreact-dom[24m\cjs\react-
dom.development.js:20074:13[90m)[39m
    at beginWork [90m(C:\Users\nmatton\OneDrive - Universit├® de N
amur\PhD_Nicolas_Matton\AgilePractices\APR_proto\bmad_version\clien
t\[39mnode_modules\[4mreact-dom[24m\cjs\react-dom.development.js
:21587:16[90m)[39m
    at HTMLUnknownElement.callCallback 
[90m(C:\Users\nmatton\OneDrive - Universit├® de Namur\PhD_Nicolas_
Matton\AgilePractices\APR_proto\bmad_version\client\[39mnode_modul
es\[4mreact-dom[24m\cjs\react-dom.development.js:4164:14[90m)[3
9m
    at HTMLUnknownElement.callTheUserObjectsOperation 
[90m(C:\Users\nmatton\OneDrive - Universit├® de Namur\PhD_Nicolas_
Matton\AgilePractices\APR_proto\bmad_version\client\[39mnode_modul
es\[4mjsdom[24m\lib\jsdom\living\generated\EventListener.js:26:30
[90m)[39m
    at innerInvokeEventListeners [90m(C:\Users\nmatton\OneDrive - 
Universit├® de Namur\PhD_Nicolas_Matton\AgilePractices\APR_proto\bm
ad_version\client\[39mnode_modules\[4mjsdom[24m\lib\jsdom\living
\events\EventTarget-impl.js:350:25[90m)[39m
    at invokeEventListeners [90m(C:\Users\nmatton\OneDrive - 
Universit├® de Namur\PhD_Nicolas_Matton\AgilePractices\APR_proto\bm
ad_version\client\[39mnode_modules\[4mjsdom[24m\lib\jsdom\living
\events\EventTarget-impl.js:286:3[90m)[39m
Error: Uncaught [TypeError: Cannot read properties of undefined 
(reading 'length')]
    at reportException (C:\Users\nmatton\OneDrive - Universit├® de 
Namur\PhD_Nicolas_Matton\AgilePractices\APR_proto\bmad_version\clie
nt\node_modules\jsdom\lib\jsdom\living\helpers\runtime-script-error
s.js:66:24)
    at innerInvokeEventListeners (C:\Users\nmatton\OneDrive - 
Universit├® de Namur\PhD_Nicolas_Matton\AgilePractices\APR_proto\bm
ad_version\client\node_modules\jsdom\lib\jsdom\living\events\EventT
arget-impl.js:353:9)
    at invokeEventListeners (C:\Users\nmatton\OneDrive - 
Universit├® de Namur\PhD_Nicolas_Matton\AgilePractices\APR_proto\bm
ad_version\client\node_modules\jsdom\lib\jsdom\living\events\EventT
arget-impl.js:286:3)
    at HTMLUnknownElementImpl._dispatch (C:\Users\nmatton\OneDrive 
- Universit├® de Namur\PhD_Nicolas_Matton\AgilePractices\APR_proto\
bmad_version\client\node_modules\jsdom\lib\jsdom\living\events\Even
tTarget-impl.js:233:9)
    at HTMLUnknownElementImpl.dispatchEvent 
(C:\Users\nmatton\OneDrive - Universit├® de Namur\PhD_Nicolas_Matto
n\AgilePractices\APR_proto\bmad_version\client\node_modules\jsdom\l
ib\jsdom\living\events\EventTarget-impl.js:104:17)
    at HTMLUnknownElement.dispatchEvent (C:\Users\nmatton\OneDrive 
- Universit├® de Namur\PhD_Nicolas_Matton\AgilePractices\APR_proto\
bmad_version\client\node_modules\jsdom\lib\jsdom\living\generated\E
ventTarget.js:241:34)
    at Object.invokeGuardedCallbackDev (C:\Users\nmatton\OneDrive 
- Universit├® de Namur\PhD_Nicolas_Matton\AgilePractices\APR_proto\
bmad_version\client\node_modules\react-dom\cjs\react-dom.developmen
t.js:4213:16)
    at invokeGuardedCallback (C:\Users\nmatton\OneDrive - 
Universit├® de Namur\PhD_Nicolas_Matton\AgilePractices\APR_proto\bm
ad_version\client\node_modules\react-dom\cjs\react-dom.development.
js:4277:31)
    at beginWork$1 (C:\Users\nmatton\OneDrive - Universit├® de Namu
r\PhD_Nicolas_Matton\AgilePractices\APR_proto\bmad_version\client\n
ode_modules\react-dom\cjs\react-dom.development.js:27451:7)
    at performUnitOfWork (C:\Users\nmatton\OneDrive - Universit├® 
de Namur\PhD_Nicolas_Matton\AgilePractices\APR_proto\bmad_version\c
lient\node_modules\react-dom\cjs\react-dom.development.js:26560:12)
 TypeError: Cannot read properties of undefined (reading 'length')
    at ActiveFilters [90m(C:\Users\nmatton\OneDrive - Universit├® 
de Namur\PhD_Nicolas_Matton\AgilePractices\APR_proto\bmad_version\c
lient\[39msrc\features\practices\components\ActiveFilters.tsx:15:4
3[90m)[39m
    at renderWithHooks [90m(C:\Users\nmatton\OneDrive - 
Universit├® de Namur\PhD_Nicolas_Matton\AgilePractices\APR_proto\bm
ad_version\client\[39mnode_modules\[4mreact-dom[24m\cjs\react-do
m.development.js:16305:18[90m)[39m
    at mountIndeterminateComponent [90m(C:\Users\nmatton\OneDrive 
- Universit├® de Namur\PhD_Nicolas_Matton\AgilePractices\APR_proto\
bmad_version\client\[39mnode_modules\[4mreact-dom[24m\cjs\react-
dom.development.js:20074:13[90m)[39m
    at beginWork [90m(C:\Users\nmatton\OneDrive - Universit├® de N
amur\PhD_Nicolas_Matton\AgilePractices\APR_proto\bmad_version\clien
t\[39mnode_modules\[4mreact-dom[24m\cjs\react-dom.development.js
:21587:16[90m)[39m
    at HTMLUnknownElement.callCallback 
[90m(C:\Users\nmatton\OneDrive - Universit├® de Namur\PhD_Nicolas_
Matton\AgilePractices\APR_proto\bmad_version\client\[39mnode_modul
es\[4mreact-dom[24m\cjs\react-dom.development.js:4164:14[90m)[3
9m
    at HTMLUnknownElement.callTheUserObjectsOperation 
[90m(C:\Users\nmatton\OneDrive - Universit├® de Namur\PhD_Nicolas_
Matton\AgilePractices\APR_proto\bmad_version\client\[39mnode_modul
es\[4mjsdom[24m\lib\jsdom\living\generated\EventListener.js:26:30
[90m)[39m
    at innerInvokeEventListeners [90m(C:\Users\nmatton\OneDrive - 
Universit├® de Namur\PhD_Nicolas_Matton\AgilePractices\APR_proto\bm
ad_version\client\[39mnode_modules\[4mjsdom[24m\lib\jsdom\living
\events\EventTarget-impl.js:350:25[90m)[39m
    at invokeEventListeners [90m(C:\Users\nmatton\OneDrive - 
Universit├® de Namur\PhD_Nicolas_Matton\AgilePractices\APR_proto\bm
ad_version\client\[39mnode_modules\[4mjsdom[24m\lib\jsdom\living
\events\EventTarget-impl.js:286:3[90m)[39m
    at HTMLUnknownElementImpl._dispatch 
[90m(C:\Users\nmatton\OneDrive - Universit├® de Namur\PhD_Nicolas_
Matton\AgilePractices\APR_proto\bmad_version\client\[39mnode_modul
es\[4mjsdom[24m\lib\jsdom\living\events\EventTarget-impl.js:233:9
[90m)[39m
    at HTMLUnknownElementImpl.dispatchEvent 
[90m(C:\Users\nmatton\OneDrive - Universit├® de Namur\PhD_Nicolas_
Matton\AgilePractices\APR_proto\bmad_version\client\[39mnode_modul
es\[4mjsdom[24m\lib\jsdom\living\events\EventTarget-impl.js:104:1
7[90m)[39m
Error: Uncaught [TypeError: Cannot read properties of undefined 
(reading 'includes')]
    at reportException (C:\Users\nmatton\OneDrive - Universit├® de 
Namur\PhD_Nicolas_Matton\AgilePractices\APR_proto\bmad_version\clie
nt\node_modules\jsdom\lib\jsdom\living\helpers\runtime-script-error
s.js:66:24)
    at innerInvokeEventListeners (C:\Users\nmatton\OneDrive - 
Universit├® de Namur\PhD_Nicolas_Matton\AgilePractices\APR_proto\bm
ad_version\client\node_modules\jsdom\lib\jsdom\living\events\EventT
arget-impl.js:353:9)
    at invokeEventListeners (C:\Users\nmatton\OneDrive - 
Universit├® de Namur\PhD_Nicolas_Matton\AgilePractices\APR_proto\bm
ad_version\client\node_modules\jsdom\lib\jsdom\living\events\EventT
arget-impl.js:286:3)
    at HTMLUnknownElementImpl._dispatch (C:\Users\nmatton\OneDrive 
- Universit├® de Namur\PhD_Nicolas_Matton\AgilePractices\APR_proto\
bmad_version\client\node_modules\jsdom\lib\jsdom\living\events\Even
tTarget-impl.js:233:9)
    at HTMLUnknownElementImpl.dispatchEvent 
(C:\Users\nmatton\OneDrive - Universit├® de Namur\PhD_Nicolas_Matto
n\AgilePractices\APR_proto\bmad_version\client\node_modules\jsdom\l
ib\jsdom\living\events\EventTarget-impl.js:104:17)
    at HTMLUnknownElement.dispatchEvent (C:\Users\nmatton\OneDrive 
- Universit├® de Namur\PhD_Nicolas_Matton\AgilePractices\APR_proto\
bmad_version\client\node_modules\jsdom\lib\jsdom\living\generated\E
ventTarget.js:241:34)
    at Object.invokeGuardedCallbackDev (C:\Users\nmatton\OneDrive 
- Universit├® de Namur\PhD_Nicolas_Matton\AgilePractices\APR_proto\
bmad_version\client\node_modules\react-dom\cjs\react-dom.developmen
t.js:4213:16)
    at invokeGuardedCallback (C:\Users\nmatton\OneDrive - 
Universit├® de Namur\PhD_Nicolas_Matton\AgilePractices\APR_proto\bm
ad_version\client\node_modules\react-dom\cjs\react-dom.development.
js:4277:31)
    at beginWork$1 (C:\Users\nmatton\OneDrive - Universit├® de Namu
r\PhD_Nicolas_Matton\AgilePractices\APR_proto\bmad_version\client\n
ode_modules\react-dom\cjs\react-dom.development.js:27451:7)
    at performUnitOfWork (C:\Users\nmatton\OneDrive - Universit├® 
de Namur\PhD_Nicolas_Matton\AgilePractices\APR_proto\bmad_version\c
lient\node_modules\react-dom\cjs\react-dom.development.js:26560:12)
 TypeError: Cannot read properties of undefined (reading 
'includes')
    at [90mC:\Users\nmatton\OneDrive - Universit├® de Namur\PhD_Ni
colas_Matton\AgilePractices\APR_proto\bmad_version\client\[39msrc\
features\practices\components\CategoryFilter.tsx:23:57
    at Array.map (<anonymous>)
    at CategoryFilter [90m(C:\Users\nmatton\OneDrive - 
Universit├® de Namur\PhD_Nicolas_Matton\AgilePractices\APR_proto\bm
ad_version\client\[39msrc\features\practices\components\CategoryFi
lter.tsx:19:29[90m)[39m
    at renderWithHooks [90m(C:\Users\nmatton\OneDrive - 
Universit├® de Namur\PhD_Nicolas_Matton\AgilePractices\APR_proto\bm
ad_version\client\[39mnode_modules\[4mreact-dom[24m\cjs\react-do
m.development.js:16305:18[90m)[39m
    at mountIndeterminateComponent [90m(C:\Users\nmatton\OneDrive 
- Universit├® de Namur\PhD_Nicolas_Matton\AgilePractices\APR_proto\
bmad_version\client\[39mnode_modules\[4mreact-dom[24m\cjs\react-
dom.development.js:20074:13[90m)[39m
    at beginWork [90m(C:\Users\nmatton\OneDrive - Universit├® de N
amur\PhD_Nicolas_Matton\AgilePractices\APR_proto\bmad_version\clien
t\[39mnode_modules\[4mreact-dom[24m\cjs\react-dom.development.js
:21587:16[90m)[39m
    at HTMLUnknownElement.callCallback 
[90m(C:\Users\nmatton\OneDrive - Universit├® de Namur\PhD_Nicolas_
Matton\AgilePractices\APR_proto\bmad_version\client\[39mnode_modul
es\[4mreact-dom[24m\cjs\react-dom.development.js:4164:14[90m)[3
9m
    at HTMLUnknownElement.callTheUserObjectsOperation 
[90m(C:\Users\nmatton\OneDrive - Universit├® de Namur\PhD_Nicolas_
Matton\AgilePractices\APR_proto\bmad_version\client\[39mnode_modul
es\[4mjsdom[24m\lib\jsdom\living\generated\EventListener.js:26:30
[90m)[39m
    at innerInvokeEventListeners [90m(C:\Users\nmatton\OneDrive - 
Universit├® de Namur\PhD_Nicolas_Matton\AgilePractices\APR_proto\bm
ad_version\client\[39mnode_modules\[4mjsdom[24m\lib\jsdom\living
\events\EventTarget-impl.js:350:25[90m)[39m
    at invokeEventListeners [90m(C:\Users\nmatton\OneDrive - 
Universit├® de Namur\PhD_Nicolas_Matton\AgilePractices\APR_proto\bm
ad_version\client\[39mnode_modules\[4mjsdom[24m\lib\jsdom\living
\events\EventTarget-impl.js:286:3[90m)[39m
Error: Uncaught [TypeError: Cannot read properties of undefined 
(reading 'includes')]
    at reportException (C:\Users\nmatton\OneDrive - Universit├® de 
Namur\PhD_Nicolas_Matton\AgilePractices\APR_proto\bmad_version\clie
nt\node_modules\jsdom\lib\jsdom\living\helpers\runtime-script-error
s.js:66:24)
    at innerInvokeEventListeners (C:\Users\nmatton\OneDrive - 
Universit├® de Namur\PhD_Nicolas_Matton\AgilePractices\APR_proto\bm
ad_version\client\node_modules\jsdom\lib\jsdom\living\events\EventT
arget-impl.js:353:9)
    at invokeEventListeners (C:\Users\nmatton\OneDrive - 
Universit├® de Namur\PhD_Nicolas_Matton\AgilePractices\APR_proto\bm
ad_version\client\node_modules\jsdom\lib\jsdom\living\events\EventT
arget-impl.js:286:3)
    at HTMLUnknownElementImpl._dispatch (C:\Users\nmatton\OneDrive 
- Universit├® de Namur\PhD_Nicolas_Matton\AgilePractices\APR_proto\
bmad_version\client\node_modules\jsdom\lib\jsdom\living\events\Even
tTarget-impl.js:233:9)
    at HTMLUnknownElementImpl.dispatchEvent 
(C:\Users\nmatton\OneDrive - Universit├® de Namur\PhD_Nicolas_Matto
n\AgilePractices\APR_proto\bmad_version\client\node_modules\jsdom\l
ib\jsdom\living\events\EventTarget-impl.js:104:17)
    at HTMLUnknownElement.dispatchEvent (C:\Users\nmatton\OneDrive 
- Universit├® de Namur\PhD_Nicolas_Matton\AgilePractices\APR_proto\
bmad_version\client\node_modules\jsdom\lib\jsdom\living\generated\E
ventTarget.js:241:34)
    at Object.invokeGuardedCallbackDev (C:\Users\nmatton\OneDrive 
- Universit├® de Namur\PhD_Nicolas_Matton\AgilePractices\APR_proto\
bmad_version\client\node_modules\react-dom\cjs\react-dom.developmen
t.js:4213:16)
    at invokeGuardedCallback (C:\Users\nmatton\OneDrive - 
Universit├® de Namur\PhD_Nicolas_Matton\AgilePractices\APR_proto\bm
ad_version\client\node_modules\react-dom\cjs\react-dom.development.
js:4277:31)
    at beginWork$1 (C:\Users\nmatton\OneDrive - Universit├® de Namu
r\PhD_Nicolas_Matton\AgilePractices\APR_proto\bmad_version\client\n
ode_modules\react-dom\cjs\react-dom.development.js:27451:7)
    at performUnitOfWork (C:\Users\nmatton\OneDrive - Universit├® 
de Namur\PhD_Nicolas_Matton\AgilePractices\APR_proto\bmad_version\c
lient\node_modules\react-dom\cjs\react-dom.development.js:26560:12)
 TypeError: Cannot read properties of undefined (reading 
'includes')
    at [90mC:\Users\nmatton\OneDrive - Universit├® de Namur\PhD_Ni
colas_Matton\AgilePractices\APR_proto\bmad_version\client\[39msrc\
features\practices\components\MethodFilter.tsx:24:54
    at Array.map (<anonymous>)
    at MethodFilter [90m(C:\Users\nmatton\OneDrive - Universit├® 
de Namur\PhD_Nicolas_Matton\AgilePractices\APR_proto\bmad_version\c
lient\[39msrc\features\practices\components\MethodFilter.tsx:20:26
[90m)[39m
    at renderWithHooks [90m(C:\Users\nmatton\OneDrive - 
Universit├® de Namur\PhD_Nicolas_Matton\AgilePractices\APR_proto\bm
ad_version\client\[39mnode_modules\[4mreact-dom[24m\cjs\react-do
m.development.js:16305:18[90m)[39m
    at mountIndeterminateComponent [90m(C:\Users\nmatton\OneDrive 
- Universit├® de Namur\PhD_Nicolas_Matton\AgilePractices\APR_proto\
bmad_version\client\[39mnode_modules\[4mreact-dom[24m\cjs\react-
dom.development.js:20074:13[90m)[39m
    at beginWork [90m(C:\Users\nmatton\OneDrive - Universit├® de N
amur\PhD_Nicolas_Matton\AgilePractices\APR_proto\bmad_version\clien
t\[39mnode_modules\[4mreact-dom[24m\cjs\react-dom.development.js
:21587:16[90m)[39m
    at HTMLUnknownElement.callCallback 
[90m(C:\Users\nmatton\OneDrive - Universit├® de Namur\PhD_Nicolas_
Matton\AgilePractices\APR_proto\bmad_version\client\[39mnode_modul
es\[4mreact-dom[24m\cjs\react-dom.development.js:4164:14[90m)[3
9m
    at HTMLUnknownElement.callTheUserObjectsOperation 
[90m(C:\Users\nmatton\OneDrive - Universit├® de Namur\PhD_Nicolas_
Matton\AgilePractices\APR_proto\bmad_version\client\[39mnode_modul
es\[4mjsdom[24m\lib\jsdom\living\generated\EventListener.js:26:30
[90m)[39m
    at innerInvokeEventListeners [90m(C:\Users\nmatton\OneDrive - 
Universit├® de Namur\PhD_Nicolas_Matton\AgilePractices\APR_proto\bm
ad_version\client\[39mnode_modules\[4mjsdom[24m\lib\jsdom\living
\events\EventTarget-impl.js:350:25[90m)[39m
    at invokeEventListeners [90m(C:\Users\nmatton\OneDrive - 
Universit├® de Namur\PhD_Nicolas_Matton\AgilePractices\APR_proto\bm
ad_version\client\[39mnode_modules\[4mjsdom[24m\lib\jsdom\living
\events\EventTarget-impl.js:286:3[90m)[39m
Error: Uncaught [TypeError: Cannot read properties of undefined 
(reading 'length')]
    at reportException (C:\Users\nmatton\OneDrive - Universit├® de 
Namur\PhD_Nicolas_Matton\AgilePractices\APR_proto\bmad_version\clie
nt\node_modules\jsdom\lib\jsdom\living\helpers\runtime-script-error
s.js:66:24)
    at innerInvokeEventListeners (C:\Users\nmatton\OneDrive - 
Universit├® de Namur\PhD_Nicolas_Matton\AgilePractices\APR_proto\bm
ad_version\client\node_modules\jsdom\lib\jsdom\living\events\EventT
arget-impl.js:353:9)
    at invokeEventListeners (C:\Users\nmatton\OneDrive - 
Universit├® de Namur\PhD_Nicolas_Matton\AgilePractices\APR_proto\bm
ad_version\client\node_modules\jsdom\lib\jsdom\living\events\EventT
arget-impl.js:286:3)
    at HTMLUnknownElementImpl._dispatch (C:\Users\nmatton\OneDrive 
- Universit├® de Namur\PhD_Nicolas_Matton\AgilePractices\APR_proto\
bmad_version\client\node_modules\jsdom\lib\jsdom\living\events\Even
tTarget-impl.js:233:9)
    at HTMLUnknownElementImpl.dispatchEvent 
(C:\Users\nmatton\OneDrive - Universit├® de Namur\PhD_Nicolas_Matto
n\AgilePractices\APR_proto\bmad_version\client\node_modules\jsdom\l
ib\jsdom\living\events\EventTarget-impl.js:104:17)
    at HTMLUnknownElement.dispatchEvent (C:\Users\nmatton\OneDrive 
- Universit├® de Namur\PhD_Nicolas_Matton\AgilePractices\APR_proto\
bmad_version\client\node_modules\jsdom\lib\jsdom\living\generated\E
ventTarget.js:241:34)
    at Object.invokeGuardedCallbackDev (C:\Users\nmatton\OneDrive 
- Universit├® de Namur\PhD_Nicolas_Matton\AgilePractices\APR_proto\
bmad_version\client\node_modules\react-dom\cjs\react-dom.developmen
t.js:4213:16)
    at invokeGuardedCallback (C:\Users\nmatton\OneDrive - 
Universit├® de Namur\PhD_Nicolas_Matton\AgilePractices\APR_proto\bm
ad_version\client\node_modules\react-dom\cjs\react-dom.development.
js:4277:31)
    at beginWork$1 (C:\Users\nmatton\OneDrive - Universit├® de Namu
r\PhD_Nicolas_Matton\AgilePractices\APR_proto\bmad_version\client\n
ode_modules\react-dom\cjs\react-dom.development.js:27451:7)
    at performUnitOfWork (C:\Users\nmatton\OneDrive - Universit├® 
de Namur\PhD_Nicolas_Matton\AgilePractices\APR_proto\bmad_version\c
lient\node_modules\react-dom\cjs\react-dom.development.js:26560:12)
 TypeError: Cannot read properties of undefined (reading 'length')
    at ActiveFilters [90m(C:\Users\nmatton\OneDrive - Universit├® 
de Namur\PhD_Nicolas_Matton\AgilePractices\APR_proto\bmad_version\c
lient\[39msrc\features\practices\components\ActiveFilters.tsx:15:4
3[90m)[39m
    at renderWithHooks [90m(C:\Users\nmatton\OneDrive - 
Universit├® de Namur\PhD_Nicolas_Matton\AgilePractices\APR_proto\bm
ad_version\client\[39mnode_modules\[4mreact-dom[24m\cjs\react-do
m.development.js:16305:18[90m)[39m
    at mountIndeterminateComponent [90m(C:\Users\nmatton\OneDrive 
- Universit├® de Namur\PhD_Nicolas_Matton\AgilePractices\APR_proto\
bmad_version\client\[39mnode_modules\[4mreact-dom[24m\cjs\react-
dom.development.js:20074:13[90m)[39m
    at beginWork [90m(C:\Users\nmatton\OneDrive - Universit├® de N
amur\PhD_Nicolas_Matton\AgilePractices\APR_proto\bmad_version\clien
t\[39mnode_modules\[4mreact-dom[24m\cjs\react-dom.development.js
:21587:16[90m)[39m
    at HTMLUnknownElement.callCallback 
[90m(C:\Users\nmatton\OneDrive - Universit├® de Namur\PhD_Nicolas_
Matton\AgilePractices\APR_proto\bmad_version\client\[39mnode_modul
es\[4mreact-dom[24m\cjs\react-dom.development.js:4164:14[90m)[3
9m
    at HTMLUnknownElement.callTheUserObjectsOperation 
[90m(C:\Users\nmatton\OneDrive - Universit├® de Namur\PhD_Nicolas_
Matton\AgilePractices\APR_proto\bmad_version\client\[39mnode_modul
es\[4mjsdom[24m\lib\jsdom\living\generated\EventListener.js:26:30
[90m)[39m
    at innerInvokeEventListeners [90m(C:\Users\nmatton\OneDrive - 
Universit├® de Namur\PhD_Nicolas_Matton\AgilePractices\APR_proto\bm
ad_version\client\[39mnode_modules\[4mjsdom[24m\lib\jsdom\living
\events\EventTarget-impl.js:350:25[90m)[39m
    at invokeEventListeners [90m(C:\Users\nmatton\OneDrive - 
Universit├® de Namur\PhD_Nicolas_Matton\AgilePractices\APR_proto\bm
ad_version\client\[39mnode_modules\[4mjsdom[24m\lib\jsdom\living
\events\EventTarget-impl.js:286:3[90m)[39m
    at HTMLUnknownElementImpl._dispatch 
[90m(C:\Users\nmatton\OneDrive - Universit├® de Namur\PhD_Nicolas_
Matton\AgilePractices\APR_proto\bmad_version\client\[39mnode_modul
es\[4mjsdom[24m\lib\jsdom\living\events\EventTarget-impl.js:233:9
[90m)[39m
    at HTMLUnknownElementImpl.dispatchEvent 
[90m(C:\Users\nmatton\OneDrive - Universit├® de Namur\PhD_Nicolas_
Matton\AgilePractices\APR_proto\bmad_version\client\[39mnode_modul
es\[4mjsdom[24m\lib\jsdom\living\events\EventTarget-impl.js:104:1
7[90m)[39m
The above error occurred in the <CategoryFilter> component:

    at CategoryFilter (C:\Users\nmatton\OneDrive - Universit├® de N
amur\PhD_Nicolas_Matton\AgilePractices\APR_proto\bmad_version\clien
t\src\features\practices\components\CategoryFilter.tsx:20:104)
    at div
    at div
    at div
    at div
    at main
    at div
    at PracticeCatalog (C:\Users\nmatton\OneDrive - Universit├® de 
Namur\PhD_Nicolas_Matton\AgilePractices\APR_proto\bmad_version\clie
nt\src\features\practices\pages\PracticeCatalog.tsx:59:73)
    at Router (file:///C:/Users/nmatton/OneDrive%20-%20Universit%C3
%A9%20de%20Namur/PhD_Nicolas_Matton/AgilePractices/APR_proto/bmad_v
ersion/client/node_modules/react-router/dist/development/chunk-EPOL
DU6W.mjs:6605:13)
    at MemoryRouter (file:///C:/Users/nmatton/OneDrive%20-%20Univer
sit%C3%A9%20de%20Namur/PhD_Nicolas_Matton/AgilePractices/APR_proto/
bmad_version/client/node_modules/react-router/dist/development/chun
k-EPOLDU6W.mjs:6521:3)

Consider adding an error boundary to your tree to customize error 
handling behavior.
Visit https://reactjs.org/link/error-boundaries to learn more 
about error boundaries.
The above error occurred in the <MethodFilter> component:

    at MethodFilter (C:\Users\nmatton\OneDrive - Universit├® de Nam
ur\PhD_Nicolas_Matton\AgilePractices\APR_proto\bmad_version\client\
src\features\practices\components\MethodFilter.tsx:21:101)
    at div
    at div
    at div
    at div
    at main
    at div
    at PracticeCatalog (C:\Users\nmatton\OneDrive - Universit├® de 
Namur\PhD_Nicolas_Matton\AgilePractices\APR_proto\bmad_version\clie
nt\src\features\practices\pages\PracticeCatalog.tsx:59:73)
    at Router (file:///C:/Users/nmatton/OneDrive%20-%20Universit%C3
%A9%20de%20Namur/PhD_Nicolas_Matton/AgilePractices/APR_proto/bmad_v
ersion/client/node_modules/react-router/dist/development/chunk-EPOL
DU6W.mjs:6605:13)
    at MemoryRouter (file:///C:/Users/nmatton/OneDrive%20-%20Univer
sit%C3%A9%20de%20Namur/PhD_Nicolas_Matton/AgilePractices/APR_proto/
bmad_version/client/node_modules/react-router/dist/development/chun
k-EPOLDU6W.mjs:6521:3)

Consider adding an error boundary to your tree to customize error 
handling behavior.
Visit https://reactjs.org/link/error-boundaries to learn more 
about error boundaries.
The above error occurred in the <ActiveFilters> component:

    at ActiveFilters (C:\Users\nmatton\OneDrive - Universit├® de Na
mur\PhD_Nicolas_Matton\AgilePractices\APR_proto\bmad_version\client
\src\features\practices\components\ActiveFilters.tsx:15:41)
    at div
    at div
    at div
    at main
    at div
    at PracticeCatalog (C:\Users\nmatton\OneDrive - Universit├® de 
Namur\PhD_Nicolas_Matton\AgilePractices\APR_proto\bmad_version\clie
nt\src\features\practices\pages\PracticeCatalog.tsx:59:73)
    at Router (file:///C:/Users/nmatton/OneDrive%20-%20Universit%C3
%A9%20de%20Namur/PhD_Nicolas_Matton/AgilePractices/APR_proto/bmad_v
ersion/client/node_modules/react-router/dist/development/chunk-EPOL
DU6W.mjs:6605:13)
    at MemoryRouter (file:///C:/Users/nmatton/OneDrive%20-%20Univer
sit%C3%A9%20de%20Namur/PhD_Nicolas_Matton/AgilePractices/APR_proto/
bmad_version/client/node_modules/react-router/dist/development/chun
k-EPOLDU6W.mjs:6521:3)

Consider adding an error boundary to your tree to customize error 
handling behavior.
Visit https://reactjs.org/link/error-boundaries to learn more 
about error boundaries.


[31mÔÄ»ÔÄ»ÔÄ»ÔÄ»ÔÄ»ÔÄ»ÔÄ»[1m[7m Failed Tests 9 
[27m[22mÔÄ»ÔÄ»ÔÄ»ÔÄ»ÔÄ»ÔÄ»ÔÄ»[39m

[31m[1m[7m FAIL [27m[22m[39m 
src/features/practices/pages/PracticeCatalog.test.tsx[2m > 
[22mPracticeCatalog[2m > [22mrenders practices list
[31m[1m[7m FAIL [27m[22m[39m 
src/features/practices/pages/PracticeCatalog.test.tsx[2m > 
[22mPracticeCatalog[2m > [22mshows empty state when no practices
[31m[1m[7m FAIL [27m[22m[39m 
src/features/practices/pages/PracticeCatalog.test.tsx[2m > 
[22mPracticeCatalog[2m > [22mshows search empty state message 
with query
[31m[1m[7m FAIL [27m[22m[39m 
src/features/practices/pages/PracticeCatalog.test.tsx[2m > 
[22mPracticeCatalog[2m > [22mdebounces search input and updates 
query
[31m[1m[7m FAIL [27m[22m[39m 
src/features/practices/pages/PracticeCatalog.test.tsx[2m > 
[22mPracticeCatalog[2m > [22mclears search input when clicking 
the clear button
[31m[1m[7m FAIL [27m[22m[39m 
src/features/practices/pages/PracticeCatalog.test.tsx[2m > 
[22mPracticeCatalog[2m > [22mshows pillar dropdown options and 
toggles selection
[31m[1m[7m FAIL [27m[22m[39m 
src/features/practices/pages/PracticeCatalog.test.tsx[2m > 
[22mPracticeCatalog[2m > [22mallows multiple pillar selection
[31m[1m[7m FAIL [27m[22m[39m 
src/features/practices/pages/PracticeCatalog.test.tsx[2m > 
[22mPracticeCatalog[2m > [22mclears filters from the active 
filters section
[31m[1m[7m FAIL [27m[22m[39m 
src/features/practices/pages/PracticeCatalog.test.tsx[2m > 
[22mPracticeCatalog[2m > [22mshows toast when results update 
under active filters
[31m[1mTypeError[22m: Cannot read properties of undefined 
(reading 'includes')[39m
[36m [2mÔØ»[22m src/features/practices/components/CategoryFilter
.tsx:[2m23:57[22m[39m
    [90m 21| [39m                        <input
    [90m 22| [39m                            type="checkbox"
    [90m 23| [39m                            
checked={selectedCategories.includes(categÔÇª
    [90m   | [39m                                                
        [31m^[39m
    [90m 24| [39m                            onChange={() => 
toggleCategory(category.idÔÇª
    [90m 25| [39m                            className="rounded 
border-gray-300 text-blÔÇª
[90m [2mÔØ»[22m CategoryFilter src/features/practices/components
/CategoryFilter.tsx:[2m19:29[22m[39m
[90m [2mÔØ»[22m renderWithHooks node_modules/react-dom/cjs/react
-dom.development.js:[2m16305:18[22m[39m
[90m [2mÔØ»[22m mountIndeterminateComponent node_modules/react-d
om/cjs/react-dom.development.js:[2m20074:13[22m[39m
[90m [2mÔØ»[22m beginWork node_modules/react-dom/cjs/react-dom.d
evelopment.js:[2m21587:16[22m[39m
[90m [2mÔØ»[22m beginWork$1 node_modules/react-dom/cjs/react-dom
.development.js:[2m27426:14[22m[39m
[90m [2mÔØ»[22m performUnitOfWork node_modules/react-dom/cjs/rea
ct-dom.development.js:[2m26560:12[22m[39m
[90m [2mÔØ»[22m workLoopSync node_modules/react-dom/cjs/react-do
m.development.js:[2m26466:5[22m[39m
[90m [2mÔØ»[22m renderRootSync node_modules/react-dom/cjs/react-
dom.development.js:[2m26434:7[22m[39m

[31m[2mÔÄ»ÔÄ»ÔÄ»ÔÄ»ÔÄ»ÔÄ»ÔÄ»ÔÄ»ÔÄ»ÔÄ»ÔÄ»ÔÄ»ÔÄ»ÔÄ»ÔÄ»ÔÄ»ÔÄ»ÔÄ»ÔÄ»Ô
Ä»ÔÄ»ÔÄ»ÔÄ»ÔÄ»[1/9]ÔÄ»[22m[39m

[2m Test Files [22m [1m[31m1 failed[39m[22m[90m (1)[39m
[2m      Tests [22m [1m[31m9 failed[39m[22m[2m | [22m[1m[32m2 passed[39m[22m[90m (11)[39m
[2m   Start at [22m 16:02:29
[2m   Duration [22m 2.91s[2m (transform 357ms, setup 132ms, collect 471ms, tests 205ms, environment 772ms, prepare 237ms)[22m

