
> aapr-server@1.0.0 test
> jest src/services/issue.service.test.ts

node.exe : FAIL src/services/issue.service.test.ts
Au caractère C:\Users\nmatton\AppData\Roaming\npm\npm.ps1:24 : 5
+     & "node$exe"  "$basedir/node_modules/npm/bin/npm-cli.js" $args
+     ~~~~~~~~~~~~~~~~~~~~~~~~~~~~~~~~~~~~~~~~~~~~~~~~~~~~~~~~~~~~~~
    + CategoryInfo          : NotSpecified: (FAIL src/services/issue.ser 
   vice.test.ts:String) [], RemoteException
    + FullyQualifiedErrorId : NativeCommandError
 
  IssueService
    createIssue
      ÔêÜ should create an issue, link practices, and log event in a 
transaction (5 ms)
      ÔêÜ should throw error if title is too short (20 ms)
      ÔêÜ should throw error if practice is not enabled for the team (1 
ms)
    addComment
      ÔêÜ should create comment and log event if user is member (2 ms)
      ÔêÜ should throw forbidden if user is not team member (2 ms)
  getIssueDetails
    ÔêÜ should return issue details and history (1 ms)
    ÔêÜ should throw 404 if issue not found
  getIssues
    ÔêÜ should return mapped issues list (1 ms)
  getIssueStats
    ├ù should return issue stats by status (4 ms)

  ÔùÅ getIssueStats ÔÇ║ should return issue stats by status

    expect(received).toEqual(expected) // deep equality

    - Expected  - 2
    + Received  + 2

      Object {
        "byStatus": Object {
    -     "done": 10,
    -     "in_progress": 3,
    +     "done": 0,
    +     "in_progress": 0,
          "open": 5,
        },
        "total": 18,
      }

    [0m [90m 278 |[39m
     [90m 279 |[39m         expect(issueRepo[33m.[39mcountByStatus)[
33m.[39mtoHaveBeenCalledWith(teamId)[33m;[39m
    [31m[1m>[22m[39m[90m 280 |[39m         
expect(result)[33m.[39mtoEqual({
     [90m     |[39m                        [31m[1m^[22m[39m
     [90m 281 |[39m             total[33m:[39m 
[35m18[39m[33m,[39m
     [90m 282 |[39m             byStatus[33m:[39m {
     [90m 283 |[39m                 open[33m:[39m 
[35m5[39m[33m,[39m[0m

      at Object.<anonymous> (src/services/issue.service.test.ts:280:24)

Test Suites: 1 failed, 1 total
Tests:       1 failed, 8 passed, 9 total
Snapshots:   0 total
Time:        2.144 s
Ran all test suites matching src/services/issue.service.test.ts.
