
> aapr-server@1.0.0 test
> jest src/services/issue.service.test.ts

node.exe : FAIL src/services/issue.service.test.ts
Au caractère C:\Users\nmatton\AppData\Roaming\npm\npm.ps1:24 : 5
+     & "node$exe"  "$basedir/node_modules/npm/bin/npm-cli.js" $args
+     ~~~~~~~~~~~~~~~~~~~~~~~~~~~~~~~~~~~~~~~~~~~~~~~~~~~~~~~~~~~~~~
    + CategoryInfo          : NotSpecified: (FAIL src/services/issue.ser 
   vice.test.ts:String) [], RemoteException
    + FullyQualifiedErrorId : NativeCommandError
 
  ÔùÅ Test suite failed to run

    [96msrc/services/issue.service.test.ts[0m:[93m48[0m:[93m69[0m 
- [91merror[0m[90m TS2345: [0mArgument of type '{ id: number; }' is 
not assignable to parameter of type 'never'.

    [7m48[0m             (prisma.team.findUnique as 
jest.Mock).mockResolvedValue({ id: 1 });
    [7m  [0m [91m                                                     
               ~~~~~~~~~[0m
    [96msrc/services/issue.service.test.ts[0m:[93m49[0m:[93m76[0m 
- [91merror[0m[90m TS2345: [0mArgument of type '{ id: number; }' is 
not assignable to parameter of type 'never'.

    [7m49[0m             (prisma.teamPractice.findFirst as 
jest.Mock).mockResolvedValue({ id: 1 }); // Practice linked to team
    [7m  [0m [91m                                                     
                      ~~~~~~~~~[0m
    [96msrc/services/issue.service.test.ts[0m:[93m50[0m:[93m66[0m 
- [91merror[0m[90m TS2345: [0mArgument of type '{ status: string; 
createdAt: Date; updatedAt: Date; version: number; title: string; 
description: string; priority: "LOW" | "MEDIUM" | "HIGH"; teamId: 
number; createdBy: number; practiceIds?: number[]; id: number; }' is not 
assignable to parameter of type 'never'.

    [7m 50[0m             (prisma.issue.create as 
jest.Mock).mockResolvedValue({
    [7m   [0m [91m                                                    
             ~[0m
    [7m 51[0m                 id: 1,
    [7m   [0m [91m~~~~~~~~~~~~~~~~~~~~~~[0m
    [7m...[0m 
    [7m 56[0m                 version: 1,
    [7m   [0m [91m~~~~~~~~~~~~~~~~~~~~~~~~~~~[0m
    [7m 57[0m             });
    [7m   [0m [91m~~~~~~~~~~~~~[0m
    [96msrc/services/issue.service.test.ts[0m:[93m97[0m:[93m76[0m 
- [91merror[0m[90m TS2345: [0mArgument of type 'null' is not 
assignable to parameter of type 'never'.

    [7m97[0m             (prisma.teamPractice.findFirst as 
jest.Mock).mockResolvedValue(null); // Practice NOT linked to team
    [7m  [0m [91m                                                     
                      ~~~~[0m

Test Suites: 1 failed, 1 total
Tests:       0 total
Snapshots:   0 total
Time:        5.573 s
Ran all test suites matching src/services/issue.service.test.ts.
